Archive member included to satisfy reference by file (symbol)

f:/plain/gcc-arm-none-eabi-5_4-2016q3-20160926-win32/bin/../lib/gcc/arm-none-eabi/5.4.1/../../../../arm-none-eabi/lib/armv7e-m\libstdc++.a(eh_call.o)
                              ..\obj\retarget.o (__cxa_call_unexpected)
f:/plain/gcc-arm-none-eabi-5_4-2016q3-20160926-win32/bin/../lib/gcc/arm-none-eabi/5.4.1/../../../../arm-none-eabi/lib/armv7e-m\libstdc++.a(atexit_arm.o)
                              ..\obj\main.o (__aeabi_atexit)
f:/plain/gcc-arm-none-eabi-5_4-2016q3-20160926-win32/bin/../lib/gcc/arm-none-eabi/5.4.1/../../../../arm-none-eabi/lib/armv7e-m\libstdc++.a(eh_catch.o)
                              f:/plain/gcc-arm-none-eabi-5_4-2016q3-20160926-win32/bin/../lib/gcc/arm-none-eabi/5.4.1/../../../../arm-none-eabi/lib/armv7e-m\libstdc++.a(eh_call.o) (__cxa_begin_catch)
f:/plain/gcc-arm-none-eabi-5_4-2016q3-20160926-win32/bin/../lib/gcc/arm-none-eabi/5.4.1/../../../../arm-none-eabi/lib/armv7e-m\libstdc++.a(si_class_type_info.o)
                              ..\obj\Timeout.o (vtable for __cxxabiv1::__si_class_type_info)
f:/plain/gcc-arm-none-eabi-5_4-2016q3-20160926-win32/bin/../lib/gcc/arm-none-eabi/5.4.1/../../../../arm-none-eabi/lib/armv7e-m\libstdc++.a(eh_throw.o)
                              f:/plain/gcc-arm-none-eabi-5_4-2016q3-20160926-win32/bin/../lib/gcc/arm-none-eabi/5.4.1/../../../../arm-none-eabi/lib/armv7e-m\libstdc++.a(eh_call.o) (__cxa_throw)
f:/plain/gcc-arm-none-eabi-5_4-2016q3-20160926-win32/bin/../lib/gcc/arm-none-eabi/5.4.1/../../../../arm-none-eabi/lib/armv7e-m\libstdc++.a(eh_personality.o)
                              ..\obj\BusInOut.o (__gxx_personality_v0)
f:/plain/gcc-arm-none-eabi-5_4-2016q3-20160926-win32/bin/../lib/gcc/arm-none-eabi/5.4.1/../../../../arm-none-eabi/lib/armv7e-m\libstdc++.a(vmi_class_type_info.o)
                              ..\obj\FileLike.o (vtable for __cxxabiv1::__vmi_class_type_info)
f:/plain/gcc-arm-none-eabi-5_4-2016q3-20160926-win32/bin/../lib/gcc/arm-none-eabi/5.4.1/../../../../arm-none-eabi/lib/armv7e-m\libstdc++.a(eh_globals.o)
                              f:/plain/gcc-arm-none-eabi-5_4-2016q3-20160926-win32/bin/../lib/gcc/arm-none-eabi/5.4.1/../../../../arm-none-eabi/lib/armv7e-m\libstdc++.a(eh_call.o) (__cxa_get_globals_fast)
f:/plain/gcc-arm-none-eabi-5_4-2016q3-20160926-win32/bin/../lib/gcc/arm-none-eabi/5.4.1/../../../../arm-none-eabi/lib/armv7e-m\libstdc++.a(bad_alloc.o)
                              ..\obj\retarget.o (typeinfo for std::bad_alloc)
f:/plain/gcc-arm-none-eabi-5_4-2016q3-20160926-win32/bin/../lib/gcc/arm-none-eabi/5.4.1/../../../../arm-none-eabi/lib/armv7e-m\libstdc++.a(eh_exception.o)
                              f:/plain/gcc-arm-none-eabi-5_4-2016q3-20160926-win32/bin/../lib/gcc/arm-none-eabi/5.4.1/../../../../arm-none-eabi/lib/armv7e-m\libstdc++.a(bad_alloc.o) (std::exception::~exception())
f:/plain/gcc-arm-none-eabi-5_4-2016q3-20160926-win32/bin/../lib/gcc/arm-none-eabi/5.4.1/../../../../arm-none-eabi/lib/armv7e-m\libstdc++.a(eh_terminate.o)
                              f:/plain/gcc-arm-none-eabi-5_4-2016q3-20160926-win32/bin/../lib/gcc/arm-none-eabi/5.4.1/../../../../arm-none-eabi/lib/armv7e-m\libstdc++.a(eh_call.o) (__cxxabiv1::__terminate(void (*)()))
f:/plain/gcc-arm-none-eabi-5_4-2016q3-20160926-win32/bin/../lib/gcc/arm-none-eabi/5.4.1/../../../../arm-none-eabi/lib/armv7e-m\libstdc++.a(tinfo.o)
                              f:/plain/gcc-arm-none-eabi-5_4-2016q3-20160926-win32/bin/../lib/gcc/arm-none-eabi/5.4.1/../../../../arm-none-eabi/lib/armv7e-m\libstdc++.a(si_class_type_info.o) (std::type_info::__is_function_p() const)
f:/plain/gcc-arm-none-eabi-5_4-2016q3-20160926-win32/bin/../lib/gcc/arm-none-eabi/5.4.1/../../../../arm-none-eabi/lib/armv7e-m\libstdc++.a(eh_alloc.o)
                              f:/plain/gcc-arm-none-eabi-5_4-2016q3-20160926-win32/bin/../lib/gcc/arm-none-eabi/5.4.1/../../../../arm-none-eabi/lib/armv7e-m\libstdc++.a(eh_call.o) (__cxa_allocate_exception)
f:/plain/gcc-arm-none-eabi-5_4-2016q3-20160926-win32/bin/../lib/gcc/arm-none-eabi/5.4.1/../../../../arm-none-eabi/lib/armv7e-m\libstdc++.a(eh_arm.o)
                              ..\obj\BusInOut.o (__cxa_end_cleanup)
f:/plain/gcc-arm-none-eabi-5_4-2016q3-20160926-win32/bin/../lib/gcc/arm-none-eabi/5.4.1/../../../../arm-none-eabi/lib/armv7e-m\libstdc++.a(class_type_info.o)
                              f:/plain/gcc-arm-none-eabi-5_4-2016q3-20160926-win32/bin/../lib/gcc/arm-none-eabi/5.4.1/../../../../arm-none-eabi/lib/armv7e-m\libstdc++.a(si_class_type_info.o) (__cxxabiv1::__class_type_info::__do_upcast(__cxxabiv1::__class_type_info const*, void**) const)
f:/plain/gcc-arm-none-eabi-5_4-2016q3-20160926-win32/bin/../lib/gcc/arm-none-eabi/5.4.1/../../../../arm-none-eabi/lib/armv7e-m\libstdc++.a(pure.o)
                              ..\obj\TimerEvent.o (__cxa_pure_virtual)
[...]
Memory Configuration

Name             Origin             Length             Attributes
FLASH            0x08000000         0x00080000         xr
RAM              0x200001c4         0x0001fe3c         xrw
*default*        0x00000000         0xffffffff

Linker script and memory map

LOAD f:/plain/gcc-arm-none-eabi-5_4-2016q3-20160926-win32/bin/../lib/gcc/arm-none-eabi/5.4.1/armv7e-m/crti.o
LOAD f:/plain/gcc-arm-none-eabi-5_4-2016q3-20160926-win32/bin/../lib/gcc/arm-none-eabi/5.4.1/armv7e-m/crtbegin.o
LOAD f:/plain/gcc-arm-none-eabi-5_4-2016q3-20160926-win32/bin/../lib/gcc/arm-none-eabi/5.4.1/../../../../arm-none-eabi/lib/armv7e-m/crt0.o

.text           0x08000000    0x2d044
 *(.isr_vector)
 .isr_vector    0x08000000      0x1c4 ..\obj\startup_stm32f446xx.o
                0x08000000                g_pfnVectors
 *(.text*)
 .text          0x080001c4       0x5c f:/plain/gcc-arm-none-eabi-5_4-2016q3-20160926-win32/bin/../lib/gcc/arm-none-eabi/5.4.1/armv7e-m/crtbegin.o
 .text          0x08000220       0x74 f:/plain/gcc-arm-none-eabi-5_4-2016q3-20160926-win32/bin/../lib/gcc/arm-none-eabi/5.4.1/../../../../arm-none-eabi/lib/armv7e-m/crt0.o
                0x08000220                _start
                0x08000220                _mainCRTStartup
 .text          0x08000294      0x144 ..\obj\TimerEvent.o
                0x08000294                mbed::TimerEvent::TimerEvent()
                0x08000294                mbed::TimerEvent::TimerEvent()
                0x080002dc                mbed::TimerEvent::TimerEvent(ticker_data_t const*)
                0x080002dc                mbed::TimerEvent::TimerEvent(ticker_data_t const*)
                0x08000324                mbed::TimerEvent::irq(unsigned long)
                0x08000344                mbed::TimerEvent::~TimerEvent()
                0x08000344                mbed::TimerEvent::~TimerEvent()
                0x08000374                mbed::TimerEvent::~TimerEvent()
                0x08000394                mbed::TimerEvent::insert(unsigned long)
                0x080003b8                mbed::TimerEvent::remove()
 .text._ZN13PlatformMutexC2Ev
                0x080003d8       0x14 ..\obj\BusInOut.o
                0x080003d8                PlatformMutex::PlatformMutex()
                0x080003d8                PlatformMutex::PlatformMutex()
 .text._ZN13PlatformMutexD2Ev
                0x080003ec       0x14 ..\obj\BusInOut.o
                0x080003ec                PlatformMutex::~PlatformMutex()
                0x080003ec                PlatformMutex::~PlatformMutex()
 .text._ZN13PlatformMutex4lockEv
                0x08000400       0x14 ..\obj\BusInOut.o
                0x08000400                PlatformMutex::lock()
 .text._ZN13PlatformMutex6unlockEv
                0x08000414       0x14 ..\obj\BusInOut.o
                0x08000414                PlatformMutex::unlock()
 .text          0x08000428      0x204 ..\obj\mbed_ticker_api.o
                0x08000428                ticker_set_handler
                0x0800044c                ticker_irq_handler
                0x080004d0                ticker_insert_event
                0x08000550                ticker_remove_event
                0x080005d4                ticker_read
                0x080005f0                ticker_get_next_timestamp
 .text          0x0800062c      0x318 ..\obj\pinmap.o
                0x0800062c                Set_GPIO_Clock
                0x080007b4                pin_function
                0x08000850                pin_mode
                0x080008dc                pin_function_gpiomode
 .text          0x08000944      0x260 ..\obj\FileBase.o
                0x0800095c                mbed::FileBase::FileBase(char const*, mbed::PathType)
                0x0800095c                mbed::FileBase::FileBase(char const*, mbed::PathType)
                0x080009d0                mbed::FileBase::~FileBase()
                0x080009d0                mbed::FileBase::~FileBase()
                0x08000a58                mbed::FileBase::~FileBase()
                0x08000a78                mbed::FileBase::lookup(char const*, unsigned int)
                0x08000b04                mbed::FileBase::get(int)
                0x08000b74                mbed::FileBase::getName()
                0x08000b8c                mbed::FileBase::getPathType()
 .text._ZnwjPv  0x08000ba4       0x18 ..\obj\FileBase.o
                0x08000ba4                operator new(unsigned int, void*)
 .text._ZN12SingletonPtrI13PlatformMutexEptEv
                0x08000bbc       0x18 ..\obj\FileBase.o
                0x08000bbc                SingletonPtr<PlatformMutex>::operator->()
 .text._ZN12SingletonPtrI13PlatformMutexE3getEv
                0x08000bd4       0x6c ..\obj\FileBase.o
                0x08000bd4                SingletonPtr<PlatformMutex>::get()
 .text          0x08000c40      0x1d0 ..\obj\mbed_pinmap_common.o
                0x08000c40                pinmap_pinout
                0x08000cac                pinmap_merge
                0x08000cf0                pinmap_find_peripheral
                0x08000d34                pinmap_peripheral
                0x08000d80                pinmap_find_function
                0x08000dc4                pinmap_function
 .text          0x08000e10      0x180 ..\obj\FilePath.o
                0x08000e10                mbed::FilePath::FilePath(char const*)
                0x08000e10                mbed::FilePath::FilePath(char const*)
                0x08000e98                mbed::FilePath::fileName()
                0x08000eb0                mbed::FilePath::isFileSystem()
                0x08000ee4                mbed::FilePath::fileSystem()
                0x08000f08                mbed::FilePath::isFile()
                0x08000f3c                mbed::FilePath::file()
                0x08000f70                mbed::FilePath::exists()
 .text          0x08000f90      0xa08 ..\obj\retarget.o
                0x08000fa8                mbed::FileHandle::~FileHandle()
                0x08000fa8                mbed::FileHandle::~FileHandle()
                0x08001020                mbed::FileHandle::~FileHandle()
                0x08001088                _open
                0x08001238                _close
                0x08001288                _write
                0x08001314                _read
                0x0800138c                _isatty
                0x080013d0                _lseek
                0x0800141c                _fstat
                0x0800145c                remove
                0x080014b0                rename
                0x08001534                tmpnam
                0x08001548                tmpfile
                0x08001558                opendir
                0x080015c4                readdir
                0x080015e4                closedir
                0x08001600                rewinddir
                0x0800161c                telldir
                0x0800163c                seekdir
                0x0800165c                mkdir
                0x080016b4                mbed_main
                0x080016c0                exit
                0x080016d4                mbed::mbed_set_unbuffered_stream(__sFILE*)
                0x080016ec                mbed::mbed_getc(__sFILE*)
                0x08001704                mbed::mbed_gets(char*, int, __sFILE*)
                0x08001724                __rtos_malloc_lock
                0x08001738                __rtos_malloc_unlock
                0x0800174c                __rtos_env_lock
                0x08001760                __rtos_env_unlock
                0x08001774                __malloc_lock
                0x0800178c                __malloc_unlock
                0x080017a4                __env_lock
                0x080017bc                __env_unlock
                0x080017d4                __cxa_guard_acquire
                0x08001840                __cxa_guard_release
                0x08001890                __cxa_guard_abort
                0x080018d8                operator new(unsigned int)
                0x0800191c                operator new[](unsigned int)
                0x08001960                operator delete(void*)
                0x0800197c                operator delete[](void*)
 .text._ZN4mbed10FileHandle4flenEv
                0x08001998       0x7c ..\obj\retarget.o
                0x08001998                mbed::FileHandle::flen()
 .text._ZN4mbed10FileHandle4lockEv
                0x08001a14       0x14 ..\obj\retarget.o
                0x08001a14                mbed::FileHandle::lock()
 .text._ZN4mbed10FileHandle6unlockEv
                0x08001a28       0x14 ..\obj\retarget.o
                0x08001a28                mbed::FileHandle::unlock()
 .text          0x08001a3c      0x4ac ..\obj\stm32f4xx_hal_pwr_ex.o
                0x08001a3c                HAL_PWREx_EnableBkUpReg
                0x08001aa4                HAL_PWREx_DisableBkUpReg
                0x08001b0c                HAL_PWREx_EnableFlashPowerDown
                0x08001b40                HAL_PWREx_DisableFlashPowerDown
                0x08001b74                HAL_PWREx_GetVoltageRange
                0x08001b8c                HAL_PWREx_ControlVoltageScaling
                0x08001c7c                HAL_PWREx_EnableOverDrive
                0x08001d4c                HAL_PWREx_DisableOverDrive
                0x08001e1c                HAL_PWREx_EnterUnderDriveSTOPMode
 .text          0x08001ee8       0x28 ..\obj\mbed_us_ticker_api.o
                0x08001ee8                get_us_ticker_data
                0x08001efc                us_ticker_irq_handler
 .text          0x08001f10       0xf4 ..\obj\stm32f4xx_hal_i2c_ex.o
                0x08001f10                HAL_I2CEx_ConfigAnalogFilter
                0x08001f88                HAL_I2CEx_ConfigDigitalFilter
 .text          0x08002004     0x4938 ..\obj\stm32f4xx_hal_i2c.o
                0x08002004                HAL_I2C_Init
                0x080021c4                HAL_I2C_DeInit
                0x0800224c                HAL_I2C_Master_Transmit
                0x08002400                HAL_I2C_Master_Receive
                0x08002760                HAL_I2C_Slave_Transmit
                0x0800294c                HAL_I2C_Slave_Receive
                0x08002b28                HAL_I2C_Master_Transmit_IT
                0x08002c38                HAL_I2C_Master_Receive_IT
                0x08002d58                HAL_I2C_Master_Sequential_Transmit_IT
                0x08002eac                HAL_I2C_Master_Sequential_Receive_IT
                0x08003028                HAL_I2C_Slave_Transmit_IT
                0x0800313c                HAL_I2C_Slave_Receive_IT
                0x08003250                HAL_I2C_Slave_Sequential_Transmit_IT
                0x08003310                HAL_I2C_Slave_Sequential_Receive_IT
                0x080033d0                HAL_I2C_EnableListen_IT
                0x0800341c                HAL_I2C_DisableListen_IT
                0x08003490                HAL_I2C_Master_Transmit_DMA
                0x080036a0                HAL_I2C_Master_Receive_DMA
                0x080038e0                HAL_I2C_Master_Abort_IT
                0x08003984                HAL_I2C_Slave_Transmit_DMA
                0x08003be4                HAL_I2C_Slave_Receive_DMA
                0x08003dc4                HAL_I2C_Mem_Write
                0x08003f70                HAL_I2C_Mem_Read
                0x080042d0                HAL_I2C_Mem_Write_IT
                0x080043f8                HAL_I2C_Mem_Read_IT
                0x08004538                HAL_I2C_Mem_Write_DMA
                0x08004738                HAL_I2C_Mem_Read_DMA
                0x08004994                HAL_I2C_IsDeviceReady
                0x08004bd0                HAL_I2C_EV_IRQHandler
                0x08004dd8                HAL_I2C_ER_IRQHandler
                0x08004f48                HAL_I2C_SlaveTxCpltCallback
                0x08004f5c                HAL_I2C_SlaveRxCpltCallback
                0x08004f70                HAL_I2C_AddrCallback
                0x08004f8c                HAL_I2C_ListenCpltCallback
                0x08004fa0                HAL_I2C_MemTxCpltCallback
                0x08004fb4                HAL_I2C_MemRxCpltCallback
                0x08004fdc                HAL_I2C_AbortCpltCallback
                0x08004ff0                HAL_I2C_GetState
                0x0800500c                HAL_I2C_GetMode
                0x08005028                HAL_I2C_GetError
 .text          0x0800693c       0x1c ..\obj\Timeout.o
                0x0800693c                mbed::Timeout::handler()
 .text._ZN4mbed6TickerD2Ev
                0x08006958       0x5c ..\obj\Timeout.o
                0x08006958                mbed::Ticker::~Ticker()
                0x08006958                mbed::Ticker::~Ticker()
 .text._ZN4mbed6TickerD0Ev
                0x080069b4       0x20 ..\obj\Timeout.o
                0x080069b4                mbed::Ticker::~Ticker()
 .text._ZN4mbed8CallbackIFvvEED2Ev
                0x080069d4       0x24 ..\obj\Timeout.o
                0x080069d4                mbed::Callback<void ()>::~Callback()
                0x080069d4                mbed::Callback<void ()>::~Callback()
 .text._ZNK4mbed8CallbackIFvvEE4callEv
                0x080069f8       0x34 ..\obj\Timeout.o
                0x080069f8                mbed::Callback<void ()>::call() const
 .text._ZN4mbed7TimeoutD2Ev
                0x08006a2c       0x30 ..\obj\Timeout.o
                0x08006a2c                mbed::Timeout::~Timeout()
                0x08006a2c                mbed::Timeout::~Timeout()
 .text._ZN4mbed7TimeoutD0Ev
                0x08006a5c       0x20 ..\obj\Timeout.o
                0x08006a5c                mbed::Timeout::~Timeout()
 .text          0x08006a7c      0x1d0 ..\obj\rebanila.o
                0x08006afc                Rebanila::Rebanila()
                0x08006afc                Rebanila::Rebanila()
                0x08006bb0                Rebanila::out_interrupt()
 .text._ZN4mbed10DigitalOutC2E7PinName
                0x08006c4c       0x34 ..\obj\rebanila.o
                0x08006c4c                mbed::DigitalOut::DigitalOut(PinName)
                0x08006c4c                mbed::DigitalOut::DigitalOut(PinName)
 .text._ZN4mbed10DigitalOut5writeEi
                0x08006c80       0x1c ..\obj\rebanila.o
                0x08006c80                mbed::DigitalOut::write(int)
 .text._ZN4mbed10DigitalOutaSEi
                0x08006c9c       0x1c ..\obj\rebanila.o
                0x08006c9c                mbed::DigitalOut::operator=(int)
 .text          0x08006cb8     0x3e78 ..\obj\stm32f4xx_hal_tim.o
                0x08006cb8                HAL_TIM_Base_Init
                0x08006d10                HAL_TIM_Base_DeInit
                0x08006d70                HAL_TIM_Base_MspInit
                0x08006d84                HAL_TIM_Base_MspDeInit
                0x08006d98                HAL_TIM_Base_Start
                0x08006dcc                HAL_TIM_Base_Stop
                0x08006e20                HAL_TIM_Base_Start_IT
                0x08006e54                HAL_TIM_Base_Stop_IT
                0x08006ea8                HAL_TIM_Base_Start_DMA
                0x08006f40                HAL_TIM_Base_Stop_DMA
                0x08006f9c                HAL_TIM_OC_Init
                0x08006ff4                HAL_TIM_OC_DeInit
                0x08007054                HAL_TIM_OC_MspInit
                0x08007068                HAL_TIM_OC_MspDeInit
                0x0800707c                HAL_TIM_OC_Start
                0x080070e4                HAL_TIM_OC_Stop
                0x0800718c                HAL_TIM_OC_Start_IT
                0x08007280                HAL_TIM_OC_Stop_IT
                0x080073b4                HAL_TIM_OC_Start_DMA
                0x08007578                HAL_TIM_OC_Stop_DMA
                0x080076b4                HAL_TIM_PWM_Init
                0x0800770c                HAL_TIM_PWM_DeInit
                0x08007794                HAL_TIM_PWM_Start
                0x080077fc                HAL_TIM_PWM_Stop
                0x080078ac                HAL_TIM_PWM_Start_IT
                0x080079a0                HAL_TIM_PWM_Stop_IT
                0x08007ad4                HAL_TIM_PWM_Start_DMA
                0x08007c98                HAL_TIM_PWM_Stop_DMA
                0x08007dd4                HAL_TIM_IC_Init
                0x08007e2c                HAL_TIM_IC_DeInit
                0x08007e8c                HAL_TIM_IC_MspInit
                0x08007ea0                HAL_TIM_IC_MspDeInit
                0x08007eb4                HAL_TIM_IC_Start
                0x08007ee8                HAL_TIM_IC_Stop
                0x08007f3c                HAL_TIM_IC_Start_IT
                0x08007ffc                HAL_TIM_IC_Stop_IT
                0x080080dc                HAL_TIM_IC_Start_DMA
                0x0800826c                HAL_TIM_IC_Stop_DMA
                0x08008354                HAL_TIM_OnePulse_Init
                0x080083cc                HAL_TIM_OnePulse_DeInit
                0x0800842c                HAL_TIM_OnePulse_MspInit
                0x08008440                HAL_TIM_OnePulse_MspDeInit
                0x08008454                HAL_TIM_OnePulse_Start
                0x080084bc                HAL_TIM_OnePulse_Stop
                0x08008574                HAL_TIM_OnePulse_Start_IT
                0x080085fc                HAL_TIM_OnePulse_Stop_IT
                0x080086d4                HAL_TIM_Encoder_Init
                0x08008800                HAL_TIM_Encoder_DeInit
                0x08008860                HAL_TIM_Encoder_MspInit
                0x08008874                HAL_TIM_Encoder_MspDeInit
                0x08008888                HAL_TIM_Encoder_Start
                0x080088f8                HAL_TIM_Encoder_Stop
                0x08008988                HAL_TIM_Encoder_Start_IT
                0x08008a38                HAL_TIM_Encoder_Stop_IT
                0x08008b0c                HAL_TIM_Encoder_Start_DMA
                0x08008cb4                HAL_TIM_Encoder_Stop_DMA
                0x08008d88                HAL_TIM_IRQHandler
                0x08008f98                HAL_TIM_OC_ConfigChannel
                0x08009058                HAL_TIM_IC_ConfigChannel
                0x08009190                HAL_TIM_PWM_ConfigChannel
                0x0800931c                HAL_TIM_OnePulse_ConfigChannel
                0x0800949c                HAL_TIM_DMABurst_WriteStart
                0x08009680                HAL_TIM_DMABurst_WriteStop
                0x08009730                HAL_TIM_DMABurst_ReadStart
                0x08009914                HAL_TIM_DMABurst_ReadStop
                0x080099c4                HAL_TIM_GenerateEvent
                0x08009a10                HAL_TIM_ConfigOCrefClear
                0x08009b64                HAL_TIM_ConfigClockSource
                0x08009d1c                HAL_TIM_ConfigTI1Input
                0x08009d58                HAL_TIM_SlaveConfigSynchronization
                0x08009dc4                HAL_TIM_SlaveConfigSynchronization_IT
                0x08009e30                HAL_TIM_ReadCapturedValue
                0x08009ed4                HAL_TIM_PeriodElapsedCallback
                0x08009ee8                HAL_TIM_OC_DelayElapsedCallback
                0x08009efc                HAL_TIM_IC_CaptureCallback
                0x08009f10                HAL_TIM_PWM_PulseFinishedCallback
                0x08009f24                HAL_TIM_TriggerCallback
                0x08009f38                HAL_TIM_ErrorCallback
                0x08009f4c                HAL_TIM_Base_GetState
                0x08009f68                HAL_TIM_OC_GetState
                0x08009f84                HAL_TIM_PWM_GetState
                0x08009fa0                HAL_TIM_IC_GetState
                0x08009fbc                HAL_TIM_OnePulse_GetState
                0x08009fd8                HAL_TIM_Encoder_GetState
                0x08009ff4                TIM_Base_SetConfig
                0x0800a144                TIM_TI1_SetConfig
                0x0800a238                TIM_OC2_SetConfig
                0x0800a328                TIM_DMADelayPulseCplt
                0x0800a398                TIM_DMAError
                0x0800a3bc                TIM_DMACaptureCplt
                0x0800a42c                TIM_CCxChannelCmd
 .text          0x0800ab30       0xbc ..\obj\mbed_board.o
                0x0800ab30                mbed_die
                0x0800ab48                mbed_error_printf
                0x0800ab6c                mbed_error_vfprintf
 .text          0x0800abec       0x1c ..\obj\mbed_error.o
                0x0800abec                error
 .text          0x0800ac08       0x9c ..\obj\Ticker.o
                0x0800ac08                mbed::Ticker::detach()
                0x0800ac34                mbed::Ticker::setup(unsigned long)
                0x0800ac78                mbed::Ticker::handler()
 .text._ZdlPvS_
                0x0800aca4       0x14 ..\obj\Ticker.o
                0x0800aca4                operator delete(void*, void*)
 .text._ZN4mbed8CallbackIFvvEEC2EPS1_
                0x0800acb8       0x2c ..\obj\Ticker.o
                0x0800acb8                mbed::Callback<void ()>::Callback(void (*)())
                0x0800acb8                mbed::Callback<void ()>::Callback(void (*)())
 .text._ZN4mbed8CallbackIFvvEE6attachEPS1_
                0x0800ace4       0x30 ..\obj\Ticker.o
                0x0800ace4                mbed::Callback<void ()>::attach(void (*)())
 .text._ZN4mbed8CallbackIFvvEE8generateIPS1_EEvRKT_
                0x0800ad14       0x34 ..\obj\Ticker.o
                0x0800ad14                void mbed::Callback<void ()>::generate<void (*)()>(void (* const&)())
 .text._ZN4mbed8CallbackIFvvEE13function_callIPS1_EEvPKv
                0x0800ad48       0x14 ..\obj\Ticker.o
                0x0800ad48                void mbed::Callback<void ()>::function_call<void (*)()>(void const*)
 .text._ZN4mbed8CallbackIFvvEE13function_moveIPS1_EEvPvPKv
                0x0800ad5c       0x28 ..\obj\Ticker.o
                0x0800ad5c                void mbed::Callback<void ()>::function_move<void (*)()>(void*, void const*)
 .text._ZN4mbed8CallbackIFvvEE13function_dtorIPS1_EEvPv
                0x0800ad84       0x14 ..\obj\Ticker.o
                0x0800ad84                void mbed::Callback<void ()>::function_dtor<void (*)()>(void*)
 .text          0x0800ad98       0xd8 ..\obj\us_ticker_32b.o
                0x0800ad98                us_ticker_init
                0x0800adc8                us_ticker_read
                0x0800ade8                us_ticker_set_interrupt
                0x0800ae20                us_ticker_disable_interrupt
                0x0800ae4c                us_ticker_clear_interrupt
 .text          0x0800ae70      0xcd4 ..\obj\stm32f4xx_hal_dma.o
                0x0800ae70                HAL_DMA_Init
                0x0800afc4                HAL_DMA_DeInit
                0x0800b05c                HAL_DMA_Start
                0x0800b0d4                HAL_DMA_Start_IT
                0x0800b194                HAL_DMA_Abort
                0x0800b274                HAL_DMA_Abort_IT
                0x0800b2b8                HAL_DMA_PollForTransfer
                0x0800b460                HAL_DMA_IRQHandler
                0x0800b7c4                HAL_DMA_RegisterCallback
                0x0800b868                HAL_DMA_UnRegisterCallback
                0x0800b93c                HAL_DMA_GetState
                0x0800b958                HAL_DMA_GetError
 .text.Reset_Handler
                0x0800bb44       0x34 ..\obj\startup_stm32f446xx.o
                0x0800bb44                Reset_Handler
 .text.Default_Handler
                0x0800bb78        0x2 ..\obj\startup_stm32f446xx.o
                0x0800bb78                RTC_Alarm_IRQHandler
                0x0800bb78                EXTI2_IRQHandler
                0x0800bb78                TIM8_CC_IRQHandler
                0x0800bb78                DebugMon_Handler
                0x0800bb78                SPI4_IRQHandler
                0x0800bb78                TIM1_CC_IRQHandler
                0x0800bb78                QuadSPI_IRQHandler
                0x0800bb78                DMA2_Stream5_IRQHandler
                0x0800bb78                HardFault_Handler
                0x0800bb78                DMA1_Stream5_IRQHandler
                0x0800bb78                PVD_IRQHandler
                0x0800bb78                SDIO_IRQHandler
                0x0800bb78                TAMP_STAMP_IRQHandler
                0x0800bb78                PendSV_Handler
                0x0800bb78                NMI_Handler
                0x0800bb78                CAN2_RX1_IRQHandler
                0x0800bb78                EXTI3_IRQHandler
                0x0800bb78                TIM8_TRG_COM_TIM14_IRQHandler
                0x0800bb78                TIM1_UP_TIM10_IRQHandler
                0x0800bb78                TIM8_UP_TIM13_IRQHandler
                0x0800bb78                I2C3_ER_IRQHandler
                0x0800bb78                FMPI2C1_Event_IRQHandler
                0x0800bb78                EXTI0_IRQHandler
                0x0800bb78                I2C2_EV_IRQHandler
                0x0800bb78                DMA1_Stream2_IRQHandler
                0x0800bb78                CAN1_RX0_IRQHandler
                0x0800bb78                FPU_IRQHandler
                0x0800bb78                OTG_HS_WKUP_IRQHandler
                0x0800bb78                UsageFault_Handler
                0x0800bb78                CAN2_SCE_IRQHandler
                0x0800bb78                DMA2_Stream2_IRQHandler
                0x0800bb78                SPI1_IRQHandler
                0x0800bb78                TIM6_DAC_IRQHandler
                0x0800bb78                TIM1_BRK_TIM9_IRQHandler
                0x0800bb78                DCMI_IRQHandler
                0x0800bb78                CAN2_RX0_IRQHandler
                0x0800bb78                DMA2_Stream3_IRQHandler
                0x0800bb78                SAI2_IRQHandler
                0x0800bb78                USART6_IRQHandler
                0x0800bb78                USART3_IRQHandler
                0x0800bb78                CAN1_RX1_IRQHandler
                0x0800bb78                UART5_IRQHandler
                0x0800bb78                DMA2_Stream0_IRQHandler
                0x0800bb78                TIM4_IRQHandler
                0x0800bb78                I2C1_EV_IRQHandler
                0x0800bb78                DMA1_Stream6_IRQHandler
                0x0800bb78                DMA1_Stream1_IRQHandler
                0x0800bb78                UART4_IRQHandler
                0x0800bb78                TIM3_IRQHandler
                0x0800bb78                RCC_IRQHandler
                0x0800bb78                TIM8_BRK_TIM12_IRQHandler
                0x0800bb78                Default_Handler
                0x0800bb78                CEC_IRQHandler
                0x0800bb78                EXTI15_10_IRQHandler
                0x0800bb78                ADC_IRQHandler
                0x0800bb78                DMA1_Stream7_IRQHandler
                0x0800bb78                TIM7_IRQHandler
                0x0800bb78                CAN2_TX_IRQHandler
                0x0800bb78                TIM5_IRQHandler
                0x0800bb78                DMA2_Stream7_IRQHandler
                0x0800bb78                I2C3_EV_IRQHandler
                0x0800bb78                EXTI9_5_IRQHandler
                0x0800bb78                RTC_WKUP_IRQHandler
                0x0800bb78                SPDIF_RX_IRQHandler
                0x0800bb78                SPI2_IRQHandler
                0x0800bb78                OTG_HS_EP1_IN_IRQHandler
                0x0800bb78                MemManage_Handler
                0x0800bb78                DMA1_Stream0_IRQHandler
                0x0800bb78                CAN1_TX_IRQHandler
                0x0800bb78                SVC_Handler
                0x0800bb78                EXTI4_IRQHandler
                0x0800bb78                OTG_HS_EP1_OUT_IRQHandler
                0x0800bb78                WWDG_IRQHandler
                0x0800bb78                TIM2_IRQHandler
                0x0800bb78                OTG_FS_WKUP_IRQHandler
                0x0800bb78                TIM1_TRG_COM_TIM11_IRQHandler
                0x0800bb78                OTG_HS_IRQHandler
                0x0800bb78                EXTI1_IRQHandler
                0x0800bb78                USART2_IRQHandler
                0x0800bb78                I2C2_ER_IRQHandler
                0x0800bb78                DMA2_Stream1_IRQHandler
                0x0800bb78                CAN1_SCE_IRQHandler
                0x0800bb78                FLASH_IRQHandler
                0x0800bb78                DMA2_Stream4_IRQHandler
                0x0800bb78                BusFault_Handler
                0x0800bb78                USART1_IRQHandler
                0x0800bb78                OTG_FS_IRQHandler
                0x0800bb78                SPI3_IRQHandler
                0x0800bb78                DMA1_Stream4_IRQHandler
                0x0800bb78                I2C1_ER_IRQHandler
                0x0800bb78                FMC_IRQHandler
                0x0800bb78                DMA2_Stream6_IRQHandler
                0x0800bb78                SAI1_IRQHandler
                0x0800bb78                DMA1_Stream3_IRQHandler
                0x0800bb78                FMPI2C1_Error_IRQHandler
 *fill*         0x0800bb7a        0x2 
 .text          0x0800bb7c      0xbbc ..\obj\i2c_api.o
                0x0800bc90                i2c_ev_err_enable
                0x0800bd00                i2c_ev_err_disable
                0x0800bd38                i2c_get_irq_handler
                0x0800bdbc                i2c_hw_reset
                0x0800beb4                i2c_init
                0x0800c130                i2c_frequency
                0x0800c1c8                get_i2c_obj
                0x0800c1e8                i2c_start
                0x0800c268                i2c_stop
                0x0800c2b4                i2c_byte_read
                0x0800c328                i2c_byte_write
                0x0800c3b8                i2c_reset
                0x0800c3e8                i2c_read
                0x0800c550                i2c_write
                0x0800c6b8                HAL_I2C_MasterTxCpltCallback
                0x0800c6dc                HAL_I2C_MasterRxCpltCallback
                0x0800c700                HAL_I2C_ErrorCallback
 .text          0x0800c738      0x3ac ..\obj\system_stm32f4xx.o
                0x0800c738                SystemInit
                0x0800c7bc                SystemCoreClockUpdate
                0x0800c8b4                SetSysClock
                0x0800c8e0                SetSysClock_PLL_HSE
                0x0800ca18                SetSysClock_PLL_HSI
 .text          0x0800cae4     0x17a4 ..\obj\stm32f4xx_hal_rcc_ex.o
                0x0800cae4                HAL_RCC_DeInit
                0x0800cb68                HAL_RCCEx_PeriphCLKConfig
                0x0800d60c                HAL_RCCEx_GetPeriphCLKConfig
                0x0800d87c                HAL_RCCEx_GetPeriphCLKFreq
                0x0800da6c                HAL_RCC_OscConfig
                0x0800dee8                HAL_RCC_GetOscConfig
                0x0800e078                HAL_RCCEx_SelectLSEMode
                0x0800e0b0                HAL_RCC_GetSysClockFreq
 .text          0x0800e288      0x4d0 ..\obj\Stream.o
                0x0800e288                mbed::Stream::Stream(char const*)
                0x0800e288                mbed::Stream::Stream(char const*)
                0x0800e300                mbed::Stream::~Stream()
                0x0800e300                mbed::Stream::~Stream()
                0x0800e354                non-virtual thunk to mbed::Stream::~Stream()
                0x0800e35c                mbed::Stream::~Stream()
                0x0800e37c                non-virtual thunk to mbed::Stream::~Stream()
                0x0800e384                mbed::Stream::putc(int)
                0x0800e3d0                mbed::Stream::puts(char const*)
                0x0800e41c                mbed::Stream::getc()
                0x0800e464                mbed::Stream::gets(char*, int)
                0x0800e4b4                mbed::Stream::close()
                0x0800e4c8                mbed::Stream::write(void const*, unsigned int)
                0x0800e540                mbed::Stream::read(void*, unsigned int)
                0x0800e5b4                mbed::Stream::lseek(long, int)
                0x0800e5cc                mbed::Stream::isatty()
                0x0800e5e0                mbed::Stream::fsync()
                0x0800e5f4                mbed::Stream::flen()
                0x0800e608                mbed::Stream::printf(char const*, ...)
                0x0800e660                mbed::Stream::scanf(char const*, ...)
                0x0800e6b8                mbed::Stream::vprintf(char const*, std::__va_list)
                0x0800e708                mbed::Stream::vscanf(char const*, std::__va_list)
 .text          0x0800e758       0x74 ..\obj\mbed_wait_api_no_rtos.o
                0x0800e758                wait
                0x0800e784                wait_ms
                0x0800e7a4                wait_us
 .text          0x0800e7cc       0x10 ..\obj\stm32f4xx_it.o
                0x0800e7cc                SysTick_Handler
 .text          0x0800e7dc       0x98 ..\obj\FileSystemLike.o
                0x0800e7dc                mbed::FileSystemLike::FileSystemLike(char const*)
                0x0800e7dc                mbed::FileSystemLike::FileSystemLike(char const*)
                0x0800e808                mbed::FileSystemLike::~FileSystemLike()
                0x0800e808                mbed::FileSystemLike::~FileSystemLike()
                0x0800e838                mbed::FileSystemLike::~FileSystemLike()
                0x0800e858                mbed::FileSystemLike::opendir()
 .text._ZN4mbed9DirHandle7telldirEv
                0x0800e874       0x18 ..\obj\FileSystemLike.o
                0x0800e874                mbed::DirHandle::telldir()
 .text._ZN4mbed9DirHandle7seekdirEl
                0x0800e88c       0x14 ..\obj\FileSystemLike.o
                0x0800e88c                mbed::DirHandle::seekdir(long)
 .text._ZN4mbed9DirHandleD2Ev
                0x0800e8a0       0x28 ..\obj\FileSystemLike.o
                0x0800e8a0                mbed::DirHandle::~DirHandle()
                0x0800e8a0                mbed::DirHandle::~DirHandle()
 .text._ZN4mbed9DirHandleD0Ev
                0x0800e8c8       0x20 ..\obj\FileSystemLike.o
                0x0800e8c8                mbed::DirHandle::~DirHandle()
 .text._ZN4mbed9DirHandle4lockEv
                0x0800e8e8       0x14 ..\obj\FileSystemLike.o
                0x0800e8e8                mbed::DirHandle::lock()
 .text._ZN4mbed9DirHandle6unlockEv
                0x0800e8fc       0x14 ..\obj\FileSystemLike.o
                0x0800e8fc                mbed::DirHandle::unlock()
 .text._ZN4mbed14FileSystemLike6removeEPKc
                0x0800e910       0x18 ..\obj\FileSystemLike.o
                0x0800e910                mbed::FileSystemLike::remove(char const*)
 .text._ZN4mbed14FileSystemLike6renameEPKcS2_
                0x0800e928       0x1c ..\obj\FileSystemLike.o
                0x0800e928                mbed::FileSystemLike::rename(char const*, char const*)
 .text._ZN4mbed14FileSystemLike7opendirEPKc
                0x0800e944       0x18 ..\obj\FileSystemLike.o
                0x0800e944                mbed::FileSystemLike::opendir(char const*)
 .text._ZN4mbed14FileSystemLike5mkdirEPKcm
                0x0800e95c       0x1c ..\obj\FileSystemLike.o
                0x0800e95c                mbed::FileSystemLike::mkdir(char const*, unsigned long)
 .text._ZN4mbed9DirHandleC2Ev
                0x0800e978       0x20 ..\obj\FileSystemLike.o
                0x0800e978                mbed::DirHandle::DirHandle()
                0x0800e978                mbed::DirHandle::DirHandle()
 .text._ZN4mbed13BaseDirHandleC2Ev
                0x0800e998       0x48 ..\obj\FileSystemLike.o
                0x0800e998                mbed::BaseDirHandle::BaseDirHandle()
                0x0800e998                mbed::BaseDirHandle::BaseDirHandle()
 .text._ZN4mbed13BaseDirHandle8closedirEv
                0x0800e9e0       0x24 ..\obj\FileSystemLike.o
                0x0800e9e0                mbed::BaseDirHandle::closedir()
 .text._ZN4mbed13BaseDirHandle7readdirEv
                0x0800ea04       0x74 ..\obj\FileSystemLike.o
                0x0800ea04                mbed::BaseDirHandle::readdir()
 .text._ZN4mbed13BaseDirHandle7telldirEv
                0x0800ea78       0x30 ..\obj\FileSystemLike.o
                0x0800ea78                mbed::BaseDirHandle::telldir()
 .text._ZN4mbed13BaseDirHandle7seekdirEl
                0x0800eaa8       0x30 ..\obj\FileSystemLike.o
                0x0800eaa8                mbed::BaseDirHandle::seekdir(long)
 .text._ZN4mbed13BaseDirHandle9rewinddirEv
                0x0800ead8       0x30 ..\obj\FileSystemLike.o
                0x0800ead8                mbed::BaseDirHandle::rewinddir()
 .text._ZN4mbed13BaseDirHandle4lockEv
                0x0800eb08       0x1c ..\obj\FileSystemLike.o
                0x0800eb08                mbed::BaseDirHandle::lock()
 .text._ZN4mbed13BaseDirHandle6unlockEv
                0x0800eb24       0x1c ..\obj\FileSystemLike.o
                0x0800eb24                mbed::BaseDirHandle::unlock()
 .text._ZN4mbed13BaseDirHandleD2Ev
                0x0800eb40       0x3c ..\obj\FileSystemLike.o
                0x0800eb40                mbed::BaseDirHandle::~BaseDirHandle()
                0x0800eb40                mbed::BaseDirHandle::~BaseDirHandle()
 .text._ZN4mbed13BaseDirHandleD0Ev
                0x0800eb7c       0x20 ..\obj\FileSystemLike.o
                0x0800eb7c                mbed::BaseDirHandle::~BaseDirHandle()
 .text          0x0800eb9c     0x180c ..\obj\stm32f4xx_hal_uart.o
                0x0800eb9c                HAL_UART_Init
                0x0800ec38                HAL_HalfDuplex_Init
                0x0800ece4                HAL_LIN_Init
                0x0800edb0                HAL_MultiProcessor_Init
                0x0800ee90                HAL_UART_DeInit
                0x0800eed8                HAL_UART_MspInit
                0x0800eeec                HAL_UART_MspDeInit
                0x0800ef00                HAL_UART_Transmit
                0x0800f02c                HAL_UART_Receive
                0x0800f174                HAL_UART_Transmit_IT
                0x0800f1fc                HAL_UART_Receive_IT
                0x0800f2a4                HAL_UART_Transmit_DMA
                0x0800f37c                HAL_UART_Receive_DMA
                0x0800f464                HAL_UART_DMAPause
                0x0800f52c                HAL_UART_DMAResume
                0x0800f5cc                HAL_UART_DMAStop
                0x0800f684                HAL_UART_IRQHandler
                0x0800f874                HAL_UART_TxCpltCallback
                0x0800f888                HAL_UART_TxHalfCpltCallback
                0x0800f89c                HAL_UART_RxCpltCallback
                0x0800f8b0                HAL_UART_RxHalfCpltCallback
                0x0800f8c4                HAL_UART_ErrorCallback
                0x0800f8d8                HAL_LIN_SendBreak
                0x0800f92c                HAL_MultiProcessor_EnterMuteMode
                0x0800f980                HAL_MultiProcessor_ExitMuteMode
                0x0800f9d4                HAL_HalfDuplex_EnableTransmitter
                0x0800fa3c                HAL_HalfDuplex_EnableReceiver
                0x0800faa4                HAL_UART_GetState
                0x0800fae0                HAL_UART_GetError
 .text._ZN4mbed8CallbackIFvvEEC2ERKS2_
                0x080103a8       0x30 ..\obj\CallChain.o
                0x080103a8                mbed::Callback<void ()>::Callback(mbed::Callback<void ()> const&)
                0x080103a8                mbed::Callback<void ()>::Callback(mbed::Callback<void ()> const&)
 .text          0x080103d8      0x5a8 ..\obj\stm32f4xx_hal_cortex.o
                0x0801074c                HAL_NVIC_SetPriorityGrouping
                0x08010764                HAL_NVIC_SetPriority
                0x0801079c                HAL_NVIC_EnableIRQ
                0x080107b8                HAL_NVIC_DisableIRQ
                0x080107d4                HAL_NVIC_SystemReset
                0x080107e0                HAL_SYSTICK_Config
                0x080107f8                HAL_MPU_ConfigRegion
                0x0801087c                HAL_NVIC_GetPriorityGrouping
                0x0801088c                HAL_NVIC_GetPriority
                0x080108b8                HAL_NVIC_SetPendingIRQ
                0x080108d4                HAL_NVIC_GetPendingIRQ
                0x080108f4                HAL_NVIC_ClearPendingIRQ
                0x08010910                HAL_NVIC_GetActive
                0x08010930                HAL_SYSTICK_CLKSourceConfig
                0x08010968                HAL_SYSTICK_IRQHandler
                0x08010974                HAL_SYSTICK_Callback
 .text          0x08010980      0x128 ..\obj\gpio_api.o
                0x08010980                gpio_set
                0x080109c8                gpio_init
                0x08010a2c                gpio_mode
                0x08010a50                gpio_dir
 .text          0x08010aa8       0x2c ..\obj\mbed_assert.o
                0x08010aa8                mbed_assert_internal
 .text          0x08010ad4      0x35c ..\obj\SerialBase.o
                0x08010ae0                mbed::SerialBase::SerialBase(PinName, PinName, int)
                0x08010ae0                mbed::SerialBase::SerialBase(PinName, PinName, int)
                0x08010be4                mbed::SerialBase::baud(int)
                0x08010c20                mbed::SerialBase::format(int, mbed::SerialBase::Parity, int)
                0x08010c5c                mbed::SerialBase::readable()
                0x08010c94                mbed::SerialBase::writeable()
                0x08010ccc                mbed::SerialBase::attach(mbed::Callback<void ()>, mbed::SerialBase::IrqType)
                0x08010d54                mbed::SerialBase::_irq_handler(unsigned long, SerialIrq)
                0x08010d7c                mbed::SerialBase::_base_getc()
                0x08010d98                mbed::SerialBase::_base_putc(int)
                0x08010db8                mbed::SerialBase::send_break()
                0x08010e08                mbed::SerialBase::lock()
                0x08010e1c                mbed::SerialBase::unlock()
 .text._ZN4mbed10SerialBaseD2Ev
                0x08010e30       0x4c ..\obj\SerialBase.o
                0x08010e30                mbed::SerialBase::~SerialBase()
                0x08010e30                mbed::SerialBase::~SerialBase()
 .text._ZN4mbed10SerialBaseD0Ev
                0x08010e7c       0x20 ..\obj\SerialBase.o
                0x08010e7c                mbed::SerialBase::~SerialBase()
 .text._ZNK4mbed8CallbackIFvvEEcvbEv
                0x08010e9c       0x20 ..\obj\SerialBase.o
                0x08010e9c                mbed::Callback<void ()>::operator bool() const
 .text._ZN4mbed8CallbackIFvvEE6attachERKS2_
                0x08010ebc       0x40 ..\obj\SerialBase.o
                0x08010ebc                mbed::Callback<void ()>::attach(mbed::Callback<void ()> const&)
 .text          0x08010efc      0xa10 ..\obj\serial_api.o
                0x08011020                serial_init
                0x080112d4                serial_free
                0x08011424                serial_baud
                0x08011448                serial_format
                0x080115e8                serial_irq_handler
                0x0801161c                serial_irq_set
                0x08011780                serial_getc
                0x080117bc                serial_putc
                0x080117fc                serial_readable
                0x08011838                serial_writable
                0x08011874                serial_clear
                0x080118a8                serial_pinout_tx
                0x080118cc                serial_break_set
                0x080118f8                serial_break_clear
 .text          0x0801190c       0xa0 ..\obj\cmsis_nvic.o
                0x0801190c                __NVIC_SetVector
                0x08011980                __NVIC_GetVector
 .text          0x080119ac      0x220 ..\obj\initi.o
                0x080119ac                SystemClock_Config
                0x08011a94                MX_I2C1_Init
                0x08011afc                MX_GPIO_Init
                0x08011bc4                Error_Handler
 .text          0x08011bcc       0xd0 ..\obj\FileLike.o
                0x08011bcc                mbed::FileLike::FileLike(char const*)
                0x08011bcc                mbed::FileLike::FileLike(char const*)
                0x08011c18                mbed::FileLike::~FileLike()
                0x08011c18                mbed::FileLike::~FileLike()
                0x08011c6c                non-virtual thunk to mbed::FileLike::~FileLike()
                0x08011c74                mbed::FileLike::~FileLike()
                0x08011c94                non-virtual thunk to mbed::FileLike::~FileLike()
 .text._ZN4mbed10FileHandleC2Ev
                0x08011c9c       0x20 ..\obj\FileLike.o
                0x08011c9c                mbed::FileHandle::FileHandle()
                0x08011c9c                mbed::FileHandle::FileHandle()
 .text          0x08011cbc      0x1c8 ..\obj\mbed_gpio.o
                0x08011d98                gpio_init_in
                0x08011dbc                gpio_init_in_ex
                0x08011de4                gpio_init_out
                0x08011e08                gpio_init_out_ex
                0x08011e2c                gpio_init_inout
 .text          0x08011e84      0x46c ..\obj\mbed_critical.o
                0x08011e84                core_util_are_interrupts_enabled
                0x08011eac                core_util_critical_section_enter
                0x08011f3c                core_util_critical_section_exit
                0x08011fbc                core_util_atomic_cas_u8
                0x08012028                core_util_atomic_cas_u16
                0x08012088                core_util_atomic_cas_u32
                0x080120e4                core_util_atomic_incr_u8
                0x0801212c                core_util_atomic_incr_u16
                0x08012174                core_util_atomic_incr_u32
                0x080121b8                core_util_atomic_decr_u8
                0x08012200                core_util_atomic_decr_u16
                0x08012248                core_util_atomic_decr_u32
                0x0801228c                core_util_atomic_cas_ptr
                0x080122b0                core_util_atomic_incr_ptr
                0x080122d0                core_util_atomic_decr_ptr
 .text          0x080122f0      0x26c ..\obj\main.o
                0x08012374                main
                0x08012390                PinInit()
                0x080123d8                NVIC_Init()
 .text._ZN4mbed9DigitalInC2E7PinName
                0x0801255c       0x34 ..\obj\main.o
                0x0801255c                mbed::DigitalIn::DigitalIn(PinName)
                0x0801255c                mbed::DigitalIn::DigitalIn(PinName)
 .text._ZN4mbed3I2CD2Ev
                0x08012590       0x28 ..\obj\main.o
                0x08012590                mbed::I2C::~I2C()
                0x08012590                mbed::I2C::~I2C()
 .text._ZN4mbed3I2CD0Ev
                0x080125b8       0x20 ..\obj\main.o
                0x080125b8                mbed::I2C::~I2C()
 .text._ZN4mbed6SerialD2Ev
                0x080125d8       0x78 ..\obj\main.o
                0x080125d8                mbed::Serial::~Serial()
                0x080125d8                mbed::Serial::~Serial()
                0x08012640                non-virtual thunk to mbed::Serial::~Serial()
                0x08012648                non-virtual thunk to mbed::Serial::~Serial()
 .text._ZN4mbed6SerialD0Ev
                0x08012650       0x30 ..\obj\main.o
                0x08012650                mbed::Serial::~Serial()
                0x08012670                non-virtual thunk to mbed::Serial::~Serial()
                0x08012678                non-virtual thunk to mbed::Serial::~Serial()
 .text._ZN6M24C64D2Ev
                0x08012680       0x1c ..\obj\main.o
                0x08012680                M24C64::~M24C64()
                0x08012680                M24C64::~M24C64()
 .text          0x0801269c     0x149c ..\obj\stm32f4xx_hal_tim_ex.o
                0x0801269c                HAL_TIMEx_HallSensor_Init
                0x080127b4                HAL_TIMEx_HallSensor_DeInit
                0x08012814                HAL_TIMEx_HallSensor_MspInit
                0x08012828                HAL_TIMEx_HallSensor_MspDeInit
                0x0801283c                HAL_TIMEx_HallSensor_Start
                0x0801286c                HAL_TIMEx_HallSensor_Stop
                0x080128bc                HAL_TIMEx_HallSensor_Start_IT
                0x080128fc                HAL_TIMEx_HallSensor_Stop_IT
                0x0801295c                HAL_TIMEx_HallSensor_Start_DMA
                0x08012a04                HAL_TIMEx_HallSensor_Stop_DMA
                0x08012a64                HAL_TIMEx_OCN_Start
                0x08012aa8                HAL_TIMEx_OCN_Stop
                0x08012b2c                HAL_TIMEx_OCN_Start_IT
                0x08012c0c                HAL_TIMEx_OCN_Stop_IT
                0x08012d3c                HAL_TIMEx_OCN_Start_DMA
                0x08012edc                HAL_TIMEx_OCN_Stop_DMA
                0x08012ff4                HAL_TIMEx_PWMN_Start
                0x08013038                HAL_TIMEx_PWMN_Stop
                0x080130bc                HAL_TIMEx_PWMN_Start_IT
                0x0801319c                HAL_TIMEx_PWMN_Stop_IT
                0x080132cc                HAL_TIMEx_PWMN_Start_DMA
                0x0801346c                HAL_TIMEx_PWMN_Stop_DMA
                0x08013584                HAL_TIMEx_OnePulseN_Start
                0x080135b8                HAL_TIMEx_OnePulseN_Stop
                0x0801363c                HAL_TIMEx_OnePulseN_Start_IT
                0x08013690                HAL_TIMEx_OnePulseN_Stop_IT
                0x08013734                HAL_TIMEx_ConfigCommutationEvent
                0x080137d4                HAL_TIMEx_ConfigCommutationEvent_IT
                0x08013884                HAL_TIMEx_ConfigCommutationEvent_DMA
                0x0801394c                HAL_TIMEx_MasterConfigSynchronization
                0x080139d4                HAL_TIMEx_ConfigBreakDeadTime
                0x08013a48                HAL_TIMEx_RemapConfig
                0x08013a8c                HAL_TIMEx_CommutationCallback
                0x08013aa0                HAL_TIMEx_BreakCallback
                0x08013ab4                HAL_TIMEx_HallSensor_GetState
                0x08013ad0                TIMEx_DMACommutationCplt
 .text          0x08013b38      0x174 ..\obj\Serial.o
                0x08013b38                mbed::Serial::Serial(PinName, PinName, char const*, int)
                0x08013b38                mbed::Serial::Serial(PinName, PinName, char const*, int)
                0x08013ba8                mbed::Serial::Serial(PinName, PinName, int)
                0x08013ba8                mbed::Serial::Serial(PinName, PinName, int)
                0x08013c18                mbed::Serial::_getc()
                0x08013c34                non-virtual thunk to mbed::Serial::_getc()
                0x08013c3c                mbed::Serial::_putc(int)
                0x08013c5c                non-virtual thunk to mbed::Serial::_putc(int)
                0x08013c64                mbed::Serial::lock()
                0x08013c80                non-virtual thunk to mbed::Serial::lock()
                0x08013c88                mbed::Serial::unlock()
                0x08013ca4                non-virtual thunk to mbed::Serial::unlock()
 .text          0x08013cac      0x250 ..\obj\eeprom.o
                0x08013cac                M24C64::M24C64()
                0x08013cac                M24C64::M24C64()
                0x08013ce8                M24C64::M24C64(PinName, PinName)
                0x08013ce8                M24C64::M24C64(PinName, PinName)
                0x08013d30                M24C64::Read(unsigned short, unsigned char*, unsigned short)
                0x08013da0                M24C64::Write(unsigned short, unsigned char*, unsigned short)
 .text          0x08013efc      0x230 ..\obj\propo.o
                0x08013efc                _PROPO::_PROPO()
                0x08013efc                _PROPO::_PROPO()
                0x08013f94                _PROPO::propo2_interrupt()
                0x08014018                _PROPO::propo3_interrupt()
                0x0801409c                _PROPO::propo4_interrupt()
                0x08014120                _PROPO::propo7_interrupt()
 .text          0x0801412c      0x2d4 ..\obj\stm32f4xx_hal.o
                0x0801412c                HAL_Init
                0x08014170                HAL_DeInit
                0x080141d4                HAL_MspDeInit
                0x08014218                HAL_IncTick
                0x08014234                HAL_GetTick
                0x080142ac                HAL_GetHalVersion
                0x080142c0                HAL_GetREVID
                0x080142d8                HAL_GetDEVID
                0x080142f0                HAL_DBGMCU_EnableDBGSleepMode
                0x0801430c                HAL_DBGMCU_DisableDBGSleepMode
                0x08014328                HAL_DBGMCU_EnableDBGStopMode
                0x08014344                HAL_DBGMCU_DisableDBGStopMode
                0x08014360                HAL_DBGMCU_EnableDBGStandbyMode
                0x0801437c                HAL_DBGMCU_DisableDBGStandbyMode
                0x08014398                HAL_EnableCompensationCell
                0x080143cc                HAL_DisableCompensationCell
 .text          0x08014400      0xaf0 ..\obj\stm32f4xx_hal_rcc.o
                0x08014830                HAL_RCC_ClockConfig
                0x08014a54                HAL_RCC_MCOConfig
                0x08014b24                HAL_RCC_EnableCSS
                0x08014b3c                HAL_RCC_DisableCSS
                0x08014c50                HAL_RCC_GetHCLKFreq
                0x08014c64                HAL_RCC_GetPCLK1Freq
                0x08014ca8                HAL_RCC_GetPCLK2Freq
                0x08014e5c                HAL_RCC_GetClockConfig
                0x08014ebc                HAL_RCC_NMI_IRQHandler
                0x08014ee4                HAL_RCC_CSSCallback
 .text          0x08014ef0      0x620 ..\obj\stm32f4xx_hal_gpio.o
                0x08014ef0                HAL_GPIO_Init
                0x08015214                HAL_GPIO_DeInit
                0x080153f8                HAL_GPIO_ReadPin
                0x08015428                HAL_GPIO_WritePin
                0x08015458                HAL_GPIO_TogglePin
                0x0801547c                HAL_GPIO_LockPin
                0x080154cc                HAL_GPIO_EXTI_IRQHandler
                0x080154fc                HAL_GPIO_EXTI_Callback
 .text          0x08015510      0x23c ..\obj\hal_tick_32b.o
                0x08015540                timer_irq_handler
                0x080155d8                HAL_InitTick
                0x080156f4                HAL_SuspendTick
                0x08015720                HAL_ResumeTick
 .text          0x0801574c      0x30c ..\obj\I2C.o
                0x08015764                mbed::I2C::I2C(PinName, PinName)
                0x08015764                mbed::I2C::I2C(PinName, PinName)
                0x080157bc                mbed::I2C::frequency(int)
                0x08015804                mbed::I2C::aquire()
                0x08015850                mbed::I2C::write(int, char const*, int, bool)
                0x080158b8                mbed::I2C::write(int)
                0x080158f4                mbed::I2C::read(int, char*, int, bool)
                0x0801595c                mbed::I2C::read(int)
                0x080159b0                mbed::I2C::start()
                0x080159e0                mbed::I2C::stop()
                0x08015a10                mbed::I2C::lock()
                0x08015a34                mbed::I2C::unlock()
 .text          0x08015a58      0x1b8 ..\obj\stm32f4xx_hal_msp.o
                0x08015a58                HAL_MspInit
                0x08015abc                HAL_I2C_MspInit
                0x08015b20                HAL_I2C_MspDeInit
                0x08015b5c                HAL_TIM_PWM_MspInit
                0x08015b9c                HAL_TIM_MspPostInit
                0x08015be0                HAL_TIM_PWM_MspDeInit
 .text._ZN10__cxxabiv1L24__is_gxx_exception_classEPc
                0x08015c10       0x3c f:/plain/gcc-arm-none-eabi-5_4-2016q3-20160926-win32/bin/../lib/gcc/arm-none-eabi/5.4.1/../../../../arm-none-eabi/lib/armv7e-m\libstdc++.a(eh_call.o)
 .text.__cxa_call_terminate
                0x08015c4c       0x20 f:/plain/gcc-arm-none-eabi-5_4-2016q3-20160926-win32/bin/../lib/gcc/arm-none-eabi/5.4.1/../../../../arm-none-eabi/lib/armv7e-m\libstdc++.a(eh_call.o)
                0x08015c4c                __cxa_call_terminate
 .text.__cxa_call_unexpected
                0x08015c6c       0xe8 f:/plain/gcc-arm-none-eabi-5_4-2016q3-20160926-win32/bin/../lib/gcc/arm-none-eabi/5.4.1/../../../../arm-none-eabi/lib/armv7e-m\libstdc++.a(eh_call.o)
                0x08015c6c                __cxa_call_unexpected
 .text.__aeabi_atexit
                0x08015d54        0xc f:/plain/gcc-arm-none-eabi-5_4-2016q3-20160926-win32/bin/../lib/gcc/arm-none-eabi/5.4.1/../../../../arm-none-eabi/lib/armv7e-m\libstdc++.a(atexit_arm.o)
                0x08015d54                __aeabi_atexit
 .text.__cxa_begin_catch
                0x08015d60       0x8c f:/plain/gcc-arm-none-eabi-5_4-2016q3-20160926-win32/bin/../lib/gcc/arm-none-eabi/5.4.1/../../../../arm-none-eabi/lib/armv7e-m\libstdc++.a(eh_catch.o)
                0x08015d60                __cxa_begin_catch
 .text.__cxa_end_catch
                0x08015dec       0x8c f:/plain/gcc-arm-none-eabi-5_4-2016q3-20160926-win32/bin/../lib/gcc/arm-none-eabi/5.4.1/../../../../arm-none-eabi/lib/armv7e-m\libstdc++.a(eh_catch.o)
                0x08015dec                __cxa_end_catch
 .text._ZN10__cxxabiv120__si_class_type_infoD2Ev
                0x08015e78       0x14 f:/plain/gcc-arm-none-eabi-5_4-2016q3-20160926-win32/bin/../lib/gcc/arm-none-eabi/5.4.1/../../../../arm-none-eabi/lib/armv7e-m\libstdc++.a(si_class_type_info.o)
                0x08015e78                __cxxabiv1::__si_class_type_info::~__si_class_type_info()
                0x08015e78                __cxxabiv1::__si_class_type_info::~__si_class_type_info()
 .text._ZN10__cxxabiv120__si_class_type_infoD0Ev
                0x08015e8c       0x1c f:/plain/gcc-arm-none-eabi-5_4-2016q3-20160926-win32/bin/../lib/gcc/arm-none-eabi/5.4.1/../../../../arm-none-eabi/lib/armv7e-m\libstdc++.a(si_class_type_info.o)
                0x08015e8c                __cxxabiv1::__si_class_type_info::~__si_class_type_info()
 .text._ZNK10__cxxabiv120__si_class_type_info12__do_dyncastEiNS_17__class_type_info10__sub_kindEPKS1_PKvS4_S6_RNS1_16__dyncast_resultE
                0x08015ea8       0x90 f:/plain/gcc-arm-none-eabi-5_4-2016q3-20160926-win32/bin/../lib/gcc/arm-none-eabi/5.4.1/../../../../arm-none-eabi/lib/armv7e-m\libstdc++.a(si_class_type_info.o)
                0x08015ea8                __cxxabiv1::__si_class_type_info::__do_dyncast(int, __cxxabiv1::__class_type_info::__sub_kind, __cxxabiv1::__class_type_info const*, void const*, __cxxabiv1::__class_type_info const*, void const*, __cxxabiv1::__class_type_info::__dyncast_result&) const
 .text._ZNK10__cxxabiv120__si_class_type_info20__do_find_public_srcEiPKvPKNS_17__class_type_infoES2_
                0x08015f38       0x3c f:/plain/gcc-arm-none-eabi-5_4-2016q3-20160926-win32/bin/../lib/gcc/arm-none-eabi/5.4.1/../../../../arm-none-eabi/lib/armv7e-m\libstdc++.a(si_class_type_info.o)
                0x08015f38                __cxxabiv1::__si_class_type_info::__do_find_public_src(int, void const*, __cxxabiv1::__class_type_info const*, void const*) const
 .text._ZNK10__cxxabiv120__si_class_type_info11__do_upcastEPKNS_17__class_type_infoEPKvRNS1_15__upcast_resultE
                0x08015f74       0x2c f:/plain/gcc-arm-none-eabi-5_4-2016q3-20160926-win32/bin/../lib/gcc/arm-none-eabi/5.4.1/../../../../arm-none-eabi/lib/armv7e-m\libstdc++.a(si_class_type_info.o)
                0x08015f74                __cxxabiv1::__si_class_type_info::__do_upcast(__cxxabiv1::__class_type_info const*, void const*, __cxxabiv1::__class_type_info::__upcast_result&) const
 .text._ZL23__gxx_exception_cleanup19_Unwind_Reason_CodeP21_Unwind_Control_Block
                0x08015fa0       0x44 f:/plain/gcc-arm-none-eabi-5_4-2016q3-20160926-win32/bin/../lib/gcc/arm-none-eabi/5.4.1/../../../../arm-none-eabi/lib/armv7e-m\libstdc++.a(eh_throw.o)
 .text.__cxa_throw
                0x08015fe4       0x7c f:/plain/gcc-arm-none-eabi-5_4-2016q3-20160926-win32/bin/../lib/gcc/arm-none-eabi/5.4.1/../../../../arm-none-eabi/lib/armv7e-m\libstdc++.a(eh_throw.o)
                0x08015fe4                __cxa_throw
 .text.__cxa_rethrow
                0x08016060       0x70 f:/plain/gcc-arm-none-eabi-5_4-2016q3-20160926-win32/bin/../lib/gcc/arm-none-eabi/5.4.1/../../../../arm-none-eabi/lib/armv7e-m\libstdc++.a(eh_throw.o)
                0x08016060                __cxa_rethrow
 .text._ZL28read_encoded_value_with_basehjPKhPj
                0x080160d0       0xc0 f:/plain/gcc-arm-none-eabi-5_4-2016q3-20160926-win32/bin/../lib/gcc/arm-none-eabi/5.4.1/../../../../arm-none-eabi/lib/armv7e-m\libstdc++.a(eh_personality.o)
 .text._ZL21base_of_encoded_valuehP15_Unwind_Context
                0x08016190       0x4c f:/plain/gcc-arm-none-eabi-5_4-2016q3-20160926-win32/bin/../lib/gcc/arm-none-eabi/5.4.1/../../../../arm-none-eabi/lib/armv7e-m\libstdc++.a(eh_personality.o)
 .text._ZL17parse_lsda_headerP15_Unwind_ContextPKhP16lsda_header_info
                0x080161dc       0x98 f:/plain/gcc-arm-none-eabi-5_4-2016q3-20160926-win32/bin/../lib/gcc/arm-none-eabi/5.4.1/../../../../arm-none-eabi/lib/armv7e-m\libstdc++.a(eh_personality.o)
 .text.__gxx_personality_v0
                0x08016274      0x4b4 f:/plain/gcc-arm-none-eabi-5_4-2016q3-20160926-win32/bin/../lib/gcc/arm-none-eabi/5.4.1/../../../../arm-none-eabi/lib/armv7e-m\libstdc++.a(eh_personality.o)
                0x08016274                __gxx_personality_v0
 .text._ZN10__cxxabiv121__vmi_class_type_infoD2Ev
                0x08016728       0x14 f:/plain/gcc-arm-none-eabi-5_4-2016q3-20160926-win32/bin/../lib/gcc/arm-none-eabi/5.4.1/../../../../arm-none-eabi/lib/armv7e-m\libstdc++.a(vmi_class_type_info.o)
                0x08016728                __cxxabiv1::__vmi_class_type_info::~__vmi_class_type_info()
                0x08016728                __cxxabiv1::__vmi_class_type_info::~__vmi_class_type_info()
 .text._ZN10__cxxabiv121__vmi_class_type_infoD0Ev
                0x0801673c       0x1c f:/plain/gcc-arm-none-eabi-5_4-2016q3-20160926-win32/bin/../lib/gcc/arm-none-eabi/5.4.1/../../../../arm-none-eabi/lib/armv7e-m\libstdc++.a(vmi_class_type_info.o)
                0x0801673c                __cxxabiv1::__vmi_class_type_info::~__vmi_class_type_info()
 .text._ZNK10__cxxabiv121__vmi_class_type_info20__do_find_public_srcEiPKvPKNS_17__class_type_infoES2_
                0x08016758       0x80 f:/plain/gcc-arm-none-eabi-5_4-2016q3-20160926-win32/bin/../lib/gcc/arm-none-eabi/5.4.1/../../../../arm-none-eabi/lib/armv7e-m\libstdc++.a(vmi_class_type_info.o)
                0x08016758                __cxxabiv1::__vmi_class_type_info::__do_find_public_src(int, void const*, __cxxabiv1::__class_type_info const*, void const*) const
 .text._ZNK10__cxxabiv121__vmi_class_type_info12__do_dyncastEiNS_17__class_type_info10__sub_kindEPKS1_PKvS4_S6_RNS1_16__dyncast_resultE
                0x080167d8      0x390 f:/plain/gcc-arm-none-eabi-5_4-2016q3-20160926-win32/bin/../lib/gcc/arm-none-eabi/5.4.1/../../../../arm-none-eabi/lib/armv7e-m\libstdc++.a(vmi_class_type_info.o)
                0x080167d8                __cxxabiv1::__vmi_class_type_info::__do_dyncast(int, __cxxabiv1::__class_type_info::__sub_kind, __cxxabiv1::__class_type_info const*, void const*, __cxxabiv1::__class_type_info const*, void const*, __cxxabiv1::__class_type_info::__dyncast_result&) const
 .text._ZNK10__cxxabiv121__vmi_class_type_info11__do_upcastEPKNS_17__class_type_infoEPKvRNS1_15__upcast_resultE
                0x08016b68      0x150 f:/plain/gcc-arm-none-eabi-5_4-2016q3-20160926-win32/bin/../lib/gcc/arm-none-eabi/5.4.1/../../../../arm-none-eabi/lib/armv7e-m\libstdc++.a(vmi_class_type_info.o)
                0x08016b68                __cxxabiv1::__vmi_class_type_info::__do_upcast(__cxxabiv1::__class_type_info const*, void const*, __cxxabiv1::__class_type_info::__upcast_result&) const
 .text.__cxa_get_globals_fast
                0x08016cb8        0x8 f:/plain/gcc-arm-none-eabi-5_4-2016q3-20160926-win32/bin/../lib/gcc/arm-none-eabi/5.4.1/../../../../arm-none-eabi/lib/armv7e-m\libstdc++.a(eh_globals.o)
                0x08016cb8                __cxa_get_globals_fast
 .text.__cxa_get_globals
                0x08016cc0        0x8 f:/plain/gcc-arm-none-eabi-5_4-2016q3-20160926-win32/bin/../lib/gcc/arm-none-eabi/5.4.1/../../../../arm-none-eabi/lib/armv7e-m\libstdc++.a(eh_globals.o)
                0x08016cc0                __cxa_get_globals
 .text._ZNSt13bad_exceptionD2Ev
                0x08016cc8        0x4 f:/plain/gcc-arm-none-eabi-5_4-2016q3-20160926-win32/bin/../lib/gcc/arm-none-eabi/5.4.1/../../../../arm-none-eabi/lib/armv7e-m\libstdc++.a(eh_exception.o)
                0x08016cc8                std::bad_exception::~bad_exception()
                0x08016cc8                std::bad_exception::~bad_exception()
 .text._ZNKSt13bad_exception4whatEv
                0x08016ccc        0x8 f:/plain/gcc-arm-none-eabi-5_4-2016q3-20160926-win32/bin/../lib/gcc/arm-none-eabi/5.4.1/../../../../arm-none-eabi/lib/armv7e-m\libstdc++.a(eh_exception.o)
                0x08016ccc                std::bad_exception::what() const
 .text._ZNSt13bad_exceptionD0Ev
                0x08016cd4        0xc f:/plain/gcc-arm-none-eabi-5_4-2016q3-20160926-win32/bin/../lib/gcc/arm-none-eabi/5.4.1/../../../../arm-none-eabi/lib/armv7e-m\libstdc++.a(eh_exception.o)
                0x08016cd4                std::bad_exception::~bad_exception()
 .text._ZN10__cxxabiv111__terminateEPFvvE
                0x08016ce0       0x28 f:/plain/gcc-arm-none-eabi-5_4-2016q3-20160926-win32/bin/../lib/gcc/arm-none-eabi/5.4.1/../../../../arm-none-eabi/lib/armv7e-m\libstdc++.a(eh_terminate.o)
                0x08016ce0                __cxxabiv1::__terminate(void (*)())
 .text._ZSt9terminatev
                0x08016d08       0x14 f:/plain/gcc-arm-none-eabi-5_4-2016q3-20160926-win32/bin/../lib/gcc/arm-none-eabi/5.4.1/../../../../arm-none-eabi/lib/armv7e-m\libstdc++.a(eh_terminate.o)
                0x08016d08                std::terminate()
 .text._ZN10__cxxabiv112__unexpectedEPFvvE
                0x08016d1c        0x8 f:/plain/gcc-arm-none-eabi-5_4-2016q3-20160926-win32/bin/../lib/gcc/arm-none-eabi/5.4.1/../../../../arm-none-eabi/lib/armv7e-m\libstdc++.a(eh_terminate.o)
                0x08016d1c                __cxxabiv1::__unexpected(void (*)())
 .text._ZSt10unexpectedv
                0x08016d24       0x14 f:/plain/gcc-arm-none-eabi-5_4-2016q3-20160926-win32/bin/../lib/gcc/arm-none-eabi/5.4.1/../../../../arm-none-eabi/lib/armv7e-m\libstdc++.a(eh_terminate.o)
                0x08016d24                std::unexpected()
 .text._ZSt13get_terminatev
                0x08016d38       0x10 f:/plain/gcc-arm-none-eabi-5_4-2016q3-20160926-win32/bin/../lib/gcc/arm-none-eabi/5.4.1/../../../../arm-none-eabi/lib/armv7e-m\libstdc++.a(eh_terminate.o)
                0x08016d38                std::get_terminate()
 .text._ZSt14get_unexpectedv
                0x08016d48       0x10 f:/plain/gcc-arm-none-eabi-5_4-2016q3-20160926-win32/bin/../lib/gcc/arm-none-eabi/5.4.1/../../../../arm-none-eabi/lib/armv7e-m\libstdc++.a(eh_terminate.o)
                0x08016d48                std::get_unexpected()
 .text._ZNSt9type_infoD2Ev
                0x08016d58        0x4 f:/plain/gcc-arm-none-eabi-5_4-2016q3-20160926-win32/bin/../lib/gcc/arm-none-eabi/5.4.1/../../../../arm-none-eabi/lib/armv7e-m\libstdc++.a(tinfo.o)
                0x08016d58                std::type_info::~type_info()
                0x08016d58                std::type_info::~type_info()
 .text._ZNKSt9type_info15__is_function_pEv
                0x08016d5c        0x4 f:/plain/gcc-arm-none-eabi-5_4-2016q3-20160926-win32/bin/../lib/gcc/arm-none-eabi/5.4.1/../../../../arm-none-eabi/lib/armv7e-m\libstdc++.a(tinfo.o)
                0x08016d5c                std::type_info::__is_pointer_p() const
                0x08016d5c                std::type_info::__is_function_p() const
 .text._ZNKSt9type_infoeqERKS_
                0x08016d60       0x2c f:/plain/gcc-arm-none-eabi-5_4-2016q3-20160926-win32/bin/../lib/gcc/arm-none-eabi/5.4.1/../../../../arm-none-eabi/lib/armv7e-m\libstdc++.a(tinfo.o)
                0x08016d60                std::type_info::operator==(std::type_info const&) const
 .text._ZN12_GLOBAL__N_14pool4freeEPv.constprop.4
                0x08016d8c       0x74 f:/plain/gcc-arm-none-eabi-5_4-2016q3-20160926-win32/bin/../lib/gcc/arm-none-eabi/5.4.1/../../../../arm-none-eabi/lib/armv7e-m\libstdc++.a(eh_alloc.o)
 .text._ZN12_GLOBAL__N_14pool8allocateEj.constprop.5
                0x08016e00       0x64 f:/plain/gcc-arm-none-eabi-5_4-2016q3-20160926-win32/bin/../lib/gcc/arm-none-eabi/5.4.1/../../../../arm-none-eabi/lib/armv7e-m\libstdc++.a(eh_alloc.o)
 .text.__cxa_allocate_exception
                0x08016e64       0x30 f:/plain/gcc-arm-none-eabi-5_4-2016q3-20160926-win32/bin/../lib/gcc/arm-none-eabi/5.4.1/../../../../arm-none-eabi/lib/armv7e-m\libstdc++.a(eh_alloc.o)
                0x08016e64                __cxa_allocate_exception
 .text.__cxa_free_exception
                0x08016e94       0x20 f:/plain/gcc-arm-none-eabi-5_4-2016q3-20160926-win32/bin/../lib/gcc/arm-none-eabi/5.4.1/../../../../arm-none-eabi/lib/armv7e-m\libstdc++.a(eh_alloc.o)
                0x08016e94                __cxa_free_exception
 .text.startup._GLOBAL__sub_I___cxa_allocate_exception
                0x08016eb4       0x28 f:/plain/gcc-arm-none-eabi-5_4-2016q3-20160926-win32/bin/../lib/gcc/arm-none-eabi/5.4.1/../../../../arm-none-eabi/lib/armv7e-m\libstdc++.a(eh_alloc.o)
 .text.__cxa_end_cleanup
                0x08016edc        0xc f:/plain/gcc-arm-none-eabi-5_4-2016q3-20160926-win32/bin/../lib/gcc/arm-none-eabi/5.4.1/../../../../arm-none-eabi/lib/armv7e-m\libstdc++.a(eh_arm.o)
                0x08016edc                __cxa_end_cleanup
 .text.__cxa_type_match
                0x08016ee8       0xb0 f:/plain/gcc-arm-none-eabi-5_4-2016q3-20160926-win32/bin/../lib/gcc/arm-none-eabi/5.4.1/../../../../arm-none-eabi/lib/armv7e-m\libstdc++.a(eh_arm.o)
                0x08016ee8                __cxa_type_match
 .text.__cxa_begin_cleanup
                0x08016f98       0x64 f:/plain/gcc-arm-none-eabi-5_4-2016q3-20160926-win32/bin/../lib/gcc/arm-none-eabi/5.4.1/../../../../arm-none-eabi/lib/armv7e-m\libstdc++.a(eh_arm.o)
                0x08016f98                __cxa_begin_cleanup
 .text.__gnu_end_cleanup
                0x08016ffc       0x70 f:/plain/gcc-arm-none-eabi-5_4-2016q3-20160926-win32/bin/../lib/gcc/arm-none-eabi/5.4.1/../../../../arm-none-eabi/lib/armv7e-m\libstdc++.a(eh_arm.o)
                0x08016ffc                __gnu_end_cleanup
 .text._ZNK10__cxxabiv117__class_type_info11__do_upcastEPKS0_PPv
                0x0801706c       0x38 f:/plain/gcc-arm-none-eabi-5_4-2016q3-20160926-win32/bin/../lib/gcc/arm-none-eabi/5.4.1/../../../../arm-none-eabi/lib/armv7e-m\libstdc++.a(class_type_info.o)
                0x0801706c                __cxxabiv1::__class_type_info::__do_upcast(__cxxabiv1::__class_type_info const*, void**) const
 .text._ZNK10__cxxabiv117__class_type_info20__do_find_public_srcEiPKvPKS0_S2_
                0x080170a4        0xc f:/plain/gcc-arm-none-eabi-5_4-2016q3-20160926-win32/bin/../lib/gcc/arm-none-eabi/5.4.1/../../../../arm-none-eabi/lib/armv7e-m\libstdc++.a(class_type_info.o)
                0x080170a4                __cxxabiv1::__class_type_info::__do_find_public_src(int, void const*, __cxxabiv1::__class_type_info const*, void const*) const
 .text._ZN10__cxxabiv117__class_type_infoD2Ev
                0x080170b0       0x14 f:/plain/gcc-arm-none-eabi-5_4-2016q3-20160926-win32/bin/../lib/gcc/arm-none-eabi/5.4.1/../../../../arm-none-eabi/lib/armv7e-m\libstdc++.a(class_type_info.o)
                0x080170b0                __cxxabiv1::__class_type_info::~__class_type_info()
                0x080170b0                __cxxabiv1::__class_type_info::~__class_type_info()
 .text._ZN10__cxxabiv117__class_type_infoD0Ev
                0x080170c4       0x1c f:/plain/gcc-arm-none-eabi-5_4-2016q3-20160926-win32/bin/../lib/gcc/arm-none-eabi/5.4.1/../../../../arm-none-eabi/lib/armv7e-m\libstdc++.a(class_type_info.o)
                0x080170c4                __cxxabiv1::__class_type_info::~__class_type_info()
 .text._ZNK10__cxxabiv117__class_type_info11__do_upcastEPKS0_PKvRNS0_15__upcast_resultE
                0x080170e0       0x18 f:/plain/gcc-arm-none-eabi-5_4-2016q3-20160926-win32/bin/../lib/gcc/arm-none-eabi/5.4.1/../../../../arm-none-eabi/lib/armv7e-m\libstdc++.a(class_type_info.o)
                0x080170e0                __cxxabiv1::__class_type_info::__do_upcast(__cxxabiv1::__class_type_info const*, void const*, __cxxabiv1::__class_type_info::__upcast_result&) const
 .text._ZNK10__cxxabiv117__class_type_info12__do_dyncastEiNS0_10__sub_kindEPKS0_PKvS3_S5_RNS0_16__dyncast_resultE
                0x080170f8       0x40 f:/plain/gcc-arm-none-eabi-5_4-2016q3-20160926-win32/bin/../lib/gcc/arm-none-eabi/5.4.1/../../../../arm-none-eabi/lib/armv7e-m\libstdc++.a(class_type_info.o)
                0x080170f8                __cxxabiv1::__class_type_info::__do_dyncast(int, __cxxabiv1::__class_type_info::__sub_kind, __cxxabiv1::__class_type_info const*, void const*, __cxxabiv1::__class_type_info const*, void const*, __cxxabiv1::__class_type_info::__dyncast_result&) const
 .text._ZNK10__cxxabiv117__class_type_info10__do_catchEPKSt9type_infoPPvj
                0x08017138       0x2c f:/plain/gcc-arm-none-eabi-5_4-2016q3-20160926-win32/bin/../lib/gcc/arm-none-eabi/5.4.1/../../../../arm-none-eabi/lib/armv7e-m\libstdc++.a(class_type_info.o)
                0x08017138                __cxxabiv1::__class_type_info::__do_catch(std::type_info const*, void**, unsigned int) const
 .text.__cxa_pure_virtual
                0x08017164       0x14 f:/plain/gcc-arm-none-eabi-5_4-2016q3-20160926-win32/bin/../lib/gcc/arm-none-eabi/5.4.1/../../../../arm-none-eabi/lib/armv7e-m\libstdc++.a(pure.o)
                0x08017164                __cxa_pure_virtual
 .text._ZN9__gnu_cxx27__verbose_terminate_handlerEv
                0x08017178      0x114 f:/plain/gcc-arm-none-eabi-5_4-2016q3-20160926-win32/bin/../lib/gcc/arm-none-eabi/5.4.1/../../../../arm-none-eabi/lib/armv7e-m\libstdc++.a(vterminate.o)
                0x08017178                __gnu_cxx::__verbose_terminate_handler()
 .text          0x0801728c     0x6100 f:/plain/gcc-arm-none-eabi-5_4-2016q3-20160926-win32/bin/../lib/gcc/arm-none-eabi/5.4.1/../../../../arm-none-eabi/lib/armv7e-m\libstdc++.a(cp-demangle.o)
                0x0801d2ac                __cxa_demangle
                0x0801d368                __gcclibcxx_demangle_callback
 .text.__cxa_current_exception_type
                0x0801d38c       0x1c f:/plain/gcc-arm-none-eabi-5_4-2016q3-20160926-win32/bin/../lib/gcc/arm-none-eabi/5.4.1/../../../../arm-none-eabi/lib/armv7e-m\libstdc++.a(eh_type.o)
                0x0801d38c                __cxa_current_exception_type
 .text.abort    0x0801d3a8       0x10 f:/plain/gcc-arm-none-eabi-5_4-2016q3-20160926-win32/bin/../lib/gcc/arm-none-eabi/5.4.1/../../../../arm-none-eabi/lib/armv7e-m\libc.a(lib_a-abort.o)
                0x0801d3a8                abort
 .text.__cxa_atexit
                0x0801d3b8        0xc f:/plain/gcc-arm-none-eabi-5_4-2016q3-20160926-win32/bin/../lib/gcc/arm-none-eabi/5.4.1/../../../../arm-none-eabi/lib/armv7e-m\libc.a(lib_a-cxa_atexit.o)
                0x0801d3b8                __cxa_atexit
 .text.__errno  0x0801d3c4        0xc f:/plain/gcc-arm-none-eabi-5_4-2016q3-20160926-win32/bin/../lib/gcc/arm-none-eabi/5.4.1/../../../../arm-none-eabi/lib/armv7e-m\libc.a(lib_a-errno.o)
                0x0801d3c4                __errno
 .text._fclose_r
                0x0801d3d0       0x84 f:/plain/gcc-arm-none-eabi-5_4-2016q3-20160926-win32/bin/../lib/gcc/arm-none-eabi/5.4.1/../../../../arm-none-eabi/lib/armv7e-m\libc.a(lib_a-fclose.o)
                0x0801d3d0                _fclose_r
 .text.fclose   0x0801d454       0x10 f:/plain/gcc-arm-none-eabi-5_4-2016q3-20160926-win32/bin/../lib/gcc/arm-none-eabi/5.4.1/../../../../arm-none-eabi/lib/armv7e-m\libc.a(lib_a-fclose.o)
                0x0801d454                fclose
 .text.__sflush_r
                0x0801d464      0x148 f:/plain/gcc-arm-none-eabi-5_4-2016q3-20160926-win32/bin/../lib/gcc/arm-none-eabi/5.4.1/../../../../arm-none-eabi/lib/armv7e-m\libc.a(lib_a-fflush.o)
                0x0801d464                __sflush_r
 .text._fflush_r
                0x0801d5ac       0x2c f:/plain/gcc-arm-none-eabi-5_4-2016q3-20160926-win32/bin/../lib/gcc/arm-none-eabi/5.4.1/../../../../arm-none-eabi/lib/armv7e-m\libc.a(lib_a-fflush.o)
                0x0801d5ac                _fflush_r
 .text.fflush   0x0801d5d8       0x24 f:/plain/gcc-arm-none-eabi-5_4-2016q3-20160926-win32/bin/../lib/gcc/arm-none-eabi/5.4.1/../../../../arm-none-eabi/lib/armv7e-m\libc.a(lib_a-fflush.o)
                0x0801d5d8                fflush
 .text.fgetc    0x0801d5fc       0x3c f:/plain/gcc-arm-none-eabi-5_4-2016q3-20160926-win32/bin/../lib/gcc/arm-none-eabi/5.4.1/../../../../arm-none-eabi/lib/armv7e-m\libc.a(lib_a-fgetc.o)
                0x0801d5fc                fgetc
 .text._fgets_r
                0x0801d638       0xa4 f:/plain/gcc-arm-none-eabi-5_4-2016q3-20160926-win32/bin/../lib/gcc/arm-none-eabi/5.4.1/../../../../arm-none-eabi/lib/armv7e-m\libc.a(lib_a-fgets.o)
                0x0801d638                _fgets_r
 .text.fgets    0x0801d6dc       0x18 f:/plain/gcc-arm-none-eabi-5_4-2016q3-20160926-win32/bin/../lib/gcc/arm-none-eabi/5.4.1/../../../../arm-none-eabi/lib/armv7e-m\libc.a(lib_a-fgets.o)
                0x0801d6dc                fgets
 .text._cleanup_r
                0x0801d6f4        0xc f:/plain/gcc-arm-none-eabi-5_4-2016q3-20160926-win32/bin/../lib/gcc/arm-none-eabi/5.4.1/../../../../arm-none-eabi/lib/armv7e-m\libc.a(lib_a-findfp.o)
                0x0801d6f4                _cleanup_r
 .text.__sinit.part.1
                0x0801d700       0xf0 f:/plain/gcc-arm-none-eabi-5_4-2016q3-20160926-win32/bin/../lib/gcc/arm-none-eabi/5.4.1/../../../../arm-none-eabi/lib/armv7e-m\libc.a(lib_a-findfp.o)
 .text.__sfmoreglue
                0x0801d7f0       0x30 f:/plain/gcc-arm-none-eabi-5_4-2016q3-20160926-win32/bin/../lib/gcc/arm-none-eabi/5.4.1/../../../../arm-none-eabi/lib/armv7e-m\libc.a(lib_a-findfp.o)
                0x0801d7f0                __sfmoreglue
 .text.__sfp    0x0801d820       0x88 f:/plain/gcc-arm-none-eabi-5_4-2016q3-20160926-win32/bin/../lib/gcc/arm-none-eabi/5.4.1/../../../../arm-none-eabi/lib/armv7e-m\libc.a(lib_a-findfp.o)
                0x0801d820                __sfp
 .text.__sinit  0x0801d8a8        0xc f:/plain/gcc-arm-none-eabi-5_4-2016q3-20160926-win32/bin/../lib/gcc/arm-none-eabi/5.4.1/../../../../arm-none-eabi/lib/armv7e-m\libc.a(lib_a-findfp.o)
                0x0801d8a8                __sinit
 .text.__sfp_lock_acquire
                0x0801d8b4        0x4 f:/plain/gcc-arm-none-eabi-5_4-2016q3-20160926-win32/bin/../lib/gcc/arm-none-eabi/5.4.1/../../../../arm-none-eabi/lib/armv7e-m\libc.a(lib_a-findfp.o)
                0x0801d8b4                __sfp_lock_acquire
 .text.__sfp_lock_release
                0x0801d8b8        0x4 f:/plain/gcc-arm-none-eabi-5_4-2016q3-20160926-win32/bin/../lib/gcc/arm-none-eabi/5.4.1/../../../../arm-none-eabi/lib/armv7e-m\libc.a(lib_a-findfp.o)
                0x0801d8b8                __sfp_lock_release
 .text._fopen_r
                0x0801d8bc       0x8c f:/plain/gcc-arm-none-eabi-5_4-2016q3-20160926-win32/bin/../lib/gcc/arm-none-eabi/5.4.1/../../../../arm-none-eabi/lib/armv7e-m\libc.a(lib_a-fopen.o)
                0x0801d8bc                _fopen_r
 .text.fopen    0x0801d948       0x10 f:/plain/gcc-arm-none-eabi-5_4-2016q3-20160926-win32/bin/../lib/gcc/arm-none-eabi/5.4.1/../../../../arm-none-eabi/lib/armv7e-m\libc.a(lib_a-fopen.o)
                0x0801d948                fopen
 .text.fputc    0x0801d958       0x28 f:/plain/gcc-arm-none-eabi-5_4-2016q3-20160926-win32/bin/../lib/gcc/arm-none-eabi/5.4.1/../../../../arm-none-eabi/lib/armv7e-m\libc.a(lib_a-fputc.o)
                0x0801d958                fputc
 .text._fputs_r
                0x0801d980       0x50 f:/plain/gcc-arm-none-eabi-5_4-2016q3-20160926-win32/bin/../lib/gcc/arm-none-eabi/5.4.1/../../../../arm-none-eabi/lib/armv7e-m\libc.a(lib_a-fputs.o)
                0x0801d980                _fputs_r
 .text.fputs    0x0801d9d0       0x10 f:/plain/gcc-arm-none-eabi-5_4-2016q3-20160926-win32/bin/../lib/gcc/arm-none-eabi/5.4.1/../../../../arm-none-eabi/lib/armv7e-m\libc.a(lib_a-fputs.o)
                0x0801d9d0                fputs
 .text._malloc_trim_r
                0x0801d9e0       0x9c f:/plain/gcc-arm-none-eabi-5_4-2016q3-20160926-win32/bin/../lib/gcc/arm-none-eabi/5.4.1/../../../../arm-none-eabi/lib/armv7e-m\libc.a(lib_a-freer.o)
                0x0801d9e0                _malloc_trim_r
 .text._free_r  0x0801da7c      0x1d0 f:/plain/gcc-arm-none-eabi-5_4-2016q3-20160926-win32/bin/../lib/gcc/arm-none-eabi/5.4.1/../../../../arm-none-eabi/lib/armv7e-m\libc.a(lib_a-freer.o)
                0x0801da7c                _free_r
 .text._fseek_r
                0x0801dc4c        0x4 f:/plain/gcc-arm-none-eabi-5_4-2016q3-20160926-win32/bin/../lib/gcc/arm-none-eabi/5.4.1/../../../../arm-none-eabi/lib/armv7e-m\libc.a(lib_a-fseek.o)
                0x0801dc4c                _fseek_r
 .text._fseeko_r
                0x0801dc50      0x2c0 f:/plain/gcc-arm-none-eabi-5_4-2016q3-20160926-win32/bin/../lib/gcc/arm-none-eabi/5.4.1/../../../../arm-none-eabi/lib/armv7e-m\libc.a(lib_a-fseeko.o)
                0x0801dc50                _fseeko_r
 .text._fstat_r
                0x0801df10       0x28 f:/plain/gcc-arm-none-eabi-5_4-2016q3-20160926-win32/bin/../lib/gcc/arm-none-eabi/5.4.1/../../../../arm-none-eabi/lib/armv7e-m\libc.a(lib_a-fstatr.o)
                0x0801df10                _fstat_r
 .text.__sfvwrite_r
                0x0801df38      0x304 f:/plain/gcc-arm-none-eabi-5_4-2016q3-20160926-win32/bin/../lib/gcc/arm-none-eabi/5.4.1/../../../../arm-none-eabi/lib/armv7e-m\libc.a(lib_a-fvwrite.o)
                0x0801df38                __sfvwrite_r
 .text._fwalk   0x0801e23c       0x4c f:/plain/gcc-arm-none-eabi-5_4-2016q3-20160926-win32/bin/../lib/gcc/arm-none-eabi/5.4.1/../../../../arm-none-eabi/lib/armv7e-m\libc.a(lib_a-fwalk.o)
                0x0801e23c                _fwalk
 .text._fwalk_reent
                0x0801e288       0x54 f:/plain/gcc-arm-none-eabi-5_4-2016q3-20160926-win32/bin/../lib/gcc/arm-none-eabi/5.4.1/../../../../arm-none-eabi/lib/armv7e-m\libc.a(lib_a-fwalk.o)
                0x0801e288                _fwalk_reent
 .text._fwrite_r
                0x0801e2dc       0x64 f:/plain/gcc-arm-none-eabi-5_4-2016q3-20160926-win32/bin/../lib/gcc/arm-none-eabi/5.4.1/../../../../arm-none-eabi/lib/armv7e-m\libc.a(lib_a-fwrite.o)
                0x0801e2dc                _fwrite_r
 .text.fwrite   0x0801e340       0x20 f:/plain/gcc-arm-none-eabi-5_4-2016q3-20160926-win32/bin/../lib/gcc/arm-none-eabi/5.4.1/../../../../arm-none-eabi/lib/armv7e-m\libc.a(lib_a-fwrite.o)
                0x0801e340                fwrite
 .text.__libc_init_array
                0x0801e360       0x50 f:/plain/gcc-arm-none-eabi-5_4-2016q3-20160926-win32/bin/../lib/gcc/arm-none-eabi/5.4.1/../../../../arm-none-eabi/lib/armv7e-m\libc.a(lib_a-init.o)
                0x0801e360                __libc_init_array
 .text.__swhatbuf_r
                0x0801e3b0       0x60 f:/plain/gcc-arm-none-eabi-5_4-2016q3-20160926-win32/bin/../lib/gcc/arm-none-eabi/5.4.1/../../../../arm-none-eabi/lib/armv7e-m\libc.a(lib_a-makebuf.o)
                0x0801e3b0                __swhatbuf_r
 .text.__smakebuf_r
                0x0801e410       0x88 f:/plain/gcc-arm-none-eabi-5_4-2016q3-20160926-win32/bin/../lib/gcc/arm-none-eabi/5.4.1/../../../../arm-none-eabi/lib/armv7e-m\libc.a(lib_a-makebuf.o)
                0x0801e410                __smakebuf_r
 .text.malloc   0x0801e498       0x10 f:/plain/gcc-arm-none-eabi-5_4-2016q3-20160926-win32/bin/../lib/gcc/arm-none-eabi/5.4.1/../../../../arm-none-eabi/lib/armv7e-m\libc.a(lib_a-malloc.o)
                0x0801e498                malloc
 .text.free     0x0801e4a8       0x10 f:/plain/gcc-arm-none-eabi-5_4-2016q3-20160926-win32/bin/../lib/gcc/arm-none-eabi/5.4.1/../../../../arm-none-eabi/lib/armv7e-m\libc.a(lib_a-malloc.o)
                0x0801e4a8                free
 .text._malloc_r
                0x0801e4b8      0x570 f:/plain/gcc-arm-none-eabi-5_4-2016q3-20160926-win32/bin/../lib/gcc/arm-none-eabi/5.4.1/../../../../arm-none-eabi/lib/armv7e-m\libc.a(lib_a-mallocr.o)
                0x0801e4b8                _malloc_r
 *fill*         0x0801ea28        0x8 
 .text          0x0801ea30       0xa0 f:/plain/gcc-arm-none-eabi-5_4-2016q3-20160926-win32/bin/../lib/gcc/arm-none-eabi/5.4.1/../../../../arm-none-eabi/lib/armv7e-m\libc.a(lib_a-memchr.o)
                0x0801ea30                memchr
 .text.memcmp   0x0801ead0       0x64 f:/plain/gcc-arm-none-eabi-5_4-2016q3-20160926-win32/bin/../lib/gcc/arm-none-eabi/5.4.1/../../../../arm-none-eabi/lib/armv7e-m\libc.a(lib_a-memcmp.o)
                0x0801ead0                memcmp
 .text          0x0801eb34      0x134 f:/plain/gcc-arm-none-eabi-5_4-2016q3-20160926-win32/bin/../lib/gcc/arm-none-eabi/5.4.1/../../../../arm-none-eabi/lib/armv7e-m\libc.a(lib_a-memcpy.o)
                0x0801eb34                memcpy
 .text.memmove  0x0801ec68       0xc8 f:/plain/gcc-arm-none-eabi-5_4-2016q3-20160926-win32/bin/../lib/gcc/arm-none-eabi/5.4.1/../../../../arm-none-eabi/lib/armv7e-m\libc.a(lib_a-memmove.o)
                0x0801ec68                memmove
 .text.memset   0x0801ed30       0x9c f:/plain/gcc-arm-none-eabi-5_4-2016q3-20160926-win32/bin/../lib/gcc/arm-none-eabi/5.4.1/../../../../arm-none-eabi/lib/armv7e-m\libc.a(lib_a-memset.o)
                0x0801ed30                memset
 .text._open_r  0x0801edcc       0x2c f:/plain/gcc-arm-none-eabi-5_4-2016q3-20160926-win32/bin/../lib/gcc/arm-none-eabi/5.4.1/../../../../arm-none-eabi/lib/armv7e-m\libc.a(lib_a-openr.o)
                0x0801edcc                _open_r
 .text._putc_r  0x0801edf8       0x44 f:/plain/gcc-arm-none-eabi-5_4-2016q3-20160926-win32/bin/../lib/gcc/arm-none-eabi/5.4.1/../../../../arm-none-eabi/lib/armv7e-m\libc.a(lib_a-putc.o)
                0x0801edf8                _putc_r
 .text.realloc  0x0801ee3c       0x10 f:/plain/gcc-arm-none-eabi-5_4-2016q3-20160926-win32/bin/../lib/gcc/arm-none-eabi/5.4.1/../../../../arm-none-eabi/lib/armv7e-m\libc.a(lib_a-realloc.o)
                0x0801ee3c                realloc
 .text._realloc_r
                0x0801ee4c      0x3e0 f:/plain/gcc-arm-none-eabi-5_4-2016q3-20160926-win32/bin/../lib/gcc/arm-none-eabi/5.4.1/../../../../arm-none-eabi/lib/armv7e-m\libc.a(lib_a-reallocr.o)
                0x0801ee4c                _realloc_r
 .text.lflush   0x0801f22c       0x14 f:/plain/gcc-arm-none-eabi-5_4-2016q3-20160926-win32/bin/../lib/gcc/arm-none-eabi/5.4.1/../../../../arm-none-eabi/lib/armv7e-m\libc.a(lib_a-refill.o)
 .text.__srefill_r
                0x0801f240      0x114 f:/plain/gcc-arm-none-eabi-5_4-2016q3-20160926-win32/bin/../lib/gcc/arm-none-eabi/5.4.1/../../../../arm-none-eabi/lib/armv7e-m\libc.a(lib_a-refill.o)
                0x0801f240                __srefill_r
 .text.__srget_r
                0x0801f354       0x34 f:/plain/gcc-arm-none-eabi-5_4-2016q3-20160926-win32/bin/../lib/gcc/arm-none-eabi/5.4.1/../../../../arm-none-eabi/lib/armv7e-m\libc.a(lib_a-rget.o)
                0x0801f354                __srget_r
 .text._sbrk_r  0x0801f388       0x24 f:/plain/gcc-arm-none-eabi-5_4-2016q3-20160926-win32/bin/../lib/gcc/arm-none-eabi/5.4.1/../../../../arm-none-eabi/lib/armv7e-m\libc.a(lib_a-sbrkr.o)
                0x0801f388                _sbrk_r
 .text.setbuf   0x0801f3ac       0x10 f:/plain/gcc-arm-none-eabi-5_4-2016q3-20160926-win32/bin/../lib/gcc/arm-none-eabi/5.4.1/../../../../arm-none-eabi/lib/armv7e-m\libc.a(lib_a-setbuf.o)
                0x0801f3ac                setbuf
 .text.setvbuf  0x0801f3bc      0x150 f:/plain/gcc-arm-none-eabi-5_4-2016q3-20160926-win32/bin/../lib/gcc/arm-none-eabi/5.4.1/../../../../arm-none-eabi/lib/armv7e-m\libc.a(lib_a-setvbuf.o)
                0x0801f3bc                setvbuf
 .text._raise_r
                0x0801f50c       0x58 f:/plain/gcc-arm-none-eabi-5_4-2016q3-20160926-win32/bin/../lib/gcc/arm-none-eabi/5.4.1/../../../../arm-none-eabi/lib/armv7e-m\libc.a(lib_a-signal.o)
                0x0801f50c                _raise_r
 .text.raise    0x0801f564       0x10 f:/plain/gcc-arm-none-eabi-5_4-2016q3-20160926-win32/bin/../lib/gcc/arm-none-eabi/5.4.1/../../../../arm-none-eabi/lib/armv7e-m\libc.a(lib_a-signal.o)
                0x0801f564                raise
 .text._kill_r  0x0801f574       0x28 f:/plain/gcc-arm-none-eabi-5_4-2016q3-20160926-win32/bin/../lib/gcc/arm-none-eabi/5.4.1/../../../../arm-none-eabi/lib/armv7e-m\libc.a(lib_a-signalr.o)
                0x0801f574                _kill_r
 .text._getpid_r
                0x0801f59c        0x4 f:/plain/gcc-arm-none-eabi-5_4-2016q3-20160926-win32/bin/../lib/gcc/arm-none-eabi/5.4.1/../../../../arm-none-eabi/lib/armv7e-m\libc.a(lib_a-signalr.o)
                0x0801f59c                _getpid_r
 .text.sprintf  0x0801f5a0       0x4c f:/plain/gcc-arm-none-eabi-5_4-2016q3-20160926-win32/bin/../lib/gcc/arm-none-eabi/5.4.1/../../../../arm-none-eabi/lib/armv7e-m\libc.a(lib_a-sprintf.o)
                0x0801f5a0                sprintf
 .text.sscanf   0x0801f5ec       0x58 f:/plain/gcc-arm-none-eabi-5_4-2016q3-20160926-win32/bin/../lib/gcc/arm-none-eabi/5.4.1/../../../../arm-none-eabi/lib/armv7e-m\libc.a(lib_a-sscanf.o)
                0x0801f5ec                sscanf
 .text.__sread  0x0801f644       0x24 f:/plain/gcc-arm-none-eabi-5_4-2016q3-20160926-win32/bin/../lib/gcc/arm-none-eabi/5.4.1/../../../../arm-none-eabi/lib/armv7e-m\libc.a(lib_a-stdio.o)
                0x0801f644                __sread
 .text.__seofread
                0x0801f668        0x4 f:/plain/gcc-arm-none-eabi-5_4-2016q3-20160926-win32/bin/../lib/gcc/arm-none-eabi/5.4.1/../../../../arm-none-eabi/lib/armv7e-m\libc.a(lib_a-stdio.o)
                0x0801f668                __seofread
 .text.__swrite
                0x0801f66c       0x3c f:/plain/gcc-arm-none-eabi-5_4-2016q3-20160926-win32/bin/../lib/gcc/arm-none-eabi/5.4.1/../../../../arm-none-eabi/lib/armv7e-m\libc.a(lib_a-stdio.o)
                0x0801f66c                __swrite
 .text.__sseek  0x0801f6a8       0x20 f:/plain/gcc-arm-none-eabi-5_4-2016q3-20160926-win32/bin/../lib/gcc/arm-none-eabi/5.4.1/../../../../arm-none-eabi/lib/armv7e-m\libc.a(lib_a-stdio.o)
                0x0801f6a8                __sseek
 .text.__sclose
                0x0801f6c8        0x8 f:/plain/gcc-arm-none-eabi-5_4-2016q3-20160926-win32/bin/../lib/gcc/arm-none-eabi/5.4.1/../../../../arm-none-eabi/lib/armv7e-m\libc.a(lib_a-stdio.o)
                0x0801f6c8                __sclose
 *fill*         0x0801f6d0       0x10 
 .text          0x0801f6e0      0x2dc f:/plain/gcc-arm-none-eabi-5_4-2016q3-20160926-win32/bin/../lib/gcc/arm-none-eabi/5.4.1/../../../../arm-none-eabi/lib/armv7e-m\libc.a(lib_a-strcmp.o)
                0x0801f6e8                strcmp
 *fill*         0x0801f9bc        0x4 