Archive member included to satisfy reference by file (symbol)

d:/gcc-arm-none-eabi-5_4-2016q3-20160926-win32/bin/../lib/gcc/arm-none-eabi/5.4.1/../../../../arm-none-eabi/lib/armv7e-m\libstdc++.a(eh_call.o)
                              ..\obj\retarget.o (__cxa_call_unexpected)
d:/gcc-arm-none-eabi-5_4-2016q3-20160926-win32/bin/../lib/gcc/arm-none-eabi/5.4.1/../../../../arm-none-eabi/lib/armv7e-m\libstdc++.a(atexit_arm.o)
                              ..\obj\main.o (__aeabi_atexit)
d:/gcc-arm-none-eabi-5_4-2016q3-20160926-win32/bin/../lib/gcc/arm-none-eabi/5.4.1/../../../../arm-none-eabi/lib/armv7e-m\libstdc++.a(eh_catch.o)
                              d:/gcc-arm-none-eabi-5_4-2016q3-20160926-win32/bin/../lib/gcc/arm-none-eabi/5.4.1/../../../../arm-none-eabi/lib/armv7e-m\libstdc++.a(eh_call.o) (__cxa_begin_catch)
d:/gcc-arm-none-eabi-5_4-2016q3-20160926-win32/bin/../lib/gcc/arm-none-eabi/5.4.1/../../../../arm-none-eabi/lib/armv7e-m\libstdc++.a(si_class_type_info.o)
                              ..\obj\Timeout.o (vtable for __cxxabiv1::__si_class_type_info)
d:/gcc-arm-none-eabi-5_4-2016q3-20160926-win32/bin/../lib/gcc/arm-none-eabi/5.4.1/../../../../arm-none-eabi/lib/armv7e-m\libstdc++.a(eh_throw.o)
                              d:/gcc-arm-none-eabi-5_4-2016q3-20160926-win32/bin/../lib/gcc/arm-none-eabi/5.4.1/../../../../arm-none-eabi/lib/armv7e-m\libstdc++.a(eh_call.o) (__cxa_throw)
d:/gcc-arm-none-eabi-5_4-2016q3-20160926-win32/bin/../lib/gcc/arm-none-eabi/5.4.1/../../../../arm-none-eabi/lib/armv7e-m\libstdc++.a(eh_personality.o)
                              ..\obj\BusInOut.o (__gxx_personality_v0)
d:/gcc-arm-none-eabi-5_4-2016q3-20160926-win32/bin/../lib/gcc/arm-none-eabi/5.4.1/../../../../arm-none-eabi/lib/armv7e-m\libstdc++.a(vmi_class_type_info.o)
                              ..\obj\FileLike.o (vtable for __cxxabiv1::__vmi_class_type_info)
d:/gcc-arm-none-eabi-5_4-2016q3-20160926-win32/bin/../lib/gcc/arm-none-eabi/5.4.1/../../../../arm-none-eabi/lib/armv7e-m\libstdc++.a(eh_globals.o)
                              d:/gcc-arm-none-eabi-5_4-2016q3-20160926-win32/bin/../lib/gcc/arm-none-eabi/5.4.1/../../../../arm-none-eabi/lib/armv7e-m\libstdc++.a(eh_call.o) (__cxa_get_globals_fast)
d:/gcc-arm-none-eabi-5_4-2016q3-20160926-win32/bin/../lib/gcc/arm-none-eabi/5.4.1/../../../../arm-none-eabi/lib/armv7e-m\libstdc++.a(bad_alloc.o)
                              ..\obj\retarget.o (typeinfo for std::bad_alloc)
d:/gcc-arm-none-eabi-5_4-2016q3-20160926-win32/bin/../lib/gcc/arm-none-eabi/5.4.1/../../../../arm-none-eabi/lib/armv7e-m\libstdc++.a(eh_exception.o)
                              d:/gcc-arm-none-eabi-5_4-2016q3-20160926-win32/bin/../lib/gcc/arm-none-eabi/5.4.1/../../../../arm-none-eabi/lib/armv7e-m\libstdc++.a(bad_alloc.o) (std::exception::~exception())
d:/gcc-arm-none-eabi-5_4-2016q3-20160926-win32/bin/../lib/gcc/arm-none-eabi/5.4.1/../../../../arm-none-eabi/lib/armv7e-m\libstdc++.a(eh_terminate.o)
                              d:/gcc-arm-none-eabi-5_4-2016q3-20160926-win32/bin/../lib/gcc/arm-none-eabi/5.4.1/../../../../arm-none-eabi/lib/armv7e-m\libstdc++.a(eh_call.o) (__cxxabiv1::__terminate(void (*)()))
d:/gcc-arm-none-eabi-5_4-2016q3-20160926-win32/bin/../lib/gcc/arm-none-eabi/5.4.1/../../../../arm-none-eabi/lib/armv7e-m\libstdc++.a(tinfo.o)
                              d:/gcc-arm-none-eabi-5_4-2016q3-20160926-win32/bin/../lib/gcc/arm-none-eabi/5.4.1/../../../../arm-none-eabi/lib/armv7e-m\libstdc++.a(si_class_type_info.o) (std::type_info::__is_function_p() const)
d:/gcc-arm-none-eabi-5_4-2016q3-20160926-win32/bin/../lib/gcc/arm-none-eabi/5.4.1/../../../../arm-none-eabi/lib/armv7e-m\libstdc++.a(eh_alloc.o)
                              d:/gcc-arm-none-eabi-5_4-2016q3-20160926-win32/bin/../lib/gcc/arm-none-eabi/5.4.1/../../../../arm-none-eabi/lib/armv7e-m\libstdc++.a(eh_call.o) (__cxa_allocate_exception)
d:/gcc-arm-none-eabi-5_4-2016q3-20160926-win32/bin/../lib/gcc/arm-none-eabi/5.4.1/../../../../arm-none-eabi/lib/armv7e-m\libstdc++.a(eh_arm.o)
                              ..\obj\BusInOut.o (__cxa_end_cleanup)
d:/gcc-arm-none-eabi-5_4-2016q3-20160926-win32/bin/../lib/gcc/arm-none-eabi/5.4.1/../../../../arm-none-eabi/lib/armv7e-m\libstdc++.a(class_type_info.o)
                              d:/gcc-arm-none-eabi-5_4-2016q3-20160926-win32/bin/../lib/gcc/arm-none-eabi/5.4.1/../../../../arm-none-eabi/lib/armv7e-m\libstdc++.a(si_class_type_info.o) (__cxxabiv1::__class_type_info::__do_upcast(__cxxabiv1::__class_type_info const*, void**) const)
d:/gcc-arm-none-eabi-5_4-2016q3-20160926-win32/bin/../lib/gcc/arm-none-eabi/5.4.1/../../../../arm-none-eabi/lib/armv7e-m\libstdc++.a(pure.o)
                              ..\obj\TimerEvent.o (__cxa_pure_virtual)
d:/gcc-arm-none-eabi-5_4-2016q3-20160926-win32/bin/../lib/gcc/arm-none-eabi/5.4.1/../../../../arm-none-eabi/lib/armv7e-m\libstdc++.a(eh_term_handler.o)
[...]
Memory Configuration

Name             Origin             Length             Attributes
FLASH            0x08000000         0x00080000         xr
RAM              0x200001c4         0x0001fe3c         xrw
*default*        0x00000000         0xffffffff

Linker script and memory map

LOAD d:/gcc-arm-none-eabi-5_4-2016q3-20160926-win32/bin/../lib/gcc/arm-none-eabi/5.4.1/armv7e-m/crti.o
LOAD d:/gcc-arm-none-eabi-5_4-2016q3-20160926-win32/bin/../lib/gcc/arm-none-eabi/5.4.1/armv7e-m/crtbegin.o
LOAD d:/gcc-arm-none-eabi-5_4-2016q3-20160926-win32/bin/../lib/gcc/arm-none-eabi/5.4.1/../../../../arm-none-eabi/lib/armv7e-m/crt0.o

.text           0x08000000    0x2d7b4
 *(.isr_vector)
 .isr_vector    0x08000000      0x1c4 ..\obj\startup_stm32f446xx.o
                0x08000000                g_pfnVectors
 *(.text*)
 .text          0x080001c4       0x5c d:/gcc-arm-none-eabi-5_4-2016q3-20160926-win32/bin/../lib/gcc/arm-none-eabi/5.4.1/armv7e-m/crtbegin.o
 .text          0x08000220       0x74 d:/gcc-arm-none-eabi-5_4-2016q3-20160926-win32/bin/../lib/gcc/arm-none-eabi/5.4.1/../../../../arm-none-eabi/lib/armv7e-m/crt0.o
                0x08000220                _start
                0x08000220                _mainCRTStartup
 .text          0x08000294      0x144 ..\obj\TimerEvent.o
                0x08000294                mbed::TimerEvent::TimerEvent()
                0x08000294                mbed::TimerEvent::TimerEvent()
                0x080002dc                mbed::TimerEvent::TimerEvent(ticker_data_t const*)
                0x080002dc                mbed::TimerEvent::TimerEvent(ticker_data_t const*)
                0x08000324                mbed::TimerEvent::irq(unsigned long)
                0x08000344                mbed::TimerEvent::~TimerEvent()
                0x08000344                mbed::TimerEvent::~TimerEvent()
                0x08000374                mbed::TimerEvent::~TimerEvent()
                0x08000394                mbed::TimerEvent::insert(unsigned long)
                0x080003b8                mbed::TimerEvent::remove()
 .text._ZN13PlatformMutexC2Ev
                0x080003d8       0x14 ..\obj\BusInOut.o
                0x080003d8                PlatformMutex::PlatformMutex()
                0x080003d8                PlatformMutex::PlatformMutex()
 .text._ZN13PlatformMutexD2Ev
                0x080003ec       0x14 ..\obj\BusInOut.o
                0x080003ec                PlatformMutex::~PlatformMutex()
                0x080003ec                PlatformMutex::~PlatformMutex()
 .text._ZN13PlatformMutex4lockEv
                0x08000400       0x14 ..\obj\BusInOut.o
                0x08000400                PlatformMutex::lock()
 .text._ZN13PlatformMutex6unlockEv
                0x08000414       0x14 ..\obj\BusInOut.o
                0x08000414                PlatformMutex::unlock()
 .text          0x08000428      0x204 ..\obj\mbed_ticker_api.o
                0x08000428                ticker_set_handler
                0x0800044c                ticker_irq_handler
                0x080004d0                ticker_insert_event
                0x08000550                ticker_remove_event
                0x080005d4                ticker_read
                0x080005f0                ticker_get_next_timestamp
 .text          0x0800062c      0x318 ..\obj\pinmap.o
                0x0800062c                Set_GPIO_Clock
                0x080007b4                pin_function
                0x08000850                pin_mode
                0x080008dc                pin_function_gpiomode
 .text          0x08000944      0x260 ..\obj\FileBase.o
                0x0800095c                mbed::FileBase::FileBase(char const*, mbed::PathType)
                0x0800095c                mbed::FileBase::FileBase(char const*, mbed::PathType)
                0x080009d0                mbed::FileBase::~FileBase()
                0x080009d0                mbed::FileBase::~FileBase()
                0x08000a58                mbed::FileBase::~FileBase()
                0x08000a78                mbed::FileBase::lookup(char const*, unsigned int)
                0x08000b04                mbed::FileBase::get(int)
                0x08000b74                mbed::FileBase::getName()
                0x08000b8c                mbed::FileBase::getPathType()
 .text._ZnwjPv  0x08000ba4       0x18 ..\obj\FileBase.o
                0x08000ba4                operator new(unsigned int, void*)
 .text._ZN12SingletonPtrI13PlatformMutexEptEv
                0x08000bbc       0x18 ..\obj\FileBase.o
                0x08000bbc                SingletonPtr<PlatformMutex>::operator->()
 .text._ZN12SingletonPtrI13PlatformMutexE3getEv
                0x08000bd4       0x6c ..\obj\FileBase.o
                0x08000bd4                SingletonPtr<PlatformMutex>::get()
 .text          0x08000c40      0x1d0 ..\obj\mbed_pinmap_common.o
                0x08000c40                pinmap_pinout
                0x08000cac                pinmap_merge
                0x08000cf0                pinmap_find_peripheral
                0x08000d34                pinmap_peripheral
                0x08000d80                pinmap_find_function
                0x08000dc4                pinmap_function
 .text          0x08000e10      0x180 ..\obj\FilePath.o
                0x08000e10                mbed::FilePath::FilePath(char const*)
                0x08000e10                mbed::FilePath::FilePath(char const*)
                0x08000e98                mbed::FilePath::fileName()
                0x08000eb0                mbed::FilePath::isFileSystem()
                0x08000ee4                mbed::FilePath::fileSystem()
                0x08000f08                mbed::FilePath::isFile()
                0x08000f3c                mbed::FilePath::file()
                0x08000f70                mbed::FilePath::exists()
 .text          0x08000f90      0xa08 ..\obj\retarget.o
                0x08000fa8                mbed::FileHandle::~FileHandle()
                0x08000fa8                mbed::FileHandle::~FileHandle()
                0x08001020                mbed::FileHandle::~FileHandle()
                0x08001088                _open
                0x08001238                _close
                0x08001288                _write
                0x08001314                _read
                0x0800138c                _isatty
                0x080013d0                _lseek
                0x0800141c                _fstat
                0x0800145c                remove
                0x080014b0                rename
                0x08001534                tmpnam
                0x08001548                tmpfile
                0x08001558                opendir
                0x080015c4                readdir
                0x080015e4                closedir
                0x08001600                rewinddir
                0x0800161c                telldir
                0x0800163c                seekdir
                0x0800165c                mkdir
                0x080016b4                mbed_main
                0x080016c0                exit
                0x080016d4                mbed::mbed_set_unbuffered_stream(__sFILE*)
                0x080016ec                mbed::mbed_getc(__sFILE*)
                0x08001704                mbed::mbed_gets(char*, int, __sFILE*)
                0x08001724                __rtos_malloc_lock
                0x08001738                __rtos_malloc_unlock
                0x0800174c                __rtos_env_lock
                0x08001760                __rtos_env_unlock
                0x08001774                __malloc_lock
                0x0800178c                __malloc_unlock
                0x080017a4                __env_lock
                0x080017bc                __env_unlock
                0x080017d4                __cxa_guard_acquire
                0x08001840                __cxa_guard_release
                0x08001890                __cxa_guard_abort
                0x080018d8                operator new(unsigned int)
                0x0800191c                operator new[](unsigned int)
                0x08001960                operator delete(void*)
                0x0800197c                operator delete[](void*)
 .text._ZN4mbed10FileHandle4flenEv
                0x08001998       0x7c ..\obj\retarget.o
                0x08001998                mbed::FileHandle::flen()
 .text._ZN4mbed10FileHandle4lockEv
                0x08001a14       0x14 ..\obj\retarget.o
                0x08001a14                mbed::FileHandle::lock()
 .text._ZN4mbed10FileHandle6unlockEv
                0x08001a28       0x14 ..\obj\retarget.o
                0x08001a28                mbed::FileHandle::unlock()
 .text          0x08001a3c      0x4ac ..\obj\stm32f4xx_hal_pwr_ex.o
                0x08001a3c                HAL_PWREx_EnableBkUpReg
                0x08001aa4                HAL_PWREx_DisableBkUpReg
                0x08001b0c                HAL_PWREx_EnableFlashPowerDown
                0x08001b40                HAL_PWREx_DisableFlashPowerDown
                0x08001b74                HAL_PWREx_GetVoltageRange
                0x08001b8c                HAL_PWREx_ControlVoltageScaling
                0x08001c7c                HAL_PWREx_EnableOverDrive
                0x08001d4c                HAL_PWREx_DisableOverDrive
                0x08001e1c                HAL_PWREx_EnterUnderDriveSTOPMode
 .text          0x08001ee8       0x28 ..\obj\mbed_us_ticker_api.o
                0x08001ee8                get_us_ticker_data
                0x08001efc                us_ticker_irq_handler
 .text          0x08001f10       0xf4 ..\obj\stm32f4xx_hal_i2c_ex.o
                0x08001f10                HAL_I2CEx_ConfigAnalogFilter
                0x08001f88                HAL_I2CEx_ConfigDigitalFilter
 .text          0x08002004     0x4938 ..\obj\stm32f4xx_hal_i2c.o
                0x08002004                HAL_I2C_Init
                0x080021c4                HAL_I2C_DeInit
                0x0800224c                HAL_I2C_Master_Transmit
                0x08002400                HAL_I2C_Master_Receive
                0x08002760                HAL_I2C_Slave_Transmit
                0x0800294c                HAL_I2C_Slave_Receive
                0x08002b28                HAL_I2C_Master_Transmit_IT
                0x08002c38                HAL_I2C_Master_Receive_IT
                0x08002d58                HAL_I2C_Master_Sequential_Transmit_IT
                0x08002eac                HAL_I2C_Master_Sequential_Receive_IT
                0x08003028                HAL_I2C_Slave_Transmit_IT
                0x0800313c                HAL_I2C_Slave_Receive_IT
                0x08003250                HAL_I2C_Slave_Sequential_Transmit_IT
                0x08003310                HAL_I2C_Slave_Sequential_Receive_IT
                0x080033d0                HAL_I2C_EnableListen_IT
                0x0800341c                HAL_I2C_DisableListen_IT
                0x08003490                HAL_I2C_Master_Transmit_DMA
                0x080036a0                HAL_I2C_Master_Receive_DMA
                0x080038e0                HAL_I2C_Master_Abort_IT
                0x08003984                HAL_I2C_Slave_Transmit_DMA
                0x08003be4                HAL_I2C_Slave_Receive_DMA
                0x08003dc4                HAL_I2C_Mem_Write
                0x08003f70                HAL_I2C_Mem_Read
                0x080042d0                HAL_I2C_Mem_Write_IT
                0x080043f8                HAL_I2C_Mem_Read_IT
                0x08004538                HAL_I2C_Mem_Write_DMA
                0x08004738                HAL_I2C_Mem_Read_DMA
                0x08004994                HAL_I2C_IsDeviceReady
                0x08004bd0                HAL_I2C_EV_IRQHandler
                0x08004dd8                HAL_I2C_ER_IRQHandler
                0x08004f48                HAL_I2C_SlaveTxCpltCallback
                0x08004f5c                HAL_I2C_SlaveRxCpltCallback
                0x08004f70                HAL_I2C_AddrCallback
                0x08004f8c                HAL_I2C_ListenCpltCallback
                0x08004fa0                HAL_I2C_MemTxCpltCallback
                0x08004fb4                HAL_I2C_MemRxCpltCallback
                0x08004fdc                HAL_I2C_AbortCpltCallback
                0x08004ff0                HAL_I2C_GetState
                0x0800500c                HAL_I2C_GetMode
                0x08005028                HAL_I2C_GetError
 .text          0x0800693c       0x1c ..\obj\Timeout.o
                0x0800693c                mbed::Timeout::handler()
 .text._ZN4mbed6TickerD2Ev
                0x08006958       0x5c ..\obj\Timeout.o
                0x08006958                mbed::Ticker::~Ticker()
                0x08006958                mbed::Ticker::~Ticker()
 .text._ZN4mbed6TickerD0Ev
                0x080069b4       0x20 ..\obj\Timeout.o
                0x080069b4                mbed::Ticker::~Ticker()
 .text._ZN4mbed8CallbackIFvvEED2Ev
                0x080069d4       0x24 ..\obj\Timeout.o
                0x080069d4                mbed::Callback<void ()>::~Callback()
                0x080069d4                mbed::Callback<void ()>::~Callback()
 .text._ZNK4mbed8CallbackIFvvEE4callEv
                0x080069f8       0x34 ..\obj\Timeout.o
                0x080069f8                mbed::Callback<void ()>::call() const
 .text._ZN4mbed7TimeoutD2Ev
                0x08006a2c       0x30 ..\obj\Timeout.o
                0x08006a2c                mbed::Timeout::~Timeout()
                0x08006a2c                mbed::Timeout::~Timeout()
 .text._ZN4mbed7TimeoutD0Ev
                0x08006a5c       0x20 ..\obj\Timeout.o
                0x08006a5c                mbed::Timeout::~Timeout()
 .text          0x08006a7c      0x3c4 ..\obj\rebanila.o
                0x08006b40                Rebanila::Rebanila()
                0x08006b40                Rebanila::Rebanila()
                0x08006bf4                Rebanila::out_interrupt()
 .text._ZN4mbed9DigitalInC2E7PinName
                0x08006e40       0x34 ..\obj\rebanila.o
                0x08006e40                mbed::DigitalIn::DigitalIn(PinName)
                0x08006e40                mbed::DigitalIn::DigitalIn(PinName)
 .text._ZN4mbed9DigitalIn4readEv
                0x08006e74       0x1c ..\obj\rebanila.o
                0x08006e74                mbed::DigitalIn::read()
 .text._ZN4mbed9DigitalIncviEv
                0x08006e90       0x18 ..\obj\rebanila.o
                0x08006e90                mbed::DigitalIn::operator int()
 .text._ZN4mbed10DigitalOutC2E7PinName
                0x08006ea8       0x34 ..\obj\rebanila.o
                0x08006ea8                mbed::DigitalOut::DigitalOut(PinName)
                0x08006ea8                mbed::DigitalOut::DigitalOut(PinName)
 .text._ZN4mbed10DigitalOut5writeEi
                0x08006edc       0x1c ..\obj\rebanila.o
                0x08006edc                mbed::DigitalOut::write(int)
 .text._ZN4mbed10DigitalOutaSEi
                0x08006ef8       0x1c ..\obj\rebanila.o
                0x08006ef8                mbed::DigitalOut::operator=(int)
 .text          0x08006f14     0x3e78 ..\obj\stm32f4xx_hal_tim.o
                0x08006f14                HAL_TIM_Base_Init
                0x08006f6c                HAL_TIM_Base_DeInit
                0x08006fcc                HAL_TIM_Base_MspInit
                0x08006fe0                HAL_TIM_Base_MspDeInit
                0x08006ff4                HAL_TIM_Base_Start
                0x08007028                HAL_TIM_Base_Stop
                0x0800707c                HAL_TIM_Base_Start_IT
                0x080070b0                HAL_TIM_Base_Stop_IT
                0x08007104                HAL_TIM_Base_Start_DMA
                0x0800719c                HAL_TIM_Base_Stop_DMA
                0x080071f8                HAL_TIM_OC_Init
                0x08007250                HAL_TIM_OC_DeInit
                0x080072b0                HAL_TIM_OC_MspInit
                0x080072c4                HAL_TIM_OC_MspDeInit
                0x080072d8                HAL_TIM_OC_Start
                0x08007340                HAL_TIM_OC_Stop
                0x080073e8                HAL_TIM_OC_Start_IT
                0x080074dc                HAL_TIM_OC_Stop_IT
                0x08007610                HAL_TIM_OC_Start_DMA
                0x080077d4                HAL_TIM_OC_Stop_DMA
                0x08007910                HAL_TIM_PWM_Init
                0x08007968                HAL_TIM_PWM_DeInit
                0x080079f0                HAL_TIM_PWM_Start
                0x08007a58                HAL_TIM_PWM_Stop
                0x08007b08                HAL_TIM_PWM_Start_IT
                0x08007bfc                HAL_TIM_PWM_Stop_IT
                0x08007d30                HAL_TIM_PWM_Start_DMA
                0x08007ef4                HAL_TIM_PWM_Stop_DMA
                0x08008030                HAL_TIM_IC_Init
                0x08008088                HAL_TIM_IC_DeInit
                0x080080e8                HAL_TIM_IC_MspInit
                0x080080fc                HAL_TIM_IC_MspDeInit
                0x08008110                HAL_TIM_IC_Start
                0x08008144                HAL_TIM_IC_Stop
                0x08008198                HAL_TIM_IC_Start_IT
                0x08008258                HAL_TIM_IC_Stop_IT
                0x08008338                HAL_TIM_IC_Start_DMA
                0x080084c8                HAL_TIM_IC_Stop_DMA
                0x080085b0                HAL_TIM_OnePulse_Init
                0x08008628                HAL_TIM_OnePulse_DeInit
                0x08008688                HAL_TIM_OnePulse_MspInit
                0x0800869c                HAL_TIM_OnePulse_MspDeInit
                0x080086b0                HAL_TIM_OnePulse_Start
                0x08008718                HAL_TIM_OnePulse_Stop
                0x080087d0                HAL_TIM_OnePulse_Start_IT
                0x08008858                HAL_TIM_OnePulse_Stop_IT
                0x08008930                HAL_TIM_Encoder_Init
                0x08008a5c                HAL_TIM_Encoder_DeInit
                0x08008abc                HAL_TIM_Encoder_MspInit
                0x08008ad0                HAL_TIM_Encoder_MspDeInit
                0x08008ae4                HAL_TIM_Encoder_Start
                0x08008b54                HAL_TIM_Encoder_Stop
                0x08008be4                HAL_TIM_Encoder_Start_IT
                0x08008c94                HAL_TIM_Encoder_Stop_IT
                0x08008d68                HAL_TIM_Encoder_Start_DMA
                0x08008f10                HAL_TIM_Encoder_Stop_DMA
                0x08008fe4                HAL_TIM_IRQHandler
                0x080091f4                HAL_TIM_OC_ConfigChannel
                0x080092b4                HAL_TIM_IC_ConfigChannel
                0x080093ec                HAL_TIM_PWM_ConfigChannel
                0x08009578                HAL_TIM_OnePulse_ConfigChannel
                0x080096f8                HAL_TIM_DMABurst_WriteStart
                0x080098dc                HAL_TIM_DMABurst_WriteStop
                0x0800998c                HAL_TIM_DMABurst_ReadStart
                0x08009b70                HAL_TIM_DMABurst_ReadStop
                0x08009c20                HAL_TIM_GenerateEvent
                0x08009c6c                HAL_TIM_ConfigOCrefClear
                0x08009dc0                HAL_TIM_ConfigClockSource
                0x08009f78                HAL_TIM_ConfigTI1Input
                0x08009fb4                HAL_TIM_SlaveConfigSynchronization
                0x0800a020                HAL_TIM_SlaveConfigSynchronization_IT
                0x0800a08c                HAL_TIM_ReadCapturedValue
                0x0800a130                HAL_TIM_PeriodElapsedCallback
                0x0800a144                HAL_TIM_OC_DelayElapsedCallback
                0x0800a158                HAL_TIM_IC_CaptureCallback
                0x0800a16c                HAL_TIM_PWM_PulseFinishedCallback
                0x0800a180                HAL_TIM_TriggerCallback
                0x0800a194                HAL_TIM_ErrorCallback
                0x0800a1a8                HAL_TIM_Base_GetState
                0x0800a1c4                HAL_TIM_OC_GetState
                0x0800a1e0                HAL_TIM_PWM_GetState
                0x0800a1fc                HAL_TIM_IC_GetState
                0x0800a218                HAL_TIM_OnePulse_GetState
                0x0800a234                HAL_TIM_Encoder_GetState
                0x0800a250                TIM_Base_SetConfig
                0x0800a3a0                TIM_TI1_SetConfig
                0x0800a494                TIM_OC2_SetConfig
                0x0800a584                TIM_DMADelayPulseCplt
                0x0800a5f4                TIM_DMAError
                0x0800a618                TIM_DMACaptureCplt
                0x0800a688                TIM_CCxChannelCmd
 .text          0x0800ad8c       0xbc ..\obj\mbed_board.o
                0x0800ad8c                mbed_die
                0x0800ada4                mbed_error_printf
                0x0800adc8                mbed_error_vfprintf
 .text          0x0800ae48       0x1c ..\obj\mbed_error.o
                0x0800ae48                error
 .text          0x0800ae64       0x9c ..\obj\Ticker.o
                0x0800ae64                mbed::Ticker::detach()
                0x0800ae90                mbed::Ticker::setup(unsigned long)
                0x0800aed4                mbed::Ticker::handler()
 .text._ZdlPvS_
                0x0800af00       0x14 ..\obj\Ticker.o
                0x0800af00                operator delete(void*, void*)
 .text._ZN4mbed8CallbackIFvvEEC2EPS1_
                0x0800af14       0x2c ..\obj\Ticker.o
                0x0800af14                mbed::Callback<void ()>::Callback(void (*)())
                0x0800af14                mbed::Callback<void ()>::Callback(void (*)())
 .text._ZN4mbed8CallbackIFvvEE6attachEPS1_
                0x0800af40       0x30 ..\obj\Ticker.o
                0x0800af40                mbed::Callback<void ()>::attach(void (*)())
 .text._ZN4mbed8CallbackIFvvEE8generateIPS1_EEvRKT_
                0x0800af70       0x34 ..\obj\Ticker.o
                0x0800af70                void mbed::Callback<void ()>::generate<void (*)()>(void (* const&)())
 .text._ZN4mbed8CallbackIFvvEE13function_callIPS1_EEvPKv
                0x0800afa4       0x14 ..\obj\Ticker.o
                0x0800afa4                void mbed::Callback<void ()>::function_call<void (*)()>(void const*)
 .text._ZN4mbed8CallbackIFvvEE13function_moveIPS1_EEvPvPKv
                0x0800afb8       0x28 ..\obj\Ticker.o
                0x0800afb8                void mbed::Callback<void ()>::function_move<void (*)()>(void*, void const*)
 .text._ZN4mbed8CallbackIFvvEE13function_dtorIPS1_EEvPv
                0x0800afe0       0x14 ..\obj\Ticker.o
                0x0800afe0                void mbed::Callback<void ()>::function_dtor<void (*)()>(void*)
 .text          0x0800aff4       0xd8 ..\obj\us_ticker_32b.o
                0x0800aff4                us_ticker_init
                0x0800b024                us_ticker_read
                0x0800b044                us_ticker_set_interrupt
                0x0800b07c                us_ticker_disable_interrupt
                0x0800b0a8                us_ticker_clear_interrupt
 .text          0x0800b0cc      0xcd4 ..\obj\stm32f4xx_hal_dma.o
                0x0800b0cc                HAL_DMA_Init
                0x0800b220                HAL_DMA_DeInit
                0x0800b2b8                HAL_DMA_Start
                0x0800b330                HAL_DMA_Start_IT
                0x0800b3f0                HAL_DMA_Abort
                0x0800b4d0                HAL_DMA_Abort_IT
                0x0800b514                HAL_DMA_PollForTransfer
                0x0800b6bc                HAL_DMA_IRQHandler
                0x0800ba20                HAL_DMA_RegisterCallback
                0x0800bac4                HAL_DMA_UnRegisterCallback
                0x0800bb98                HAL_DMA_GetState
                0x0800bbb4                HAL_DMA_GetError
 .text.Reset_Handler
                0x0800bda0       0x34 ..\obj\startup_stm32f446xx.o
                0x0800bda0                Reset_Handler
 .text.Default_Handler
                0x0800bdd4        0x2 ..\obj\startup_stm32f446xx.o
                0x0800bdd4                RTC_Alarm_IRQHandler
                0x0800bdd4                EXTI2_IRQHandler
                0x0800bdd4                TIM8_CC_IRQHandler
                0x0800bdd4                DebugMon_Handler
                0x0800bdd4                SPI4_IRQHandler
                0x0800bdd4                TIM1_CC_IRQHandler
                0x0800bdd4                QuadSPI_IRQHandler
                0x0800bdd4                DMA2_Stream5_IRQHandler
                0x0800bdd4                HardFault_Handler
                0x0800bdd4                DMA1_Stream5_IRQHandler
                0x0800bdd4                PVD_IRQHandler
                0x0800bdd4                SDIO_IRQHandler
                0x0800bdd4                TAMP_STAMP_IRQHandler
                0x0800bdd4                PendSV_Handler
                0x0800bdd4                NMI_Handler
                0x0800bdd4                CAN2_RX1_IRQHandler
                0x0800bdd4                EXTI3_IRQHandler
                0x0800bdd4                TIM8_TRG_COM_TIM14_IRQHandler
                0x0800bdd4                TIM1_UP_TIM10_IRQHandler
                0x0800bdd4                TIM8_UP_TIM13_IRQHandler
                0x0800bdd4                I2C3_ER_IRQHandler
                0x0800bdd4                FMPI2C1_Event_IRQHandler
                0x0800bdd4                EXTI0_IRQHandler
                0x0800bdd4                I2C2_EV_IRQHandler
                0x0800bdd4                DMA1_Stream2_IRQHandler
                0x0800bdd4                CAN1_RX0_IRQHandler
                0x0800bdd4                FPU_IRQHandler
                0x0800bdd4                OTG_HS_WKUP_IRQHandler
                0x0800bdd4                UsageFault_Handler
                0x0800bdd4                CAN2_SCE_IRQHandler
                0x0800bdd4                DMA2_Stream2_IRQHandler
                0x0800bdd4                SPI1_IRQHandler
                0x0800bdd4                TIM6_DAC_IRQHandler
                0x0800bdd4                TIM1_BRK_TIM9_IRQHandler
                0x0800bdd4                DCMI_IRQHandler
                0x0800bdd4                CAN2_RX0_IRQHandler
                0x0800bdd4                DMA2_Stream3_IRQHandler
                0x0800bdd4                SAI2_IRQHandler
                0x0800bdd4                USART6_IRQHandler
                0x0800bdd4                USART3_IRQHandler
                0x0800bdd4                CAN1_RX1_IRQHandler
                0x0800bdd4                UART5_IRQHandler
                0x0800bdd4                DMA2_Stream0_IRQHandler
                0x0800bdd4                TIM4_IRQHandler
                0x0800bdd4                I2C1_EV_IRQHandler
                0x0800bdd4                DMA1_Stream6_IRQHandler
                0x0800bdd4                DMA1_Stream1_IRQHandler
                0x0800bdd4                UART4_IRQHandler
                0x0800bdd4                TIM3_IRQHandler
                0x0800bdd4                RCC_IRQHandler
                0x0800bdd4                TIM8_BRK_TIM12_IRQHandler
                0x0800bdd4                Default_Handler
                0x0800bdd4                CEC_IRQHandler
                0x0800bdd4                EXTI15_10_IRQHandler
                0x0800bdd4                ADC_IRQHandler
                0x0800bdd4                DMA1_Stream7_IRQHandler
                0x0800bdd4                TIM7_IRQHandler
                0x0800bdd4                CAN2_TX_IRQHandler
                0x0800bdd4                TIM5_IRQHandler
                0x0800bdd4                DMA2_Stream7_IRQHandler
                0x0800bdd4                I2C3_EV_IRQHandler
                0x0800bdd4                EXTI9_5_IRQHandler
                0x0800bdd4                RTC_WKUP_IRQHandler
                0x0800bdd4                SPDIF_RX_IRQHandler
                0x0800bdd4                SPI2_IRQHandler
                0x0800bdd4                OTG_HS_EP1_IN_IRQHandler
                0x0800bdd4                MemManage_Handler
                0x0800bdd4                DMA1_Stream0_IRQHandler
                0x0800bdd4                CAN1_TX_IRQHandler
                0x0800bdd4                SVC_Handler
                0x0800bdd4                EXTI4_IRQHandler
                0x0800bdd4                OTG_HS_EP1_OUT_IRQHandler
                0x0800bdd4                WWDG_IRQHandler
                0x0800bdd4                TIM2_IRQHandler
                0x0800bdd4                OTG_FS_WKUP_IRQHandler
                0x0800bdd4                TIM1_TRG_COM_TIM11_IRQHandler
                0x0800bdd4                OTG_HS_IRQHandler
                0x0800bdd4                EXTI1_IRQHandler
                0x0800bdd4                USART2_IRQHandler
                0x0800bdd4                I2C2_ER_IRQHandler
                0x0800bdd4                DMA2_Stream1_IRQHandler
                0x0800bdd4                CAN1_SCE_IRQHandler
                0x0800bdd4                FLASH_IRQHandler
                0x0800bdd4                DMA2_Stream4_IRQHandler
                0x0800bdd4                BusFault_Handler
                0x0800bdd4                USART1_IRQHandler
                0x0800bdd4                OTG_FS_IRQHandler
                0x0800bdd4                SPI3_IRQHandler
                0x0800bdd4                DMA1_Stream4_IRQHandler
                0x0800bdd4                I2C1_ER_IRQHandler
                0x0800bdd4                FMC_IRQHandler
                0x0800bdd4                DMA2_Stream6_IRQHandler
                0x0800bdd4                SAI1_IRQHandler
                0x0800bdd4                DMA1_Stream3_IRQHandler
                0x0800bdd4                FMPI2C1_Error_IRQHandler
 *fill*         0x0800bdd6        0x2 
 .text          0x0800bdd8      0xbbc ..\obj\i2c_api.o
                0x0800beec                i2c_ev_err_enable
                0x0800bf5c                i2c_ev_err_disable
                0x0800bf94                i2c_get_irq_handler
                0x0800c018                i2c_hw_reset
                0x0800c110                i2c_init
                0x0800c38c                i2c_frequency
                0x0800c424                get_i2c_obj
                0x0800c444                i2c_start
                0x0800c4c4                i2c_stop
                0x0800c510                i2c_byte_read
                0x0800c584                i2c_byte_write
                0x0800c614                i2c_reset
                0x0800c644                i2c_read
                0x0800c7ac                i2c_write
                0x0800c914                HAL_I2C_MasterTxCpltCallback
                0x0800c938                HAL_I2C_MasterRxCpltCallback
                0x0800c95c                HAL_I2C_ErrorCallback
 .text          0x0800c994      0x3ac ..\obj\system_stm32f4xx.o
                0x0800c994                SystemInit
                0x0800ca18                SystemCoreClockUpdate
                0x0800cb10                SetSysClock
                0x0800cb3c                SetSysClock_PLL_HSE
                0x0800cc74                SetSysClock_PLL_HSI
 .text          0x0800cd40     0x17a4 ..\obj\stm32f4xx_hal_rcc_ex.o
                0x0800cd40                HAL_RCC_DeInit
                0x0800cdc4                HAL_RCCEx_PeriphCLKConfig
                0x0800d868                HAL_RCCEx_GetPeriphCLKConfig
                0x0800dad8                HAL_RCCEx_GetPeriphCLKFreq
                0x0800dcc8                HAL_RCC_OscConfig
                0x0800e144                HAL_RCC_GetOscConfig
                0x0800e2d4                HAL_RCCEx_SelectLSEMode
                0x0800e30c                HAL_RCC_GetSysClockFreq
 .text          0x0800e4e4      0x4d0 ..\obj\Stream.o
                0x0800e4e4                mbed::Stream::Stream(char const*)
                0x0800e4e4                mbed::Stream::Stream(char const*)
                0x0800e55c                mbed::Stream::~Stream()
                0x0800e55c                mbed::Stream::~Stream()
                0x0800e5b0                non-virtual thunk to mbed::Stream::~Stream()
                0x0800e5b8                mbed::Stream::~Stream()
                0x0800e5d8                non-virtual thunk to mbed::Stream::~Stream()
                0x0800e5e0                mbed::Stream::putc(int)
                0x0800e62c                mbed::Stream::puts(char const*)
                0x0800e678                mbed::Stream::getc()
                0x0800e6c0                mbed::Stream::gets(char*, int)
                0x0800e710                mbed::Stream::close()
                0x0800e724                mbed::Stream::write(void const*, unsigned int)
                0x0800e79c                mbed::Stream::read(void*, unsigned int)
                0x0800e810                mbed::Stream::lseek(long, int)
                0x0800e828                mbed::Stream::isatty()
                0x0800e83c                mbed::Stream::fsync()
                0x0800e850                mbed::Stream::flen()
                0x0800e864                mbed::Stream::printf(char const*, ...)
                0x0800e8bc                mbed::Stream::scanf(char const*, ...)
                0x0800e914                mbed::Stream::vprintf(char const*, std::__va_list)
                0x0800e964                mbed::Stream::vscanf(char const*, std::__va_list)
 .text          0x0800e9b4       0x74 ..\obj\mbed_wait_api_no_rtos.o
                0x0800e9b4                wait
                0x0800e9e0                wait_ms
                0x0800ea00                wait_us
 .text          0x0800ea28       0x10 ..\obj\stm32f4xx_it.o
                0x0800ea28                SysTick_Handler
 .text          0x0800ea38       0x98 ..\obj\FileSystemLike.o
                0x0800ea38                mbed::FileSystemLike::FileSystemLike(char const*)
                0x0800ea38                mbed::FileSystemLike::FileSystemLike(char const*)
                0x0800ea64                mbed::FileSystemLike::~FileSystemLike()
                0x0800ea64                mbed::FileSystemLike::~FileSystemLike()
                0x0800ea94                mbed::FileSystemLike::~FileSystemLike()
                0x0800eab4                mbed::FileSystemLike::opendir()
 .text._ZN4mbed9DirHandle7telldirEv
                0x0800ead0       0x18 ..\obj\FileSystemLike.o
                0x0800ead0                mbed::DirHandle::telldir()
 .text._ZN4mbed9DirHandle7seekdirEl
                0x0800eae8       0x14 ..\obj\FileSystemLike.o
                0x0800eae8                mbed::DirHandle::seekdir(long)
 .text._ZN4mbed9DirHandleD2Ev
                0x0800eafc       0x28 ..\obj\FileSystemLike.o
                0x0800eafc                mbed::DirHandle::~DirHandle()
                0x0800eafc                mbed::DirHandle::~DirHandle()
 .text._ZN4mbed9DirHandleD0Ev
                0x0800eb24       0x20 ..\obj\FileSystemLike.o
                0x0800eb24                mbed::DirHandle::~DirHandle()
 .text._ZN4mbed9DirHandle4lockEv
                0x0800eb44       0x14 ..\obj\FileSystemLike.o
                0x0800eb44                mbed::DirHandle::lock()
 .text._ZN4mbed9DirHandle6unlockEv
                0x0800eb58       0x14 ..\obj\FileSystemLike.o
                0x0800eb58                mbed::DirHandle::unlock()
 .text._ZN4mbed14FileSystemLike6removeEPKc
                0x0800eb6c       0x18 ..\obj\FileSystemLike.o
                0x0800eb6c                mbed::FileSystemLike::remove(char const*)
 .text._ZN4mbed14FileSystemLike6renameEPKcS2_
                0x0800eb84       0x1c ..\obj\FileSystemLike.o
                0x0800eb84                mbed::FileSystemLike::rename(char const*, char const*)
 .text._ZN4mbed14FileSystemLike7opendirEPKc
                0x0800eba0       0x18 ..\obj\FileSystemLike.o
                0x0800eba0                mbed::FileSystemLike::opendir(char const*)
 .text._ZN4mbed14FileSystemLike5mkdirEPKcm
                0x0800ebb8       0x1c ..\obj\FileSystemLike.o
                0x0800ebb8                mbed::FileSystemLike::mkdir(char const*, unsigned long)
 .text._ZN4mbed9DirHandleC2Ev
                0x0800ebd4       0x20 ..\obj\FileSystemLike.o
                0x0800ebd4                mbed::DirHandle::DirHandle()
                0x0800ebd4                mbed::DirHandle::DirHandle()
 .text._ZN4mbed13BaseDirHandleC2Ev
                0x0800ebf4       0x48 ..\obj\FileSystemLike.o
                0x0800ebf4                mbed::BaseDirHandle::BaseDirHandle()
                0x0800ebf4                mbed::BaseDirHandle::BaseDirHandle()
 .text._ZN4mbed13BaseDirHandle8closedirEv
                0x0800ec3c       0x24 ..\obj\FileSystemLike.o
                0x0800ec3c                mbed::BaseDirHandle::closedir()
 .text._ZN4mbed13BaseDirHandle7readdirEv
                0x0800ec60       0x74 ..\obj\FileSystemLike.o
                0x0800ec60                mbed::BaseDirHandle::readdir()
 .text._ZN4mbed13BaseDirHandle7telldirEv
                0x0800ecd4       0x30 ..\obj\FileSystemLike.o
                0x0800ecd4                mbed::BaseDirHandle::telldir()
 .text._ZN4mbed13BaseDirHandle7seekdirEl
                0x0800ed04       0x30 ..\obj\FileSystemLike.o
                0x0800ed04                mbed::BaseDirHandle::seekdir(long)
 .text._ZN4mbed13BaseDirHandle9rewinddirEv
                0x0800ed34       0x30 ..\obj\FileSystemLike.o
                0x0800ed34                mbed::BaseDirHandle::rewinddir()
 .text._ZN4mbed13BaseDirHandle4lockEv
                0x0800ed64       0x1c ..\obj\FileSystemLike.o
                0x0800ed64                mbed::BaseDirHandle::lock()
 .text._ZN4mbed13BaseDirHandle6unlockEv
                0x0800ed80       0x1c ..\obj\FileSystemLike.o
                0x0800ed80                mbed::BaseDirHandle::unlock()
 .text._ZN4mbed13BaseDirHandleD2Ev
                0x0800ed9c       0x3c ..\obj\FileSystemLike.o
                0x0800ed9c                mbed::BaseDirHandle::~BaseDirHandle()
                0x0800ed9c                mbed::BaseDirHandle::~BaseDirHandle()
 .text._ZN4mbed13BaseDirHandleD0Ev
                0x0800edd8       0x20 ..\obj\FileSystemLike.o
                0x0800edd8                mbed::BaseDirHandle::~BaseDirHandle()
 .text          0x0800edf8     0x180c ..\obj\stm32f4xx_hal_uart.o
                0x0800edf8                HAL_UART_Init
                0x0800ee94                HAL_HalfDuplex_Init
                0x0800ef40                HAL_LIN_Init
                0x0800f00c                HAL_MultiProcessor_Init
                0x0800f0ec                HAL_UART_DeInit
                0x0800f134                HAL_UART_MspInit
                0x0800f148                HAL_UART_MspDeInit
                0x0800f15c                HAL_UART_Transmit
                0x0800f288                HAL_UART_Receive
                0x0800f3d0                HAL_UART_Transmit_IT
                0x0800f458                HAL_UART_Receive_IT
                0x0800f500                HAL_UART_Transmit_DMA
                0x0800f5d8                HAL_UART_Receive_DMA
                0x0800f6c0                HAL_UART_DMAPause
                0x0800f788                HAL_UART_DMAResume
                0x0800f828                HAL_UART_DMAStop
                0x0800f8e0                HAL_UART_IRQHandler
                0x0800fad0                HAL_UART_TxCpltCallback
                0x0800fae4                HAL_UART_TxHalfCpltCallback
                0x0800faf8                HAL_UART_RxCpltCallback
                0x0800fb0c                HAL_UART_RxHalfCpltCallback
                0x0800fb20                HAL_UART_ErrorCallback
                0x0800fb34                HAL_LIN_SendBreak
                0x0800fb88                HAL_MultiProcessor_EnterMuteMode
                0x0800fbdc                HAL_MultiProcessor_ExitMuteMode
                0x0800fc30                HAL_HalfDuplex_EnableTransmitter
                0x0800fc98                HAL_HalfDuplex_EnableReceiver
                0x0800fd00                HAL_UART_GetState
                0x0800fd3c                HAL_UART_GetError
 .text._ZN4mbed8CallbackIFvvEEC2ERKS2_
                0x08010604       0x30 ..\obj\CallChain.o
                0x08010604                mbed::Callback<void ()>::Callback(mbed::Callback<void ()> const&)
                0x08010604                mbed::Callback<void ()>::Callback(mbed::Callback<void ()> const&)
 .text          0x08010634      0x5a8 ..\obj\stm32f4xx_hal_cortex.o
                0x080109a8                HAL_NVIC_SetPriorityGrouping
                0x080109c0                HAL_NVIC_SetPriority
                0x080109f8                HAL_NVIC_EnableIRQ
                0x08010a14                HAL_NVIC_DisableIRQ
                0x08010a30                HAL_NVIC_SystemReset
                0x08010a3c                HAL_SYSTICK_Config
                0x08010a54                HAL_MPU_ConfigRegion
                0x08010ad8                HAL_NVIC_GetPriorityGrouping
                0x08010ae8                HAL_NVIC_GetPriority
                0x08010b14                HAL_NVIC_SetPendingIRQ
                0x08010b30                HAL_NVIC_GetPendingIRQ
                0x08010b50                HAL_NVIC_ClearPendingIRQ
                0x08010b6c                HAL_NVIC_GetActive
                0x08010b8c                HAL_SYSTICK_CLKSourceConfig
                0x08010bc4                HAL_SYSTICK_IRQHandler
                0x08010bd0                HAL_SYSTICK_Callback
 .text          0x08010bdc      0x128 ..\obj\gpio_api.o
                0x08010bdc                gpio_set
                0x08010c24                gpio_init
                0x08010c88                gpio_mode
                0x08010cac                gpio_dir
 .text          0x08010d04       0x2c ..\obj\mbed_assert.o
                0x08010d04                mbed_assert_internal
 .text          0x08010d30      0x35c ..\obj\SerialBase.o
                0x08010d3c                mbed::SerialBase::SerialBase(PinName, PinName, int)
                0x08010d3c                mbed::SerialBase::SerialBase(PinName, PinName, int)
                0x08010e40                mbed::SerialBase::baud(int)
                0x08010e7c                mbed::SerialBase::format(int, mbed::SerialBase::Parity, int)
                0x08010eb8                mbed::SerialBase::readable()
                0x08010ef0                mbed::SerialBase::writeable()
                0x08010f28                mbed::SerialBase::attach(mbed::Callback<void ()>, mbed::SerialBase::IrqType)
                0x08010fb0                mbed::SerialBase::_irq_handler(unsigned long, SerialIrq)
                0x08010fd8                mbed::SerialBase::_base_getc()
                0x08010ff4                mbed::SerialBase::_base_putc(int)
                0x08011014                mbed::SerialBase::send_break()
                0x08011064                mbed::SerialBase::lock()
                0x08011078                mbed::SerialBase::unlock()
 .text._ZN4mbed10SerialBaseD2Ev
                0x0801108c       0x4c ..\obj\SerialBase.o
                0x0801108c                mbed::SerialBase::~SerialBase()
                0x0801108c                mbed::SerialBase::~SerialBase()
 .text._ZN4mbed10SerialBaseD0Ev
                0x080110d8       0x20 ..\obj\SerialBase.o
                0x080110d8                mbed::SerialBase::~SerialBase()
 .text._ZNK4mbed8CallbackIFvvEEcvbEv
                0x080110f8       0x20 ..\obj\SerialBase.o
                0x080110f8                mbed::Callback<void ()>::operator bool() const
 .text._ZN4mbed8CallbackIFvvEE6attachERKS2_
                0x08011118       0x40 ..\obj\SerialBase.o
                0x08011118                mbed::Callback<void ()>::attach(mbed::Callback<void ()> const&)
 .text          0x08011158      0xa10 ..\obj\serial_api.o
                0x0801127c                serial_init
                0x08011530                serial_free
                0x08011680                serial_baud
                0x080116a4                serial_format
                0x08011844                serial_irq_handler
                0x08011878                serial_irq_set
                0x080119dc                serial_getc
                0x08011a18                serial_putc
                0x08011a58                serial_readable
                0x08011a94                serial_writable
                0x08011ad0                serial_clear
                0x08011b04                serial_pinout_tx
                0x08011b28                serial_break_set
                0x08011b54                serial_break_clear
 .text          0x08011b68       0xa0 ..\obj\cmsis_nvic.o
                0x08011b68                __NVIC_SetVector
                0x08011bdc                __NVIC_GetVector
 .text          0x08011c08      0x220 ..\obj\initi.o
                0x08011c08                SystemClock_Config
                0x08011cf0                MX_I2C1_Init
                0x08011d58                MX_GPIO_Init
                0x08011e20                Error_Handler
 .text          0x08011e28       0xd0 ..\obj\FileLike.o
                0x08011e28                mbed::FileLike::FileLike(char const*)
                0x08011e28                mbed::FileLike::FileLike(char const*)
                0x08011e74                mbed::FileLike::~FileLike()
                0x08011e74                mbed::FileLike::~FileLike()
                0x08011ec8                non-virtual thunk to mbed::FileLike::~FileLike()
                0x08011ed0                mbed::FileLike::~FileLike()
                0x08011ef0                non-virtual thunk to mbed::FileLike::~FileLike()
 .text._ZN4mbed10FileHandleC2Ev
                0x08011ef8       0x20 ..\obj\FileLike.o
                0x08011ef8                mbed::FileHandle::FileHandle()
                0x08011ef8                mbed::FileHandle::FileHandle()
 .text          0x08011f18      0x1c8 ..\obj\mbed_gpio.o
                0x08011ff4                gpio_init_in
                0x08012018                gpio_init_in_ex
                0x08012040                gpio_init_out
                0x08012064                gpio_init_out_ex
                0x08012088                gpio_init_inout
 .text          0x080120e0      0x46c ..\obj\mbed_critical.o
                0x080120e0                core_util_are_interrupts_enabled
                0x08012108                core_util_critical_section_enter
                0x08012198                core_util_critical_section_exit
                0x08012218                core_util_atomic_cas_u8
                0x08012284                core_util_atomic_cas_u16
                0x080122e4                core_util_atomic_cas_u32
                0x08012340                core_util_atomic_incr_u8
                0x08012388                core_util_atomic_incr_u16
                0x080123d0                core_util_atomic_incr_u32
                0x08012414                core_util_atomic_decr_u8
                0x0801245c                core_util_atomic_decr_u16
                0x080124a4                core_util_atomic_decr_u32
                0x080124e8                core_util_atomic_cas_ptr
                0x0801250c                core_util_atomic_incr_ptr
                0x0801252c                core_util_atomic_decr_ptr
 .text          0x0801254c      0x370 ..\obj\main.o
                0x080125d0                main
                0x080126d4                PinInit()
                0x0801271c                NVIC_Init()
 .text._ZN4mbed3I2CD2Ev
                0x080128bc       0x28 ..\obj\main.o
                0x080128bc                mbed::I2C::~I2C()
                0x080128bc                mbed::I2C::~I2C()
 .text._ZN4mbed3I2CD0Ev
                0x080128e4       0x20 ..\obj\main.o
                0x080128e4                mbed::I2C::~I2C()
 .text._ZN8RebanilaD2Ev
                0x08012904       0x14 ..\obj\main.o
                0x08012904                Rebanila::~Rebanila()
                0x08012904                Rebanila::~Rebanila()
 .text._ZN4mbed6SerialD2Ev
                0x08012918       0x78 ..\obj\main.o
                0x08012918                mbed::Serial::~Serial()
                0x08012918                mbed::Serial::~Serial()
                0x08012980                non-virtual thunk to mbed::Serial::~Serial()
                0x08012988                non-virtual thunk to mbed::Serial::~Serial()
 .text._ZN4mbed6SerialD0Ev
                0x08012990       0x30 ..\obj\main.o
                0x08012990                mbed::Serial::~Serial()
                0x080129b0                non-virtual thunk to mbed::Serial::~Serial()
                0x080129b8                non-virtual thunk to mbed::Serial::~Serial()
 .text._ZN6M24C64D2Ev
                0x080129c0       0x1c ..\obj\main.o
                0x080129c0                M24C64::~M24C64()
                0x080129c0                M24C64::~M24C64()
 .text          0x080129dc     0x149c ..\obj\stm32f4xx_hal_tim_ex.o
                0x080129dc                HAL_TIMEx_HallSensor_Init
                0x08012af4                HAL_TIMEx_HallSensor_DeInit
                0x08012b54                HAL_TIMEx_HallSensor_MspInit
                0x08012b68                HAL_TIMEx_HallSensor_MspDeInit
                0x08012b7c                HAL_TIMEx_HallSensor_Start
                0x08012bac                HAL_TIMEx_HallSensor_Stop
                0x08012bfc                HAL_TIMEx_HallSensor_Start_IT
                0x08012c3c                HAL_TIMEx_HallSensor_Stop_IT
                0x08012c9c                HAL_TIMEx_HallSensor_Start_DMA
                0x08012d44                HAL_TIMEx_HallSensor_Stop_DMA
                0x08012da4                HAL_TIMEx_OCN_Start
                0x08012de8                HAL_TIMEx_OCN_Stop
                0x08012e6c                HAL_TIMEx_OCN_Start_IT
                0x08012f4c                HAL_TIMEx_OCN_Stop_IT
                0x0801307c                HAL_TIMEx_OCN_Start_DMA
                0x0801321c                HAL_TIMEx_OCN_Stop_DMA
                0x08013334                HAL_TIMEx_PWMN_Start
                0x08013378                HAL_TIMEx_PWMN_Stop
                0x080133fc                HAL_TIMEx_PWMN_Start_IT
                0x080134dc                HAL_TIMEx_PWMN_Stop_IT
                0x0801360c                HAL_TIMEx_PWMN_Start_DMA
                0x080137ac                HAL_TIMEx_PWMN_Stop_DMA
                0x080138c4                HAL_TIMEx_OnePulseN_Start
                0x080138f8                HAL_TIMEx_OnePulseN_Stop
                0x0801397c                HAL_TIMEx_OnePulseN_Start_IT
                0x080139d0                HAL_TIMEx_OnePulseN_Stop_IT
                0x08013a74                HAL_TIMEx_ConfigCommutationEvent
                0x08013b14                HAL_TIMEx_ConfigCommutationEvent_IT
                0x08013bc4                HAL_TIMEx_ConfigCommutationEvent_DMA
                0x08013c8c                HAL_TIMEx_MasterConfigSynchronization
                0x08013d14                HAL_TIMEx_ConfigBreakDeadTime
                0x08013d88                HAL_TIMEx_RemapConfig
                0x08013dcc                HAL_TIMEx_CommutationCallback
                0x08013de0                HAL_TIMEx_BreakCallback
                0x08013df4                HAL_TIMEx_HallSensor_GetState
                0x08013e10                TIMEx_DMACommutationCplt
 .text          0x08013e78      0x174 ..\obj\Serial.o
                0x08013e78                mbed::Serial::Serial(PinName, PinName, char const*, int)
                0x08013e78                mbed::Serial::Serial(PinName, PinName, char const*, int)
                0x08013ee8                mbed::Serial::Serial(PinName, PinName, int)
                0x08013ee8                mbed::Serial::Serial(PinName, PinName, int)
                0x08013f58                mbed::Serial::_getc()
                0x08013f74                non-virtual thunk to mbed::Serial::_getc()
                0x08013f7c                mbed::Serial::_putc(int)
                0x08013f9c                non-virtual thunk to mbed::Serial::_putc(int)
                0x08013fa4                mbed::Serial::lock()
                0x08013fc0                non-virtual thunk to mbed::Serial::lock()
                0x08013fc8                mbed::Serial::unlock()
                0x08013fe4                non-virtual thunk to mbed::Serial::unlock()
 .text          0x08013fec      0x250 ..\obj\eeprom.o
                0x08013fec                M24C64::M24C64()
                0x08013fec                M24C64::M24C64()
                0x08014028                M24C64::M24C64(PinName, PinName)
                0x08014028                M24C64::M24C64(PinName, PinName)
                0x08014070                M24C64::Read(unsigned short, unsigned char*, unsigned short)
                0x080140e0                M24C64::Write(unsigned short, unsigned char*, unsigned short)
 .text          0x0801423c      0x330 ..\obj\propo.o
                0x0801423c                _PROPO::_PROPO()
                0x0801423c                _PROPO::_PROPO()
                0x080142d4                _PROPO::propo1_interrupt()
                0x080143a4                _PROPO::propo2_interrupt()
                0x08014438                _PROPO::propo3_interrupt()
                0x080144cc                _PROPO::propo4_interrupt()
                0x08014560                _PROPO::propo7_interrupt()
 .text          0x0801456c      0x2d4 ..\obj\stm32f4xx_hal.o
                0x0801456c                HAL_Init
                0x080145b0                HAL_DeInit
                0x08014614                HAL_MspDeInit
                0x08014658                HAL_IncTick
                0x08014674                HAL_GetTick
                0x080146ec                HAL_GetHalVersion
                0x08014700                HAL_GetREVID
                0x08014718                HAL_GetDEVID
                0x08014730                HAL_DBGMCU_EnableDBGSleepMode
                0x0801474c                HAL_DBGMCU_DisableDBGSleepMode
                0x08014768                HAL_DBGMCU_EnableDBGStopMode
                0x08014784                HAL_DBGMCU_DisableDBGStopMode
                0x080147a0                HAL_DBGMCU_EnableDBGStandbyMode
                0x080147bc                HAL_DBGMCU_DisableDBGStandbyMode
                0x080147d8                HAL_EnableCompensationCell
                0x0801480c                HAL_DisableCompensationCell
 .text          0x08014840      0xaf0 ..\obj\stm32f4xx_hal_rcc.o
                0x08014c70                HAL_RCC_ClockConfig
                0x08014e94                HAL_RCC_MCOConfig
                0x08014f64                HAL_RCC_EnableCSS
                0x08014f7c                HAL_RCC_DisableCSS
                0x08015090                HAL_RCC_GetHCLKFreq
                0x080150a4                HAL_RCC_GetPCLK1Freq
                0x080150e8                HAL_RCC_GetPCLK2Freq
                0x0801529c                HAL_RCC_GetClockConfig
                0x080152fc                HAL_RCC_NMI_IRQHandler
                0x08015324                HAL_RCC_CSSCallback
 .text          0x08015330      0x620 ..\obj\stm32f4xx_hal_gpio.o
                0x08015330                HAL_GPIO_Init
                0x08015654                HAL_GPIO_DeInit
                0x08015838                HAL_GPIO_ReadPin
                0x08015868                HAL_GPIO_WritePin
                0x08015898                HAL_GPIO_TogglePin
                0x080158bc                HAL_GPIO_LockPin
                0x0801590c                HAL_GPIO_EXTI_IRQHandler
                0x0801593c                HAL_GPIO_EXTI_Callback
 .text          0x08015950      0x23c ..\obj\hal_tick_32b.o
                0x08015980                timer_irq_handler
                0x08015a18                HAL_InitTick
                0x08015b34                HAL_SuspendTick
                0x08015b60                HAL_ResumeTick
 .text          0x08015b8c      0x30c ..\obj\I2C.o
                0x08015ba4                mbed::I2C::I2C(PinName, PinName)
                0x08015ba4                mbed::I2C::I2C(PinName, PinName)
                0x08015bfc                mbed::I2C::frequency(int)
                0x08015c44                mbed::I2C::aquire()
                0x08015c90                mbed::I2C::write(int, char const*, int, bool)
                0x08015cf8                mbed::I2C::write(int)
                0x08015d34                mbed::I2C::read(int, char*, int, bool)
                0x08015d9c                mbed::I2C::read(int)
                0x08015df0                mbed::I2C::start()
                0x08015e20                mbed::I2C::stop()
                0x08015e50                mbed::I2C::lock()
                0x08015e74                mbed::I2C::unlock()
 .text          0x08015e98      0x1b8 ..\obj\stm32f4xx_hal_msp.o
                0x08015e98                HAL_MspInit
                0x08015efc                HAL_I2C_MspInit
                0x08015f60                HAL_I2C_MspDeInit
                0x08015f9c                HAL_TIM_PWM_MspInit
                0x08015fdc                HAL_TIM_MspPostInit
                0x08016020                HAL_TIM_PWM_MspDeInit
 .text._ZN10__cxxabiv1L24__is_gxx_exception_classEPc
                0x08016050       0x3c d:/gcc-arm-none-eabi-5_4-2016q3-20160926-win32/bin/../lib/gcc/arm-none-eabi/5.4.1/../../../../arm-none-eabi/lib/armv7e-m\libstdc++.a(eh_call.o)
 .text.__cxa_call_terminate
                0x0801608c       0x20 d:/gcc-arm-none-eabi-5_4-2016q3-20160926-win32/bin/../lib/gcc/arm-none-eabi/5.4.1/../../../../arm-none-eabi/lib/armv7e-m\libstdc++.a(eh_call.o)
                0x0801608c                __cxa_call_terminate
 .text.__cxa_call_unexpected
                0x080160ac       0xe8 d:/gcc-arm-none-eabi-5_4-2016q3-20160926-win32/bin/../lib/gcc/arm-none-eabi/5.4.1/../../../../arm-none-eabi/lib/armv7e-m\libstdc++.a(eh_call.o)
                0x080160ac                __cxa_call_unexpected
 .text.__aeabi_atexit
                0x08016194        0xc d:/gcc-arm-none-eabi-5_4-2016q3-20160926-win32/bin/../lib/gcc/arm-none-eabi/5.4.1/../../../../arm-none-eabi/lib/armv7e-m\libstdc++.a(atexit_arm.o)
                0x08016194                __aeabi_atexit
 .text.__cxa_begin_catch
                0x080161a0       0x8c d:/gcc-arm-none-eabi-5_4-2016q3-20160926-win32/bin/../lib/gcc/arm-none-eabi/5.4.1/../../../../arm-none-eabi/lib/armv7e-m\libstdc++.a(eh_catch.o)
                0x080161a0                __cxa_begin_catch
 .text.__cxa_end_catch
                0x0801622c       0x8c d:/gcc-arm-none-eabi-5_4-2016q3-20160926-win32/bin/../lib/gcc/arm-none-eabi/5.4.1/../../../../arm-none-eabi/lib/armv7e-m\libstdc++.a(eh_catch.o)
                0x0801622c                __cxa_end_catch
 .text._ZN10__cxxabiv120__si_class_type_infoD2Ev
                0x080162b8       0x14 d:/gcc-arm-none-eabi-5_4-2016q3-20160926-win32/bin/../lib/gcc/arm-none-eabi/5.4.1/../../../../arm-none-eabi/lib/armv7e-m\libstdc++.a(si_class_type_info.o)
                0x080162b8                __cxxabiv1::__si_class_type_info::~__si_class_type_info()
                0x080162b8                __cxxabiv1::__si_class_type_info::~__si_class_type_info()
 .text._ZN10__cxxabiv120__si_class_type_infoD0Ev
                0x080162cc       0x1c d:/gcc-arm-none-eabi-5_4-2016q3-20160926-win32/bin/../lib/gcc/arm-none-eabi/5.4.1/../../../../arm-none-eabi/lib/armv7e-m\libstdc++.a(si_class_type_info.o)
                0x080162cc                __cxxabiv1::__si_class_type_info::~__si_class_type_info()
 .text._ZNK10__cxxabiv120__si_class_type_info12__do_dyncastEiNS_17__class_type_info10__sub_kindEPKS1_PKvS4_S6_RNS1_16__dyncast_resultE
                0x080162e8       0x90 d:/gcc-arm-none-eabi-5_4-2016q3-20160926-win32/bin/../lib/gcc/arm-none-eabi/5.4.1/../../../../arm-none-eabi/lib/armv7e-m\libstdc++.a(si_class_type_info.o)
                0x080162e8                __cxxabiv1::__si_class_type_info::__do_dyncast(int, __cxxabiv1::__class_type_info::__sub_kind, __cxxabiv1::__class_type_info const*, void const*, __cxxabiv1::__class_type_info const*, void const*, __cxxabiv1::__class_type_info::__dyncast_result&) const
 .text._ZNK10__cxxabiv120__si_class_type_info20__do_find_public_srcEiPKvPKNS_17__class_type_infoES2_
                0x08016378       0x3c d:/gcc-arm-none-eabi-5_4-2016q3-20160926-win32/bin/../lib/gcc/arm-none-eabi/5.4.1/../../../../arm-none-eabi/lib/armv7e-m\libstdc++.a(si_class_type_info.o)
                0x08016378                __cxxabiv1::__si_class_type_info::__do_find_public_src(int, void const*, __cxxabiv1::__class_type_info const*, void const*) const
 .text._ZNK10__cxxabiv120__si_class_type_info11__do_upcastEPKNS_17__class_type_infoEPKvRNS1_15__upcast_resultE
                0x080163b4       0x2c d:/gcc-arm-none-eabi-5_4-2016q3-20160926-win32/bin/../lib/gcc/arm-none-eabi/5.4.1/../../../../arm-none-eabi/lib/armv7e-m\libstdc++.a(si_class_type_info.o)
                0x080163b4                __cxxabiv1::__si_class_type_info::__do_upcast(__cxxabiv1::__class_type_info const*, void const*, __cxxabiv1::__class_type_info::__upcast_result&) const
 .text._ZL23__gxx_exception_cleanup19_Unwind_Reason_CodeP21_Unwind_Control_Block
                0x080163e0       0x44 d:/gcc-arm-none-eabi-5_4-2016q3-20160926-win32/bin/../lib/gcc/arm-none-eabi/5.4.1/../../../../arm-none-eabi/lib/armv7e-m\libstdc++.a(eh_throw.o)
 .text.__cxa_throw
                0x08016424       0x7c d:/gcc-arm-none-eabi-5_4-2016q3-20160926-win32/bin/../lib/gcc/arm-none-eabi/5.4.1/../../../../arm-none-eabi/lib/armv7e-m\libstdc++.a(eh_throw.o)
                0x08016424                __cxa_throw
 .text.__cxa_rethrow
                0x080164a0       0x70 d:/gcc-arm-none-eabi-5_4-2016q3-20160926-win32/bin/../lib/gcc/arm-none-eabi/5.4.1/../../../../arm-none-eabi/lib/armv7e-m\libstdc++.a(eh_throw.o)
                0x080164a0                __cxa_rethrow
 .text._ZL28read_encoded_value_with_basehjPKhPj
                0x08016510       0xc0 d:/gcc-arm-none-eabi-5_4-2016q3-20160926-win32/bin/../lib/gcc/arm-none-eabi/5.4.1/../../../../arm-none-eabi/lib/armv7e-m\libstdc++.a(eh_personality.o)
 .text._ZL21base_of_encoded_valuehP15_Unwind_Context
                0x080165d0       0x4c d:/gcc-arm-none-eabi-5_4-2016q3-20160926-win32/bin/../lib/gcc/arm-none-eabi/5.4.1/../../../../arm-none-eabi/lib/armv7e-m\libstdc++.a(eh_personality.o)
 .text._ZL17parse_lsda_headerP15_Unwind_ContextPKhP16lsda_header_info
                0x0801661c       0x98 d:/gcc-arm-none-eabi-5_4-2016q3-20160926-win32/bin/../lib/gcc/arm-none-eabi/5.4.1/../../../../arm-none-eabi/lib/armv7e-m\libstdc++.a(eh_personality.o)
 .text.__gxx_personality_v0
                0x080166b4      0x4b4 d:/gcc-arm-none-eabi-5_4-2016q3-20160926-win32/bin/../lib/gcc/arm-none-eabi/5.4.1/../../../../arm-none-eabi/lib/armv7e-m\libstdc++.a(eh_personality.o)
                0x080166b4                __gxx_personality_v0
 .text._ZN10__cxxabiv121__vmi_class_type_infoD2Ev
                0x08016b68       0x14 d:/gcc-arm-none-eabi-5_4-2016q3-20160926-win32/bin/../lib/gcc/arm-none-eabi/5.4.1/../../../../arm-none-eabi/lib/armv7e-m\libstdc++.a(vmi_class_type_info.o)
                0x08016b68                __cxxabiv1::__vmi_class_type_info::~__vmi_class_type_info()
                0x08016b68                __cxxabiv1::__vmi_class_type_info::~__vmi_class_type_info()
 .text._ZN10__cxxabiv121__vmi_class_type_infoD0Ev
                0x08016b7c       0x1c d:/gcc-arm-none-eabi-5_4-2016q3-20160926-win32/bin/../lib/gcc/arm-none-eabi/5.4.1/../../../../arm-none-eabi/lib/armv7e-m\libstdc++.a(vmi_class_type_info.o)
                0x08016b7c                __cxxabiv1::__vmi_class_type_info::~__vmi_class_type_info()
 .text._ZNK10__cxxabiv121__vmi_class_type_info20__do_find_public_srcEiPKvPKNS_17__class_type_infoES2_
                0x08016b98       0x80 d:/gcc-arm-none-eabi-5_4-2016q3-20160926-win32/bin/../lib/gcc/arm-none-eabi/5.4.1/../../../../arm-none-eabi/lib/armv7e-m\libstdc++.a(vmi_class_type_info.o)
                0x08016b98                __cxxabiv1::__vmi_class_type_info::__do_find_public_src(int, void const*, __cxxabiv1::__class_type_info const*, void const*) const
 .text._ZNK10__cxxabiv121__vmi_class_type_info12__do_dyncastEiNS_17__class_type_info10__sub_kindEPKS1_PKvS4_S6_RNS1_16__dyncast_resultE
                0x08016c18      0x390 d:/gcc-arm-none-eabi-5_4-2016q3-20160926-win32/bin/../lib/gcc/arm-none-eabi/5.4.1/../../../../arm-none-eabi/lib/armv7e-m\libstdc++.a(vmi_class_type_info.o)
                0x08016c18                __cxxabiv1::__vmi_class_type_info::__do_dyncast(int, __cxxabiv1::__class_type_info::__sub_kind, __cxxabiv1::__class_type_info const*, void const*, __cxxabiv1::__class_type_info const*, void const*, __cxxabiv1::__class_type_info::__dyncast_result&) const
 .text._ZNK10__cxxabiv121__vmi_class_type_info11__do_upcastEPKNS_17__class_type_infoEPKvRNS1_15__upcast_resultE
                0x08016fa8      0x150 d:/gcc-arm-none-eabi-5_4-2016q3-20160926-win32/bin/../lib/gcc/arm-none-eabi/5.4.1/../../../../arm-none-eabi/lib/armv7e-m\libstdc++.a(vmi_class_type_info.o)
                0x08016fa8                __cxxabiv1::__vmi_class_type_info::__do_upcast(__cxxabiv1::__class_type_info const*, void const*, __cxxabiv1::__class_type_info::__upcast_result&) const
 .text.__cxa_get_globals_fast
                0x080170f8        0x8 d:/gcc-arm-none-eabi-5_4-2016q3-20160926-win32/bin/../lib/gcc/arm-none-eabi/5.4.1/../../../../arm-none-eabi/lib/armv7e-m\libstdc++.a(eh_globals.o)
                0x080170f8                __cxa_get_globals_fast
 .text.__cxa_get_globals
                0x08017100        0x8 d:/gcc-arm-none-eabi-5_4-2016q3-20160926-win32/bin/../lib/gcc/arm-none-eabi/5.4.1/../../../../arm-none-eabi/lib/armv7e-m\libstdc++.a(eh_globals.o)
                0x08017100                __cxa_get_globals
 .text._ZNSt13bad_exceptionD2Ev
                0x08017108        0x4 d:/gcc-arm-none-eabi-5_4-2016q3-20160926-win32/bin/../lib/gcc/arm-none-eabi/5.4.1/../../../../arm-none-eabi/lib/armv7e-m\libstdc++.a(eh_exception.o)
                0x08017108                std::bad_exception::~bad_exception()
                0x08017108                std::bad_exception::~bad_exception()
 .text._ZNKSt13bad_exception4whatEv
                0x0801710c        0x8 d:/gcc-arm-none-eabi-5_4-2016q3-20160926-win32/bin/../lib/gcc/arm-none-eabi/5.4.1/../../../../arm-none-eabi/lib/armv7e-m\libstdc++.a(eh_exception.o)
                0x0801710c                std::bad_exception::what() const
 .text._ZNSt13bad_exceptionD0Ev
                0x08017114        0xc d:/gcc-arm-none-eabi-5_4-2016q3-20160926-win32/bin/../lib/gcc/arm-none-eabi/5.4.1/../../../../arm-none-eabi/lib/armv7e-m\libstdc++.a(eh_exception.o)
                0x08017114                std::bad_exception::~bad_exception()
 .text._ZN10__cxxabiv111__terminateEPFvvE
                0x08017120       0x28 d:/gcc-arm-none-eabi-5_4-2016q3-20160926-win32/bin/../lib/gcc/arm-none-eabi/5.4.1/../../../../arm-none-eabi/lib/armv7e-m\libstdc++.a(eh_terminate.o)
                0x08017120                __cxxabiv1::__terminate(void (*)())
 .text._ZSt9terminatev
                0x08017148       0x14 d:/gcc-arm-none-eabi-5_4-2016q3-20160926-win32/bin/../lib/gcc/arm-none-eabi/5.4.1/../../../../arm-none-eabi/lib/armv7e-m\libstdc++.a(eh_terminate.o)
                0x08017148                std::terminate()
 .text._ZN10__cxxabiv112__unexpectedEPFvvE
                0x0801715c        0x8 d:/gcc-arm-none-eabi-5_4-2016q3-20160926-win32/bin/../lib/gcc/arm-none-eabi/5.4.1/../../../../arm-none-eabi/lib/armv7e-m\libstdc++.a(eh_terminate.o)
                0x0801715c                __cxxabiv1::__unexpected(void (*)())
 .text._ZSt10unexpectedv
                0x08017164       0x14 d:/gcc-arm-none-eabi-5_4-2016q3-20160926-win32/bin/../lib/gcc/arm-none-eabi/5.4.1/../../../../arm-none-eabi/lib/armv7e-m\libstdc++.a(eh_terminate.o)
                0x08017164                std::unexpected()
 .text._ZSt13get_terminatev
                0x08017178       0x10 d:/gcc-arm-none-eabi-5_4-2016q3-20160926-win32/bin/../lib/gcc/arm-none-eabi/5.4.1/../../../../arm-none-eabi/lib/armv7e-m\libstdc++.a(eh_terminate.o)
                0x08017178                std::get_terminate()
 .text._ZSt14get_unexpectedv
                0x08017188       0x10 d:/gcc-arm-none-eabi-5_4-2016q3-20160926-win32/bin/../lib/gcc/arm-none-eabi/5.4.1/../../../../arm-none-eabi/lib/armv7e-m\libstdc++.a(eh_terminate.o)
                0x08017188                std::get_unexpected()
 .text._ZNSt9type_infoD2Ev
                0x08017198        0x4 d:/gcc-arm-none-eabi-5_4-2016q3-20160926-win32/bin/../lib/gcc/arm-none-eabi/5.4.1/../../../../arm-none-eabi/lib/armv7e-m\libstdc++.a(tinfo.o)
                0x08017198                std::type_info::~type_info()
                0x08017198                std::type_info::~type_info()
 .text._ZNKSt9type_info15__is_function_pEv
                0x0801719c        0x4 d:/gcc-arm-none-eabi-5_4-2016q3-20160926-win32/bin/../lib/gcc/arm-none-eabi/5.4.1/../../../../arm-none-eabi/lib/armv7e-m\libstdc++.a(tinfo.o)
                0x0801719c                std::type_info::__is_pointer_p() const
                0x0801719c                std::type_info::__is_function_p() const
 .text._ZNKSt9type_infoeqERKS_
                0x080171a0       0x2c d:/gcc-arm-none-eabi-5_4-2016q3-20160926-win32/bin/../lib/gcc/arm-none-eabi/5.4.1/../../../../arm-none-eabi/lib/armv7e-m\libstdc++.a(tinfo.o)
                0x080171a0                std::type_info::operator==(std::type_info const&) const
 .text._ZN12_GLOBAL__N_14pool4freeEPv.constprop.4
                0x080171cc       0x74 d:/gcc-arm-none-eabi-5_4-2016q3-20160926-win32/bin/../lib/gcc/arm-none-eabi/5.4.1/../../../../arm-none-eabi/lib/armv7e-m\libstdc++.a(eh_alloc.o)
 .text._ZN12_GLOBAL__N_14pool8allocateEj.constprop.5
                0x08017240       0x64 d:/gcc-arm-none-eabi-5_4-2016q3-20160926-win32/bin/../lib/gcc/arm-none-eabi/5.4.1/../../../../arm-none-eabi/lib/armv7e-m\libstdc++.a(eh_alloc.o)
 .text.__cxa_allocate_exception
                0x080172a4       0x30 d:/gcc-arm-none-eabi-5_4-2016q3-20160926-win32/bin/../lib/gcc/arm-none-eabi/5.4.1/../../../../arm-none-eabi/lib/armv7e-m\libstdc++.a(eh_alloc.o)
                0x080172a4                __cxa_allocate_exception
 .text.__cxa_free_exception
                0x080172d4       0x20 d:/gcc-arm-none-eabi-5_4-2016q3-20160926-win32/bin/../lib/gcc/arm-none-eabi/5.4.1/../../../../arm-none-eabi/lib/armv7e-m\libstdc++.a(eh_alloc.o)
                0x080172d4                __cxa_free_exception
 .text.startup._GLOBAL__sub_I___cxa_allocate_exception
                0x080172f4       0x28 d:/gcc-arm-none-eabi-5_4-2016q3-20160926-win32/bin/../lib/gcc/arm-none-eabi/5.4.1/../../../../arm-none-eabi/lib/armv7e-m\libstdc++.a(eh_alloc.o)
 .text.__cxa_end_cleanup
                0x0801731c        0xc d:/gcc-arm-none-eabi-5_4-2016q3-20160926-win32/bin/../lib/gcc/arm-none-eabi/5.4.1/../../../../arm-none-eabi/lib/armv7e-m\libstdc++.a(eh_arm.o)
                0x0801731c                __cxa_end_cleanup
 .text.__cxa_type_match
                0x08017328       0xb0 d:/gcc-arm-none-eabi-5_4-2016q3-20160926-win32/bin/../lib/gcc/arm-none-eabi/5.4.1/../../../../arm-none-eabi/lib/armv7e-m\libstdc++.a(eh_arm.o)
                0x08017328                __cxa_type_match
 .text.__cxa_begin_cleanup
                0x080173d8       0x64 d:/gcc-arm-none-eabi-5_4-2016q3-20160926-win32/bin/../lib/gcc/arm-none-eabi/5.4.1/../../../../arm-none-eabi/lib/armv7e-m\libstdc++.a(eh_arm.o)
                0x080173d8                __cxa_begin_cleanup
 .text.__gnu_end_cleanup
                0x0801743c       0x70 d:/gcc-arm-none-eabi-5_4-2016q3-20160926-win32/bin/../lib/gcc/arm-none-eabi/5.4.1/../../../../arm-none-eabi/lib/armv7e-m\libstdc++.a(eh_arm.o)
                0x0801743c                __gnu_end_cleanup
 .text._ZNK10__cxxabiv117__class_type_info11__do_upcastEPKS0_PPv
                0x080174ac       0x38 d:/gcc-arm-none-eabi-5_4-2016q3-20160926-win32/bin/../lib/gcc/arm-none-eabi/5.4.1/../../../../arm-none-eabi/lib/armv7e-m\libstdc++.a(class_type_info.o)
                0x080174ac                __cxxabiv1::__class_type_info::__do_upcast(__cxxabiv1::__class_type_info const*, void**) const
 .text._ZNK10__cxxabiv117__class_type_info20__do_find_public_srcEiPKvPKS0_S2_
                0x080174e4        0xc d:/gcc-arm-none-eabi-5_4-2016q3-20160926-win32/bin/../lib/gcc/arm-none-eabi/5.4.1/../../../../arm-none-eabi/lib/armv7e-m\libstdc++.a(class_type_info.o)
                0x080174e4                __cxxabiv1::__class_type_info::__do_find_public_src(int, void const*, __cxxabiv1::__class_type_info const*, void const*) const
 .text._ZN10__cxxabiv117__class_type_infoD2Ev
                0x080174f0       0x14 d:/gcc-arm-none-eabi-5_4-2016q3-20160926-win32/bin/../lib/gcc/arm-none-eabi/5.4.1/../../../../arm-none-eabi/lib/armv7e-m\libstdc++.a(class_type_info.o)
                0x080174f0                __cxxabiv1::__class_type_info::~__class_type_info()
                0x080174f0                __cxxabiv1::__class_type_info::~__class_type_info()
 .text._ZN10__cxxabiv117__class_type_infoD0Ev
                0x08017504       0x1c d:/gcc-arm-none-eabi-5_4-2016q3-20160926-win32/bin/../lib/gcc/arm-none-eabi/5.4.1/../../../../arm-none-eabi/lib/armv7e-m\libstdc++.a(class_type_info.o)
                0x08017504                __cxxabiv1::__class_type_info::~__class_type_info()
 .text._ZNK10__cxxabiv117__class_type_info11__do_upcastEPKS0_PKvRNS0_15__upcast_resultE
                0x08017520       0x18 d:/gcc-arm-none-eabi-5_4-2016q3-20160926-win32/bin/../lib/gcc/arm-none-eabi/5.4.1/../../../../arm-none-eabi/lib/armv7e-m\libstdc++.a(class_type_info.o)
                0x08017520                __cxxabiv1::__class_type_info::__do_upcast(__cxxabiv1::__class_type_info const*, void const*, __cxxabiv1::__class_type_info::__upcast_result&) const
 .text._ZNK10__cxxabiv117__class_type_info12__do_dyncastEiNS0_10__sub_kindEPKS0_PKvS3_S5_RNS0_16__dyncast_resultE
                0x08017538       0x40 d:/gcc-arm-none-eabi-5_4-2016q3-20160926-win32/bin/../lib/gcc/arm-none-eabi/5.4.1/../../../../arm-none-eabi/lib/armv7e-m\libstdc++.a(class_type_info.o)
                0x08017538                __cxxabiv1::__class_type_info::__do_dyncast(int, __cxxabiv1::__class_type_info::__sub_kind, __cxxabiv1::__class_type_info const*, void const*, __cxxabiv1::__class_type_info const*, void const*, __cxxabiv1::__class_type_info::__dyncast_result&) const
 .text._ZNK10__cxxabiv117__class_type_info10__do_catchEPKSt9type_infoPPvj
                0x08017578       0x2c d:/gcc-arm-none-eabi-5_4-2016q3-20160926-win32/bin/../lib/gcc/arm-none-eabi/5.4.1/../../../../arm-none-eabi/lib/armv7e-m\libstdc++.a(class_type_info.o)
                0x08017578                __cxxabiv1::__class_type_info::__do_catch(std::type_info const*, void**, unsigned int) const
 .text.__cxa_pure_virtual
                0x080175a4       0x14 d:/gcc-arm-none-eabi-5_4-2016q3-20160926-win32/bin/../lib/gcc/arm-none-eabi/5.4.1/../../../../arm-none-eabi/lib/armv7e-m\libstdc++.a(pure.o)
                0x080175a4                __cxa_pure_virtual
 .text._ZN9__gnu_cxx27__verbose_terminate_handlerEv
                0x080175b8      0x114 d:/gcc-arm-none-eabi-5_4-2016q3-20160926-win32/bin/../lib/gcc/arm-none-eabi/5.4.1/../../../../arm-none-eabi/lib/armv7e-m\libstdc++.a(vterminate.o)
                0x080175b8                __gnu_cxx::__verbose_terminate_handler()
 .text          0x080176cc     0x6100 d:/gcc-arm-none-eabi-5_4-2016q3-20160926-win32/bin/../lib/gcc/arm-none-eabi/5.4.1/../../../../arm-none-eabi/lib/armv7e-m\libstdc++.a(cp-demangle.o)
                0x0801d6ec                __cxa_demangle
                0x0801d7a8                __gcclibcxx_demangle_callback
 .text.__cxa_current_exception_type
                0x0801d7cc       0x1c d:/gcc-arm-none-eabi-5_4-2016q3-20160926-win32/bin/../lib/gcc/arm-none-eabi/5.4.1/../../../../arm-none-eabi/lib/armv7e-m\libstdc++.a(eh_type.o)
                0x0801d7cc                __cxa_current_exception_type
 .text.abort    0x0801d7e8       0x10 d:/gcc-arm-none-eabi-5_4-2016q3-20160926-win32/bin/../lib/gcc/arm-none-eabi/5.4.1/../../../../arm-none-eabi/lib/armv7e-m\libc.a(lib_a-abort.o)
                0x0801d7e8                abort
 .text.__cxa_atexit
                0x0801d7f8        0xc d:/gcc-arm-none-eabi-5_4-2016q3-20160926-win32/bin/../lib/gcc/arm-none-eabi/5.4.1/../../../../arm-none-eabi/lib/armv7e-m\libc.a(lib_a-cxa_atexit.o)
                0x0801d7f8                __cxa_atexit
 .text.__errno  0x0801d804        0xc d:/gcc-arm-none-eabi-5_4-2016q3-20160926-win32/bin/../lib/gcc/arm-none-eabi/5.4.1/../../../../arm-none-eabi/lib/armv7e-m\libc.a(lib_a-errno.o)
                0x0801d804                __errno
 .text._fclose_r
                0x0801d810       0x84 d:/gcc-arm-none-eabi-5_4-2016q3-20160926-win32/bin/../lib/gcc/arm-none-eabi/5.4.1/../../../../arm-none-eabi/lib/armv7e-m\libc.a(lib_a-fclose.o)
                0x0801d810                _fclose_r
 .text.fclose   0x0801d894       0x10 d:/gcc-arm-none-eabi-5_4-2016q3-20160926-win32/bin/../lib/gcc/arm-none-eabi/5.4.1/../../../../arm-none-eabi/lib/armv7e-m\libc.a(lib_a-fclose.o)
                0x0801d894                fclose
 .text.__sflush_r
                0x0801d8a4      0x148 d:/gcc-arm-none-eabi-5_4-2016q3-20160926-win32/bin/../lib/gcc/arm-none-eabi/5.4.1/../../../../arm-none-eabi/lib/armv7e-m\libc.a(lib_a-fflush.o)
                0x0801d8a4                __sflush_r
 .text._fflush_r
                0x0801d9ec       0x2c d:/gcc-arm-none-eabi-5_4-2016q3-20160926-win32/bin/../lib/gcc/arm-none-eabi/5.4.1/../../../../arm-none-eabi/lib/armv7e-m\libc.a(lib_a-fflush.o)
                0x0801d9ec                _fflush_r
 .text.fflush   0x0801da18       0x24 d:/gcc-arm-none-eabi-5_4-2016q3-20160926-win32/bin/../lib/gcc/arm-none-eabi/5.4.1/../../../../arm-none-eabi/lib/armv7e-m\libc.a(lib_a-fflush.o)
                0x0801da18                fflush
 .text.fgetc    0x0801da3c       0x3c d:/gcc-arm-none-eabi-5_4-2016q3-20160926-win32/bin/../lib/gcc/arm-none-eabi/5.4.1/../../../../arm-none-eabi/lib/armv7e-m\libc.a(lib_a-fgetc.o)
                0x0801da3c                fgetc
 .text._fgets_r
                0x0801da78       0xa4 d:/gcc-arm-none-eabi-5_4-2016q3-20160926-win32/bin/../lib/gcc/arm-none-eabi/5.4.1/../../../../arm-none-eabi/lib/armv7e-m\libc.a(lib_a-fgets.o)
                0x0801da78                _fgets_r
 .text.fgets    0x0801db1c       0x18 d:/gcc-arm-none-eabi-5_4-2016q3-20160926-win32/bin/../lib/gcc/arm-none-eabi/5.4.1/../../../../arm-none-eabi/lib/armv7e-m\libc.a(lib_a-fgets.o)
                0x0801db1c                fgets
 .text._cleanup_r
                0x0801db34        0xc d:/gcc-arm-none-eabi-5_4-2016q3-20160926-win32/bin/../lib/gcc/arm-none-eabi/5.4.1/../../../../arm-none-eabi/lib/armv7e-m\libc.a(lib_a-findfp.o)
                0x0801db34                _cleanup_r
 .text.__sinit.part.1
                0x0801db40       0xf0 d:/gcc-arm-none-eabi-5_4-2016q3-20160926-win32/bin/../lib/gcc/arm-none-eabi/5.4.1/../../../../arm-none-eabi/lib/armv7e-m\libc.a(lib_a-findfp.o)
 .text.__sfmoreglue
                0x0801dc30       0x30 d:/gcc-arm-none-eabi-5_4-2016q3-20160926-win32/bin/../lib/gcc/arm-none-eabi/5.4.1/../../../../arm-none-eabi/lib/armv7e-m\libc.a(lib_a-findfp.o)
                0x0801dc30                __sfmoreglue
 .text.__sfp    0x0801dc60       0x88 d:/gcc-arm-none-eabi-5_4-2016q3-20160926-win32/bin/../lib/gcc/arm-none-eabi/5.4.1/../../../../arm-none-eabi/lib/armv7e-m\libc.a(lib_a-findfp.o)
                0x0801dc60                __sfp
 .text.__sinit  0x0801dce8        0xc d:/gcc-arm-none-eabi-5_4-2016q3-20160926-win32/bin/../lib/gcc/arm-none-eabi/5.4.1/../../../../arm-none-eabi/lib/armv7e-m\libc.a(lib_a-findfp.o)
                0x0801dce8                __sinit
 .text.__sfp_lock_acquire
                0x0801dcf4        0x4 d:/gcc-arm-none-eabi-5_4-2016q3-20160926-win32/bin/../lib/gcc/arm-none-eabi/5.4.1/../../../../arm-none-eabi/lib/armv7e-m\libc.a(lib_a-findfp.o)
                0x0801dcf4                __sfp_lock_acquire
 .text.__sfp_lock_release
                0x0801dcf8        0x4 d:/gcc-arm-none-eabi-5_4-2016q3-20160926-win32/bin/../lib/gcc/arm-none-eabi/5.4.1/../../../../arm-none-eabi/lib/armv7e-m\libc.a(lib_a-findfp.o)
                0x0801dcf8                __sfp_lock_release
 .text._fopen_r
                0x0801dcfc       0x8c d:/gcc-arm-none-eabi-5_4-2016q3-20160926-win32/bin/../lib/gcc/arm-none-eabi/5.4.1/../../../../arm-none-eabi/lib/armv7e-m\libc.a(lib_a-fopen.o)
                0x0801dcfc                _fopen_r
 .text.fopen    0x0801dd88       0x10 d:/gcc-arm-none-eabi-5_4-2016q3-20160926-win32/bin/../lib/gcc/arm-none-eabi/5.4.1/../../../../arm-none-eabi/lib/armv7e-m\libc.a(lib_a-fopen.o)
                0x0801dd88                fopen
 .text.fputc    0x0801dd98       0x28 d:/gcc-arm-none-eabi-5_4-2016q3-20160926-win32/bin/../lib/gcc/arm-none-eabi/5.4.1/../../../../arm-none-eabi/lib/armv7e-m\libc.a(lib_a-fputc.o)
                0x0801dd98                fputc
 .text._fputs_r
                0x0801ddc0       0x50 d:/gcc-arm-none-eabi-5_4-2016q3-20160926-win32/bin/../lib/gcc/arm-none-eabi/5.4.1/../../../../arm-none-eabi/lib/armv7e-m\libc.a(lib_a-fputs.o)
                0x0801ddc0                _fputs_r
 .text.fputs    0x0801de10       0x10 d:/gcc-arm-none-eabi-5_4-2016q3-20160926-win32/bin/../lib/gcc/arm-none-eabi/5.4.1/../../../../arm-none-eabi/lib/armv7e-m\libc.a(lib_a-fputs.o)
                0x0801de10                fputs
 .text._malloc_trim_r
                0x0801de20       0x9c d:/gcc-arm-none-eabi-5_4-2016q3-20160926-win32/bin/../lib/gcc/arm-none-eabi/5.4.1/../../../../arm-none-eabi/lib/armv7e-m\libc.a(lib_a-freer.o)
                0x0801de20                _malloc_trim_r
 .text._free_r  0x0801debc      0x1d0 d:/gcc-arm-none-eabi-5_4-2016q3-20160926-win32/bin/../lib/gcc/arm-none-eabi/5.4.1/../../../../arm-none-eabi/lib/armv7e-m\libc.a(lib_a-freer.o)
                0x0801debc                _free_r
 .text._fseek_r
                0x0801e08c        0x4 d:/gcc-arm-none-eabi-5_4-2016q3-20160926-win32/bin/../lib/gcc/arm-none-eabi/5.4.1/../../../../arm-none-eabi/lib/armv7e-m\libc.a(lib_a-fseek.o)
                0x0801e08c                _fseek_r
 .text._fseeko_r
                0x0801e090      0x2c0 d:/gcc-arm-none-eabi-5_4-2016q3-20160926-win32/bin/../lib/gcc/arm-none-eabi/5.4.1/../../../../arm-none-eabi/lib/armv7e-m\libc.a(lib_a-fseeko.o)
                0x0801e090                _fseeko_r
 .text._fstat_r
                0x0801e350       0x28 d:/gcc-arm-none-eabi-5_4-2016q3-20160926-win32/bin/../lib/gcc/arm-none-eabi/5.4.1/../../../../arm-none-eabi/lib/armv7e-m\libc.a(lib_a-fstatr.o)
                0x0801e350                _fstat_r
 .text.__sfvwrite_r
                0x0801e378      0x304 d:/gcc-arm-none-eabi-5_4-2016q3-20160926-win32/bin/../lib/gcc/arm-none-eabi/5.4.1/../../../../arm-none-eabi/lib/armv7e-m\libc.a(lib_a-fvwrite.o)
                0x0801e378                __sfvwrite_r
 .text._fwalk   0x0801e67c       0x4c d:/gcc-arm-none-eabi-5_4-2016q3-20160926-win32/bin/../lib/gcc/arm-none-eabi/5.4.1/../../../../arm-none-eabi/lib/armv7e-m\libc.a(lib_a-fwalk.o)
                0x0801e67c                _fwalk
 .text._fwalk_reent
                0x0801e6c8       0x54 d:/gcc-arm-none-eabi-5_4-2016q3-20160926-win32/bin/../lib/gcc/arm-none-eabi/5.4.1/../../../../arm-none-eabi/lib/armv7e-m\libc.a(lib_a-fwalk.o)
                0x0801e6c8                _fwalk_reent
 .text._fwrite_r
                0x0801e71c       0x64 d:/gcc-arm-none-eabi-5_4-2016q3-20160926-win32/bin/../lib/gcc/arm-none-eabi/5.4.1/../../../../arm-none-eabi/lib/armv7e-m\libc.a(lib_a-fwrite.o)
                0x0801e71c                _fwrite_r
 .text.fwrite   0x0801e780       0x20 d:/gcc-arm-none-eabi-5_4-2016q3-20160926-win32/bin/../lib/gcc/arm-none-eabi/5.4.1/../../../../arm-none-eabi/lib/armv7e-m\libc.a(lib_a-fwrite.o)
                0x0801e780                fwrite
 .text.__libc_init_array
                0x0801e7a0       0x50 d:/gcc-arm-none-eabi-5_4-2016q3-20160926-win32/bin/../lib/gcc/arm-none-eabi/5.4.1/../../../../arm-none-eabi/lib/armv7e-m\libc.a(lib_a-init.o)
                0x0801e7a0                __libc_init_array
 .text.__swhatbuf_r
                0x0801e7f0       0x60 d:/gcc-arm-none-eabi-5_4-2016q3-20160926-win32/bin/../lib/gcc/arm-none-eabi/5.4.1/../../../../arm-none-eabi/lib/armv7e-m\libc.a(lib_a-makebuf.o)
                0x0801e7f0                __swhatbuf_r
 .text.__smakebuf_r
                0x0801e850       0x88 d:/gcc-arm-none-eabi-5_4-2016q3-20160926-win32/bin/../lib/gcc/arm-none-eabi/5.4.1/../../../../arm-none-eabi/lib/armv7e-m\libc.a(lib_a-makebuf.o)
                0x0801e850                __smakebuf_r
 .text.malloc   0x0801e8d8       0x10 d:/gcc-arm-none-eabi-5_4-2016q3-20160926-win32/bin/../lib/gcc/arm-none-eabi/5.4.1/../../../../arm-none-eabi/lib/armv7e-m\libc.a(lib_a-malloc.o)
                0x0801e8d8                malloc
 .text.free     0x0801e8e8       0x10 d:/gcc-arm-none-eabi-5_4-2016q3-20160926-win32/bin/../lib/gcc/arm-none-eabi/5.4.1/../../../../arm-none-eabi/lib/armv7e-m\libc.a(lib_a-malloc.o)
                0x0801e8e8                free
 .text._malloc_r
                0x0801e8f8      0x570 d:/gcc-arm-none-eabi-5_4-2016q3-20160926-win32/bin/../lib/gcc/arm-none-eabi/5.4.1/../../../../arm-none-eabi/lib/armv7e-m\libc.a(lib_a-mallocr.o)
                0x0801e8f8                _malloc_r
 *fill*         0x0801ee68        0x8 
 .text          0x0801ee70       0xa0 d:/gcc-arm-none-eabi-5_4-2016q3-20160926-win32/bin/../lib/gcc/arm-none-eabi/5.4.1/../../../../arm-none-eabi/lib/armv7e-m\libc.a(lib_a-memchr.o)
                0x0801ee70                memchr
 .text.memcmp   0x0801ef10       0x64 d:/gcc-arm-none-eabi-5_4-2016q3-20160926-win32/bin/../lib/gcc/arm-none-eabi/5.4.1/../../../../arm-none-eabi/lib/armv7e-m\libc.a(lib_a-memcmp.o)
                0x0801ef10                memcmp
 .text          0x0801ef74      0x134 d:/gcc-arm-none-eabi-5_4-2016q3-20160926-win32/bin/../lib/gcc/arm-none-eabi/5.4.1/../../../../arm-none-eabi/lib/armv7e-m\libc.a(lib_a-memcpy.o)
                0x0801ef74                memcpy
 .text.memmove  0x0801f0a8       0xc8 d:/gcc-arm-none-eabi-5_4-2016q3-20160926-win32/bin/../lib/gcc/arm-none-eabi/5.4.1/../../../../arm-none-eabi/lib/armv7e-m\libc.a(lib_a-memmove.o)
                0x0801f0a8                memmove
 .text.memset   0x0801f170       0x9c d:/gcc-arm-none-eabi-5_4-2016q3-20160926-win32/bin/../lib/gcc/arm-none-eabi/5.4.1/../../../../arm-none-eabi/lib/armv7e-m\libc.a(lib_a-memset.o)
                0x0801f170                memset
 .text._open_r  0x0801f20c       0x2c d:/gcc-arm-none-eabi-5_4-2016q3-20160926-win32/bin/../lib/gcc/arm-none-eabi/5.4.1/../../../../arm-none-eabi/lib/armv7e-m\libc.a(lib_a-openr.o)
                0x0801f20c                _open_r
 .text._putc_r  0x0801f238       0x44 d:/gcc-arm-none-eabi-5_4-2016q3-20160926-win32/bin/../lib/gcc/arm-none-eabi/5.4.1/../../../../arm-none-eabi/lib/armv7e-m\libc.a(lib_a-putc.o)
                0x0801f238                _putc_r
 .text.realloc  0x0801f27c       0x10 d:/gcc-arm-none-eabi-5_4-2016q3-20160926-win32/bin/../lib/gcc/arm-none-eabi/5.4.1/../../../../arm-none-eabi/lib/armv7e-m\libc.a(lib_a-realloc.o)
                0x0801f27c                realloc
 .text._realloc_r
                0x0801f28c      0x3e0 d:/gcc-arm-none-eabi-5_4-2016q3-20160926-win32/bin/../lib/gcc/arm-none-eabi/5.4.1/../../../../arm-none-eabi/lib/armv7e-m\libc.a(lib_a-reallocr.o)
                0x0801f28c                _realloc_r
 .text.lflush   0x0801f66c       0x14 d:/gcc-arm-none-eabi-5_4-2016q3-20160926-win32/bin/../lib/gcc/arm-none-eabi/5.4.1/../../../../arm-none-eabi/lib/armv7e-m\libc.a(lib_a-refill.o)
 .text.__srefill_r
                0x0801f680      0x114 d:/gcc-arm-none-eabi-5_4-2016q3-20160926-win32/bin/../lib/gcc/arm-none-eabi/5.4.1/../../../../arm-none-eabi/lib/armv7e-m\libc.a(lib_a-refill.o)
                0x0801f680                __srefill_r
 .text.__srget_r
                0x0801f794       0x34 d:/gcc-arm-none-eabi-5_4-2016q3-20160926-win32/bin/../lib/gcc/arm-none-eabi/5.4.1/../../../../arm-none-eabi/lib/armv7e-m\libc.a(lib_a-rget.o)
                0x0801f794                __srget_r
 .text._sbrk_r  0x0801f7c8       0x24 d:/gcc-arm-none-eabi-5_4-2016q3-20160926-win32/bin/../lib/gcc/arm-none-eabi/5.4.1/../../../../arm-none-eabi/lib/armv7e-m\libc.a(lib_a-sbrkr.o)
                0x0801f7c8                _sbrk_r
 .text.setbuf   0x0801f7ec       0x10 d:/gcc-arm-none-eabi-5_4-2016q3-20160926-win32/bin/../lib/gcc/arm-none-eabi/5.4.1/../../../../arm-none-eabi/lib/armv7e-m\libc.a(lib_a-setbuf.o)
                0x0801f7ec                setbuf
 .text.setvbuf  0x0801f7fc      0x150 d:/gcc-arm-none-eabi-5_4-2016q3-20160926-win32/bin/../lib/gcc/arm-none-eabi/5.4.1/../../../../arm-none-eabi/lib/armv7e-m\libc.a(lib_a-setvbuf.o)
                0x0801f7fc                setvbuf
 .text._raise_r
                0x0801f94c       0x58 d:/gcc-arm-none-eabi-5_4-2016q3-20160926-win32/bin/../lib/gcc/arm-none-eabi/5.4.1/../../../../arm-none-eabi/lib/armv7e-m\libc.a(lib_a-signal.o)
                0x0801f94c                _raise_r
 .text.raise    0x0801f9a4       0x10 d:/gcc-arm-none-eabi-5_4-2016q3-20160926-win32/bin/../lib/gcc/arm-none-eabi/5.4.1/../../../../arm-none-eabi/lib/armv7e-m\libc.a(lib_a-signal.o)
                0x0801f9a4                raise
 .text._kill_r  0x0801f9b4       0x28 d:/gcc-arm-none-eabi-5_4-2016q3-20160926-win32/bin/../lib/gcc/arm-none-eabi/5.4.1/../../../../arm-none-eabi/lib/armv7e-m\libc.a(lib_a-signalr.o)
                0x0801f9b4                _kill_r
 .text._getpid_r
                0x0801f9dc        0x4 d:/gcc-arm-none-eabi-5_4-2016q3-20160926-win32/bin/../lib/gcc/arm-none-eabi/5.4.1/../../../../arm-none-eabi/lib/armv7e-m\libc.a(lib_a-signalr.o)
                0x0801f9dc                _getpid_r
 .text.sprintf  0x0801f9e0       0x4c d:/gcc-arm-none-eabi-5_4-2016q3-20160926-win32/bin/../lib/gcc/arm-none-eabi/5.4.1/../../../../arm-none-eabi/lib/armv7e-m\libc.a(lib_a-sprintf.o)
                0x0801f9e0                sprintf
 .text.sscanf   0x0801fa2c       0x58 d:/gcc-arm-none-eabi-5_4-2016q3-20160926-win32/bin/../lib/gcc/arm-none-eabi/5.4.1/../../../../arm-none-eabi/lib/armv7e-m\libc.a(lib_a-sscanf.o)
                0x0801fa2c                sscanf
 .text.__sread  0x0801fa84       0x24 d:/gcc-arm-none-eabi-5_4-2016q3-20160926-win32/bin/../lib/gcc/arm-none-eabi/5.4.1/../../../../arm-none-eabi/lib/armv7e-m\libc.a(lib_a-stdio.o)
                0x0801fa84                __sread
 .text.__seofread
                0x0801faa8        0x4 d:/gcc-arm-none-eabi-5_4-2016q3-20160926-win32/bin/../lib/gcc/arm-none-eabi/5.4.1/../../../../arm-none-eabi/lib/armv7e-m\libc.a(lib_a-stdio.o)
                0x0801faa8                __seofread
 .text.__swrite
                0x0801faac       0x3c d:/gcc-arm-none-eabi-5_4-2016q3-20160926-win32/bin/../lib/gcc/arm-none-eabi/5.4.1/../../../../arm-none-eabi/lib/armv7e-m\libc.a(lib_a-stdio.o)
                0x0801faac                __swrite
 .text.__sseek  0x0801fae8       0x20 d:/gcc-arm-none-eabi-5_4-2016q3-20160926-win32/bin/../lib/gcc/arm-none-eabi/5.4.1/../../../../arm-none-eabi/lib/armv7e-m\libc.a(lib_a-stdio.o)
                0x0801fae8                __sseek
 .text.__sclose
                0x0801fb08        0x8 d:/gcc-arm-none-eabi-5_4-2016q3-20160926-win32/bin/../lib/gcc/arm-none-eabi/5.4.1/../../../../arm-none-eabi/lib/armv7e-m\libc.a(lib_a-stdio.o)
                0x0801fb08                __sclose
 *fill*         0x0801fb10       0x10 
 .text          0x0801fb20      0x2dc d:/gcc-arm-none-eabi-5_4-2016q3-20160926-win32/bin/../lib/gcc/arm-none-eabi/5.4.1/../../../../arm-none-eabi/lib/armv7e-m\libc.a(lib_a-strcmp.o)
                0x0801fb28                strcmp
 *fill*         0x0801fdfc        0x4 
 .text          0x0801fe00       0xdc d:/gcc-arm-none-eabi-5_4-2016q3-20160926-win32/bin/../lib/gcc/arm-none-eabi/5.4.1/../../../../arm-none-eabi/lib/armv7e-m\libc.a(lib_a-strlen.o)
                0x0801fe00                strlen